Copyright 1986-2022 Xilinx, Inc. All Rights Reserved. Copyright 2022-2025 Advanced Micro Devices, Inc. All Rights Reserved.
---------------------------------------------------------------------------------------------------------------------------------------------
| Tool Version : Vivado v.2024.2.2 (win64) Build 6060944 Thu Mar 06 19:10:01 MST 2025
| Date         : Tue Jun  2 10:35:57 2026
| Host         : ECE-MCU2-09 running 64-bit major release  (build 9200)
| Command      : report_control_sets -verbose -file alu_design_wrapper_control_sets_placed.rpt
| Design       : alu_design_wrapper
| Device       : xck26
---------------------------------------------------------------------------------------------------------------------------------------------

Control Set Information

Table of Contents
-----------------
1. Summary
2. Histogram
3. Flip-Flop Distribution
4. Detailed Control Set Information

1. Summary
----------

+----------------------------------------------------------+-------+
|                          Status                          | Count |
+----------------------------------------------------------+-------+
| Total control sets                                       |   160 |
|    Minimum number of control sets                        |   160 |
|    Addition due to synthesis replication                 |     0 |
|    Addition due to physical synthesis replication        |     0 |
| Unused register locations in slices containing registers |   233 |
+----------------------------------------------------------+-------+
* Control sets can be merged at opt_design using control_set_merge or merge_equivalent_drivers
** Run report_qor_suggestions for automated merging and remapping suggestions


2. Histogram
------------

+--------------------+-------+
|       Fanout       | Count |
+--------------------+-------+
| Total control sets |   160 |
| >= 0 to < 4        |    79 |
| >= 4 to < 6        |    26 |
| >= 6 to < 8        |     8 |
| >= 8 to < 10       |     6 |
| >= 10 to < 12      |     8 |
| >= 12 to < 14      |     4 |
| >= 14 to < 16      |     3 |
| >= 16              |    26 |
+--------------------+-------+
* Control sets can be remapped at either synth_design or opt_design


3. Flip-Flop Distribution
-------------------------

+--------------+-----------------------+------------------------+-----------------+--------------+
| Clock Enable | Synchronous Set/Reset | Asynchronous Set/Reset | Total Registers | Total Slices |
+--------------+-----------------------+------------------------+-----------------+--------------+
| No           | No                    | No                     |             315 |           81 |
| No           | No                    | Yes                    |             111 |           34 |
| No           | Yes                   | No                     |             465 |          146 |
| Yes          | No                    | No                     |             266 |           42 |
| Yes          | No                    | Yes                    |               0 |            0 |
| Yes          | Yes                   | No                     |             578 |          138 |
+--------------+-----------------------+------------------------+-----------------+--------------+


4. Detailed Control Set Information
-----------------------------------

+----------------------------------------------+---------------------------------------------------------------------------------------------------------------------------------------------------------------------------------+----------------------------------------------------------------------------------------------------------------------------------------------------------------------+------------------+----------------+--------------+
|                 Clock Signal                 |                                                                                  Enable Signal                                                                                  |                                                                           Set/Reset Signal                                                                           | Slice Load Count | Bel Load Count | Bels / Slice |
+----------------------------------------------+---------------------------------------------------------------------------------------------------------------------------------------------------------------------------------+----------------------------------------------------------------------------------------------------------------------------------------------------------------------+------------------+----------------+--------------+
|  alu_design_i/zynq_ultra_ps_e_0/inst/pl_clk0 |                                                                                                                                                                                 | alu_design_i/axi_smc/inst/m03_nodes/m03_r_node/inst/s_sc_areset_pipe                                                                                                 |                1 |              1 |         1.00 |
|  alu_design_i/zynq_ultra_ps_e_0/inst/pl_clk0 |                                                                                                                                                                                 | alu_design_i/axi_smc/inst/m02_nodes/m02_w_node/inst/s_sc_areset_pipe                                                                                                 |                1 |              1 |         1.00 |
|  alu_design_i/zynq_ultra_ps_e_0/inst/pl_clk0 | alu_design_i/result/U0/AXI_LITE_IPIF_I/I_SLAVE_ATTACHMENT/s_axi_rresp_i                                                                                                         | alu_design_i/op/U0/AXI_LITE_IPIF_I/I_SLAVE_ATTACHMENT/SR[0]                                                                                                          |                1 |              1 |         1.00 |
|  alu_design_i/zynq_ultra_ps_e_0/inst/pl_clk0 |                                                                                                                                                                                 | alu_design_i/axi_smc/inst/s00_nodes/s00_aw_node/inst/s_sc_areset_pipe                                                                                                |                1 |              1 |         1.00 |
|  alu_design_i/zynq_ultra_ps_e_0/inst/pl_clk0 |                                                                                                                                                                                 | alu_design_i/axi_smc/inst/s00_nodes/s00_b_node/inst/s_sc_areset_pipe                                                                                                 |                1 |              1 |         1.00 |
|  alu_design_i/zynq_ultra_ps_e_0/inst/pl_clk0 |                                                                                                                                                                                 | alu_design_i/axi_smc/inst/s00_nodes/s00_r_node/inst/s_sc_areset_pipe                                                                                                 |                1 |              1 |         1.00 |
|  alu_design_i/zynq_ultra_ps_e_0/inst/pl_clk0 |                                                                                                                                                                                 | alu_design_i/axi_smc/inst/s00_nodes/s00_w_node/inst/s_sc_areset_pipe                                                                                                 |                1 |              1 |         1.00 |
|  alu_design_i/zynq_ultra_ps_e_0/inst/pl_clk0 |                                                                                                                                                                                 | alu_design_i/axi_smc/inst/m01_nodes/m01_r_node/inst/s_sc_areset_pipe                                                                                                 |                1 |              1 |         1.00 |
|  alu_design_i/zynq_ultra_ps_e_0/inst/pl_clk0 |                                                                                                                                                                                 | alu_design_i/axi_smc/inst/m01_nodes/m01_w_node/inst/s_sc_areset_pipe                                                                                                 |                1 |              1 |         1.00 |
|  alu_design_i/zynq_ultra_ps_e_0/inst/pl_clk0 |                                                                                                                                                                                 | alu_design_i/axi_smc/inst/m03_nodes/m03_aw_node/inst/s_sc_areset_pipe                                                                                                |                1 |              1 |         1.00 |
|  alu_design_i/zynq_ultra_ps_e_0/inst/pl_clk0 |                                                                                                                                                                                 | alu_design_i/axi_smc/inst/s00_nodes/s00_ar_node/inst/s_sc_areset_pipe                                                                                                |                1 |              1 |         1.00 |
|  alu_design_i/zynq_ultra_ps_e_0/inst/pl_clk0 |                                                                                                                                                                                 | alu_design_i/axi_smc/inst/switchboards/i_nodes/i_ar_node/inst/s_sc_areset_pipe                                                                                       |                1 |              1 |         1.00 |
|  alu_design_i/zynq_ultra_ps_e_0/inst/pl_clk0 |                                                                                                                                                                                 | alu_design_i/axi_smc/inst/m00_nodes/m00_aw_node/inst/s_sc_areset_pipe                                                                                                |                1 |              1 |         1.00 |
|  alu_design_i/zynq_ultra_ps_e_0/inst/pl_clk0 |                                                                                                                                                                                 | alu_design_i/axi_smc/inst/m00_nodes/m00_w_node/inst/s_sc_areset_pipe                                                                                                 |                1 |              1 |         1.00 |
|  alu_design_i/zynq_ultra_ps_e_0/inst/pl_clk0 |                                                                                                                                                                                 | alu_design_i/axi_smc/inst/m01_nodes/m01_ar_node/inst/s_sc_areset_pipe                                                                                                |                1 |              1 |         1.00 |
|  alu_design_i/zynq_ultra_ps_e_0/inst/pl_clk0 |                                                                                                                                                                                 | alu_design_i/axi_smc/inst/m01_nodes/m01_aw_node/inst/s_sc_areset_pipe                                                                                                |                1 |              1 |         1.00 |
|  alu_design_i/zynq_ultra_ps_e_0/inst/pl_clk0 |                                                                                                                                                                                 | alu_design_i/axi_smc/inst/m00_nodes/m00_r_node/inst/s_sc_areset_pipe                                                                                                 |                1 |              1 |         1.00 |
|  alu_design_i/zynq_ultra_ps_e_0/inst/pl_clk0 |                                                                                                                                                                                 | alu_design_i/axi_smc/inst/m03_nodes/m03_ar_node/inst/s_sc_areset_pipe                                                                                                |                1 |              1 |         1.00 |
|  alu_design_i/zynq_ultra_ps_e_0/inst/pl_clk0 |                                                                                                                                                                                 | alu_design_i/axi_smc/inst/m01_nodes/m01_b_node/inst/s_sc_areset_pipe                                                                                                 |                1 |              1 |         1.00 |
|  alu_design_i/zynq_ultra_ps_e_0/inst/pl_clk0 |                                                                                                                                                                                 | alu_design_i/axi_smc/inst/m03_nodes/m03_b_node/inst/s_sc_areset_pipe                                                                                                 |                1 |              1 |         1.00 |
|  alu_design_i/zynq_ultra_ps_e_0/inst/pl_clk0 |                                                                                                                                                                                 | alu_design_i/axi_smc/inst/m00_nodes/m00_b_node/inst/s_sc_areset_pipe                                                                                                 |                1 |              1 |         1.00 |
|  alu_design_i/zynq_ultra_ps_e_0/inst/pl_clk0 |                                                                                                                                                                                 | alu_design_i/axi_smc/inst/m03_nodes/m03_w_node/inst/s_sc_areset_pipe                                                                                                 |                1 |              1 |         1.00 |
|  alu_design_i/zynq_ultra_ps_e_0/inst/pl_clk0 |                                                                                                                                                                                 | alu_design_i/axi_smc/inst/m02_nodes/m02_b_node/inst/s_sc_areset_pipe                                                                                                 |                1 |              1 |         1.00 |
|  alu_design_i/zynq_ultra_ps_e_0/inst/pl_clk0 |                                                                                                                                                                                 | alu_design_i/axi_smc/inst/m02_nodes/m02_r_node/inst/s_sc_areset_pipe                                                                                                 |                1 |              1 |         1.00 |
|  alu_design_i/zynq_ultra_ps_e_0/inst/pl_clk0 |                                                                                                                                                                                 | alu_design_i/axi_smc/inst/switchboards/i_nodes/i_aw_node/inst/s_sc_areset_pipe                                                                                       |                1 |              1 |         1.00 |
|  alu_design_i/zynq_ultra_ps_e_0/inst/pl_clk0 |                                                                                                                                                                                 | alu_design_i/axi_smc/inst/switchboards/i_nodes/i_b_node/inst/s_sc_areset_pipe                                                                                        |                1 |              1 |         1.00 |
|  alu_design_i/zynq_ultra_ps_e_0/inst/pl_clk0 |                                                                                                                                                                                 | alu_design_i/axi_smc/inst/switchboards/i_nodes/i_r_node/inst/s_sc_areset_pipe                                                                                        |                1 |              1 |         1.00 |
|  alu_design_i/zynq_ultra_ps_e_0/inst/pl_clk0 |                                                                                                                                                                                 | alu_design_i/axi_smc/inst/switchboards/i_nodes/i_w_node/inst/s_sc_areset_pipe                                                                                        |                1 |              1 |         1.00 |
|  alu_design_i/zynq_ultra_ps_e_0/inst/pl_clk0 |                                                                                                                                                                                 | alu_design_i/axi_smc/inst/m02_nodes/m02_ar_node/inst/s_sc_areset_pipe                                                                                                |                1 |              1 |         1.00 |
|  alu_design_i/zynq_ultra_ps_e_0/inst/pl_clk0 |                                                                                                                                                                                 | alu_design_i/axi_smc/inst/m02_nodes/m02_aw_node/inst/s_sc_areset_pipe                                                                                                |                1 |              1 |         1.00 |
|  alu_design_i/zynq_ultra_ps_e_0/inst/pl_clk0 |                                                                                                                                                                                 | alu_design_i/axi_smc/inst/m00_nodes/m00_ar_node/inst/s_sc_areset_pipe                                                                                                |                1 |              1 |         1.00 |
|  alu_design_i/zynq_ultra_ps_e_0/inst/pl_clk0 | alu_design_i/dataa/U0/AXI_LITE_IPIF_I/I_SLAVE_ATTACHMENT/I_DECODER/E[0]                                                                                                         | alu_design_i/dataa/U0/AXI_LITE_IPIF_I/I_SLAVE_ATTACHMENT/SR[0]                                                                                                       |                1 |              1 |         1.00 |
|  alu_design_i/zynq_ultra_ps_e_0/inst/pl_clk0 | alu_design_i/op/U0/AXI_LITE_IPIF_I/I_SLAVE_ATTACHMENT/is_read_i_1_n_0                                                                                                           | alu_design_i/op/U0/AXI_LITE_IPIF_I/I_SLAVE_ATTACHMENT/SR[0]                                                                                                          |                1 |              2 |         2.00 |
|  alu_design_i/zynq_ultra_ps_e_0/inst/pl_clk0 |                                                                                                                                                                                 | alu_design_i/axi_smc/inst/m03_exit_pipeline/m03_exit/inst/exit_inst/gen_r_cmd_reg.aresetn_d_reg_n_0_[0]                                                              |                1 |              2 |         2.00 |
|  alu_design_i/zynq_ultra_ps_e_0/inst/pl_clk0 |                                                                                                                                                                                 | alu_design_i/axi_smc/inst/m03_exit_pipeline/m03_exit/inst/areset                                                                                                     |                1 |              2 |         2.00 |
|  alu_design_i/zynq_ultra_ps_e_0/inst/pl_clk0 |                                                                                                                                                                                 | alu_design_i/axi_smc/inst/m01_exit_pipeline/m01_exit/inst/exit_inst/gen_r_cmd_reg.aresetn_d_reg_n_0_[0]                                                              |                1 |              2 |         2.00 |
|  alu_design_i/zynq_ultra_ps_e_0/inst/pl_clk0 |                                                                                                                                                                                 | alu_design_i/axi_smc/inst/m01_exit_pipeline/m01_exit/inst/areset                                                                                                     |                1 |              2 |         2.00 |
|  alu_design_i/zynq_ultra_ps_e_0/inst/pl_clk0 | alu_design_i/datab/U0/AXI_LITE_IPIF_I/I_SLAVE_ATTACHMENT/is_read_i_1_n_0                                                                                                        | alu_design_i/op/U0/AXI_LITE_IPIF_I/I_SLAVE_ATTACHMENT/SR[0]                                                                                                          |                1 |              2 |         2.00 |
|  alu_design_i/zynq_ultra_ps_e_0/inst/pl_clk0 | alu_design_i/axi_smc/inst/s00_entry_pipeline/s00_si_converter/inst/gen_axilite_conv.axilite_conv_inst/m_r_pointer[1]_i_1_n_0                                                    | alu_design_i/axi_smc/inst/s00_entry_pipeline/s00_si_converter/inst/areset                                                                                            |                1 |              2 |         2.00 |
|  alu_design_i/zynq_ultra_ps_e_0/inst/pl_clk0 |                                                                                                                                                                                 | alu_design_i/op/U0/gpio_core_1/Read_Reg_Rst__0                                                                                                                       |                1 |              2 |         2.00 |
|  alu_design_i/zynq_ultra_ps_e_0/inst/pl_clk0 | alu_design_i/dataa/U0/AXI_LITE_IPIF_I/I_SLAVE_ATTACHMENT/s_axi_rresp_i                                                                                                          | alu_design_i/op/U0/AXI_LITE_IPIF_I/I_SLAVE_ATTACHMENT/SR[0]                                                                                                          |                1 |              2 |         2.00 |
|  alu_design_i/zynq_ultra_ps_e_0/inst/pl_clk0 | alu_design_i/dataa/U0/AXI_LITE_IPIF_I/I_SLAVE_ATTACHMENT/is_read_i_1_n_0                                                                                                        | alu_design_i/op/U0/AXI_LITE_IPIF_I/I_SLAVE_ATTACHMENT/SR[0]                                                                                                          |                1 |              2 |         2.00 |
|  alu_design_i/zynq_ultra_ps_e_0/inst/pl_clk0 |                                                                                                                                                                                 | alu_design_i/axi_smc/inst/switchboards/i_nodes/i_ar_node/inst/inst_mi_handler/areset_r                                                                               |                1 |              2 |         2.00 |
|  alu_design_i/zynq_ultra_ps_e_0/inst/pl_clk0 |                                                                                                                                                                                 | alu_design_i/axi_smc/inst/switchboards/i_nodes/i_aw_node/inst/inst_mi_handler/areset_r                                                                               |                1 |              2 |         2.00 |
|  alu_design_i/zynq_ultra_ps_e_0/inst/pl_clk0 | alu_design_i/axi_smc/inst/switchboards/i_nodes/i_b_node/inst/inst_si_handler/gen_si_handler.gen_arbiter_rr_minimal_area.inst_arbiter/E[0]                                       | alu_design_i/axi_smc/inst/switchboards/i_nodes/i_b_node/inst/inst_si_handler/areset_r_0                                                                              |                1 |              2 |         2.00 |
|  alu_design_i/zynq_ultra_ps_e_0/inst/pl_clk0 |                                                                                                                                                                                 | alu_design_i/axi_smc/inst/switchboards/i_nodes/i_b_node/inst/inst_mi_handler/areset_r                                                                                |                1 |              2 |         2.00 |
|  alu_design_i/zynq_ultra_ps_e_0/inst/pl_clk0 |                                                                                                                                                                                 | alu_design_i/axi_smc/inst/s00_entry_pipeline/s00_transaction_regulator/inst/gen_endpoint.gen_w_singleorder.w_singleorder/gen_id_reg.aresetn_d_reg_n_0_[0]            |                2 |              2 |         1.00 |
|  alu_design_i/zynq_ultra_ps_e_0/inst/pl_clk0 |                                                                                                                                                                                 | alu_design_i/axi_smc/inst/switchboards/i_nodes/i_r_node/inst/inst_mi_handler/areset_r                                                                                |                1 |              2 |         2.00 |
|  alu_design_i/zynq_ultra_ps_e_0/inst/pl_clk0 | alu_design_i/axi_smc/inst/s00_entry_pipeline/s00_si_converter/inst/gen_axilite_conv.axilite_conv_inst/s_axi_rresp_i[1]_i_1_n_0                                                  | alu_design_i/axi_smc/inst/s00_entry_pipeline/s00_si_converter/inst/areset                                                                                            |                1 |              2 |         2.00 |
|  alu_design_i/zynq_ultra_ps_e_0/inst/pl_clk0 |                                                                                                                                                                                 | alu_design_i/axi_smc/inst/s00_entry_pipeline/s00_transaction_regulator/inst/areset                                                                                   |                1 |              2 |         2.00 |
|  alu_design_i/zynq_ultra_ps_e_0/inst/pl_clk0 |                                                                                                                                                                                 | alu_design_i/axi_smc/inst/switchboards/i_nodes/i_w_node/inst/inst_mi_handler/areset_r                                                                                |                1 |              2 |         2.00 |
|  alu_design_i/zynq_ultra_ps_e_0/inst/pl_clk0 |                                                                                                                                                                                 | alu_design_i/axi_smc/inst/s00_entry_pipeline/s00_mmu/inst/gen_wroute_reg.wroute_split/m_ready_d[1]_i_1_n_0                                                           |                1 |              2 |         2.00 |
|  alu_design_i/zynq_ultra_ps_e_0/inst/pl_clk0 |                                                                                                                                                                                 | alu_design_i/axi_smc/inst/m02_exit_pipeline/m02_exit/inst/exit_inst/gen_r_cmd_reg.aresetn_d_reg_n_0_[0]                                                              |                2 |              2 |         1.00 |
|  alu_design_i/zynq_ultra_ps_e_0/inst/pl_clk0 |                                                                                                                                                                                 | alu_design_i/axi_smc/inst/m02_exit_pipeline/m02_exit/inst/areset                                                                                                     |                1 |              2 |         2.00 |
|  alu_design_i/zynq_ultra_ps_e_0/inst/pl_clk0 |                                                                                                                                                                                 | alu_design_i/axi_smc/inst/s00_entry_pipeline/s00_mmu/inst/areset_d                                                                                                   |                1 |              2 |         2.00 |
|  alu_design_i/zynq_ultra_ps_e_0/inst/pl_clk0 | alu_design_i/axi_smc/inst/s00_entry_pipeline/s00_mmu/inst/gen_wroute_reg.wroute_split/E[0]                                                                                      | alu_design_i/axi_smc/inst/s00_entry_pipeline/s00_mmu/inst/areset                                                                                                     |                1 |              2 |         2.00 |
|  alu_design_i/zynq_ultra_ps_e_0/inst/pl_clk0 | alu_design_i/op/U0/AXI_LITE_IPIF_I/I_SLAVE_ATTACHMENT/I_DECODER/E[0]                                                                                                            | alu_design_i/op/U0/AXI_LITE_IPIF_I/I_SLAVE_ATTACHMENT/SR[0]                                                                                                          |                1 |              2 |         2.00 |
|  alu_design_i/zynq_ultra_ps_e_0/inst/pl_clk0 | alu_design_i/axi_smc/inst/s00_entry_pipeline/s00_si_converter/inst/gen_axilite_conv.axilite_conv_inst/s_axi_bresp_i                                                             | alu_design_i/axi_smc/inst/s00_entry_pipeline/s00_si_converter/inst/gen_axilite_conv.axilite_conv_inst/s_axi_bresp_i[1]_i_1_n_0                                       |                1 |              2 |         2.00 |
|  alu_design_i/zynq_ultra_ps_e_0/inst/pl_clk0 | alu_design_i/axi_smc/inst/s00_entry_pipeline/s00_si_converter/inst/gen_axilite_conv.axilite_conv_inst/r_state                                                                   | alu_design_i/axi_smc/inst/s00_entry_pipeline/s00_si_converter/inst/areset                                                                                            |                2 |              2 |         1.00 |
|  alu_design_i/zynq_ultra_ps_e_0/inst/pl_clk0 |                                                                                                                                                                                 | alu_design_i/axi_smc/inst/m00_exit_pipeline/m00_exit/inst/exit_inst/gen_r_cmd_reg.aresetn_d_reg_n_0_[0]                                                              |                1 |              2 |         2.00 |
|  alu_design_i/zynq_ultra_ps_e_0/inst/pl_clk0 |                                                                                                                                                                                 | alu_design_i/axi_smc/inst/m00_exit_pipeline/m00_exit/inst/areset                                                                                                     |                1 |              2 |         2.00 |
|  alu_design_i/zynq_ultra_ps_e_0/inst/pl_clk0 | alu_design_i/result/U0/AXI_LITE_IPIF_I/I_SLAVE_ATTACHMENT/is_read_i_1_n_0                                                                                                       | alu_design_i/op/U0/AXI_LITE_IPIF_I/I_SLAVE_ATTACHMENT/SR[0]                                                                                                          |                1 |              2 |         2.00 |
|  alu_design_i/zynq_ultra_ps_e_0/inst/pl_clk0 | alu_design_i/result/U0/AXI_LITE_IPIF_I/I_SLAVE_ATTACHMENT/I_DECODER/E[0]                                                                                                        | alu_design_i/op/U0/AXI_LITE_IPIF_I/I_SLAVE_ATTACHMENT/SR[0]                                                                                                          |                1 |              2 |         2.00 |
|  alu_design_i/zynq_ultra_ps_e_0/inst/pl_clk0 | alu_design_i/datab/U0/AXI_LITE_IPIF_I/I_SLAVE_ATTACHMENT/s_axi_rresp_i                                                                                                          | alu_design_i/op/U0/AXI_LITE_IPIF_I/I_SLAVE_ATTACHMENT/SR[0]                                                                                                          |                2 |              2 |         1.00 |
|  alu_design_i/zynq_ultra_ps_e_0/inst/pl_clk0 | alu_design_i/axi_smc/inst/switchboards/i_nodes/i_b_node/inst/inst_si_handler/gen_si_handler.gen_arbiter_rr_minimal_area.inst_arbiter/grant_i_reg[2]_0[0]                        | alu_design_i/axi_smc/inst/switchboards/i_nodes/i_b_node/inst/inst_si_handler/areset_r_0                                                                              |                1 |              2 |         2.00 |
|  alu_design_i/zynq_ultra_ps_e_0/inst/pl_clk0 | alu_design_i/axi_smc/inst/switchboards/i_nodes/i_b_node/inst/inst_si_handler/gen_si_handler.gen_arbiter_rr_minimal_area.inst_arbiter/grant_i_reg[1]_0[0]                        | alu_design_i/axi_smc/inst/switchboards/i_nodes/i_b_node/inst/inst_si_handler/areset_r_0                                                                              |                1 |              2 |         2.00 |
|  alu_design_i/zynq_ultra_ps_e_0/inst/pl_clk0 | alu_design_i/axi_smc/inst/switchboards/i_nodes/i_b_node/inst/inst_si_handler/gen_si_handler.gen_arbiter_rr_minimal_area.inst_arbiter/grant_i_reg[3]_0[0]                        | alu_design_i/axi_smc/inst/switchboards/i_nodes/i_b_node/inst/inst_si_handler/areset_r_0                                                                              |                1 |              2 |         2.00 |
|  alu_design_i/zynq_ultra_ps_e_0/inst/pl_clk0 | alu_design_i/axi_smc/inst/switchboards/i_nodes/i_r_node/inst/inst_si_handler/gen_si_handler.gen_arbiter_rr_minimal_area.inst_arbiter/grant_i_reg[2]_0[0]                        | alu_design_i/axi_smc/inst/switchboards/i_nodes/i_r_node/inst/inst_si_handler/areset_r_0                                                                              |                1 |              2 |         2.00 |
|  alu_design_i/zynq_ultra_ps_e_0/inst/pl_clk0 | alu_design_i/axi_smc/inst/switchboards/i_nodes/i_r_node/inst/inst_si_handler/gen_si_handler.gen_arbiter_rr_minimal_area.inst_arbiter/E[0]                                       | alu_design_i/axi_smc/inst/switchboards/i_nodes/i_r_node/inst/inst_si_handler/areset_r_0                                                                              |                1 |              2 |         2.00 |
|  alu_design_i/zynq_ultra_ps_e_0/inst/pl_clk0 | alu_design_i/axi_smc/inst/switchboards/i_nodes/i_r_node/inst/inst_si_handler/gen_si_handler.gen_arbiter_rr_minimal_area.inst_arbiter/grant_i_reg[1]_0[0]                        | alu_design_i/axi_smc/inst/switchboards/i_nodes/i_r_node/inst/inst_si_handler/areset_r_0                                                                              |                1 |              2 |         2.00 |
|  alu_design_i/zynq_ultra_ps_e_0/inst/pl_clk0 | alu_design_i/axi_smc/inst/switchboards/i_nodes/i_r_node/inst/inst_si_handler/gen_si_handler.gen_arbiter_rr_minimal_area.inst_arbiter/grant_i_reg[3]_0[0]                        | alu_design_i/axi_smc/inst/switchboards/i_nodes/i_r_node/inst/inst_si_handler/areset_r_0                                                                              |                1 |              2 |         2.00 |
|  alu_design_i/zynq_ultra_ps_e_0/inst/pl_clk0 | alu_design_i/axi_smc/inst/s00_entry_pipeline/s00_si_converter/inst/gen_axilite_conv.axilite_conv_inst/w_state                                                                   | alu_design_i/axi_smc/inst/s00_entry_pipeline/s00_si_converter/inst/areset                                                                                            |                3 |              3 |         1.00 |
|  alu_design_i/zynq_ultra_ps_e_0/inst/pl_clk0 | alu_design_i/axi_smc/inst/s00_entry_pipeline/s00_mmu/inst/aw_reg_stall/state                                                                                                    | alu_design_i/axi_smc/inst/s00_entry_pipeline/s00_mmu/inst/areset                                                                                                     |                1 |              3 |         3.00 |
|  alu_design_i/zynq_ultra_ps_e_0/inst/pl_clk0 | alu_design_i/op/U0/AXI_LITE_IPIF_I/I_SLAVE_ATTACHMENT/s_axi_rresp_i                                                                                                             | alu_design_i/op/U0/AXI_LITE_IPIF_I/I_SLAVE_ATTACHMENT/SR[0]                                                                                                          |                1 |              3 |         3.00 |
|  alu_design_i/zynq_ultra_ps_e_0/inst/pl_clk0 | alu_design_i/axi_smc/inst/s00_entry_pipeline/s00_si_converter/inst/gen_axilite_conv.axilite_conv_inst/aw_incr                                                                   | alu_design_i/axi_smc/inst/s00_entry_pipeline/s00_si_converter/inst/areset                                                                                            |                1 |              3 |         3.00 |
|  alu_design_i/zynq_ultra_ps_e_0/inst/pl_clk0 | alu_design_i/axi_smc/inst/s00_entry_pipeline/s00_mmu/inst/gen_endpoint.decerr_slave_inst/FSM_onehot_gen_axi.gen_write.write_cs[2]_i_1_n_0                                       | alu_design_i/axi_smc/inst/s00_entry_pipeline/s00_mmu/inst/areset                                                                                                     |                1 |              3 |         3.00 |
|  alu_design_i/zynq_ultra_ps_e_0/inst/pl_clk0 | alu_design_i/axi_smc/inst/s00_entry_pipeline/s00_mmu/inst/ar_reg_stall/state                                                                                                    | alu_design_i/axi_smc/inst/s00_entry_pipeline/s00_mmu/inst/areset                                                                                                     |                2 |              3 |         1.50 |
|  alu_design_i/zynq_ultra_ps_e_0/inst/pl_clk0 | alu_design_i/dataa/U0/AXI_LITE_IPIF_I/I_SLAVE_ATTACHMENT/I_DECODER/E[0]                                                                                                         | alu_design_i/op/U0/AXI_LITE_IPIF_I/I_SLAVE_ATTACHMENT/SR[0]                                                                                                          |                2 |              3 |         1.50 |
|  alu_design_i/zynq_ultra_ps_e_0/inst/pl_clk0 | alu_design_i/datab/U0/AXI_LITE_IPIF_I/I_SLAVE_ATTACHMENT/I_DECODER/E[0]                                                                                                         | alu_design_i/op/U0/AXI_LITE_IPIF_I/I_SLAVE_ATTACHMENT/SR[0]                                                                                                          |                1 |              3 |         3.00 |
|  alu_design_i/zynq_ultra_ps_e_0/inst/pl_clk0 | alu_design_i/result/U0/AXI_LITE_IPIF_I/I_SLAVE_ATTACHMENT/bus2ip_addr_i[8]_i_1_n_0                                                                                              | alu_design_i/op/U0/AXI_LITE_IPIF_I/I_SLAVE_ATTACHMENT/SR[0]                                                                                                          |                2 |              4 |         2.00 |
|  alu_design_i/zynq_ultra_ps_e_0/inst/pl_clk0 |                                                                                                                                                                                 | alu_design_i/rst_ps8_0_99M/U0/EXT_LPF/lpf_int                                                                                                                        |                1 |              4 |         4.00 |
|  alu_design_i/zynq_ultra_ps_e_0/inst/pl_clk0 | alu_design_i/axi_smc/inst/s00_entry_pipeline/s00_si_converter/inst/gen_axilite_conv.axilite_conv_inst/w_pointer[3]_i_1_n_0                                                      | alu_design_i/axi_smc/inst/s00_entry_pipeline/s00_si_converter/inst/areset                                                                                            |                2 |              4 |         2.00 |
|  alu_design_i/zynq_ultra_ps_e_0/inst/pl_clk0 | alu_design_i/axi_smc/inst/s00_entry_pipeline/s00_si_converter/inst/gen_axilite_conv.axilite_conv_inst/s_r_pointer[3]_i_1_n_0                                                    | alu_design_i/axi_smc/inst/s00_entry_pipeline/s00_si_converter/inst/areset                                                                                            |                1 |              4 |         4.00 |
|  alu_design_i/zynq_ultra_ps_e_0/inst/pl_clk0 | alu_design_i/axi_smc/inst/s00_entry_pipeline/s00_si_converter/inst/gen_axilite_conv.axilite_conv_inst/w_size_mask[3]_i_1_n_0                                                    |                                                                                                                                                                      |                1 |              4 |         4.00 |
|  alu_design_i/zynq_ultra_ps_e_0/inst/pl_clk0 | alu_design_i/axi_smc/inst/s00_entry_pipeline/s00_mmu/inst/wroute_vacancy                                                                                                        |                                                                                                                                                                      |                1 |              4 |         4.00 |
|  alu_design_i/zynq_ultra_ps_e_0/inst/pl_clk0 | alu_design_i/datab/U0/AXI_LITE_IPIF_I/I_SLAVE_ATTACHMENT/start2                                                                                                                 | alu_design_i/datab/U0/AXI_LITE_IPIF_I/I_SLAVE_ATTACHMENT/I_DECODER/cs_ce_clr                                                                                         |                1 |              4 |         4.00 |
|  alu_design_i/zynq_ultra_ps_e_0/inst/pl_clk0 | alu_design_i/datab/U0/AXI_LITE_IPIF_I/I_SLAVE_ATTACHMENT/s_axi_rresp_i                                                                                                          | alu_design_i/datab/U0/AXI_LITE_IPIF_I/I_SLAVE_ATTACHMENT/SR[0]                                                                                                       |                3 |              4 |         1.33 |
|  alu_design_i/zynq_ultra_ps_e_0/inst/pl_clk0 | alu_design_i/dataa/U0/AXI_LITE_IPIF_I/I_SLAVE_ATTACHMENT/bus2ip_addr_i[8]_i_1_n_0                                                                                               | alu_design_i/op/U0/AXI_LITE_IPIF_I/I_SLAVE_ATTACHMENT/SR[0]                                                                                                          |                1 |              4 |         4.00 |
|  alu_design_i/zynq_ultra_ps_e_0/inst/pl_clk0 | alu_design_i/dataa/U0/AXI_LITE_IPIF_I/I_SLAVE_ATTACHMENT/start2                                                                                                                 | alu_design_i/dataa/U0/AXI_LITE_IPIF_I/I_SLAVE_ATTACHMENT/I_DECODER/cs_ce_clr                                                                                         |                1 |              4 |         4.00 |
|  alu_design_i/zynq_ultra_ps_e_0/inst/pl_clk0 | alu_design_i/datab/U0/AXI_LITE_IPIF_I/I_SLAVE_ATTACHMENT/bus2ip_addr_i[8]_i_1_n_0                                                                                               | alu_design_i/op/U0/AXI_LITE_IPIF_I/I_SLAVE_ATTACHMENT/SR[0]                                                                                                          |                1 |              4 |         4.00 |
|  alu_design_i/zynq_ultra_ps_e_0/inst/pl_clk0 | alu_design_i/axi_smc/inst/s00_entry_pipeline/s00_mmu/inst/gen_endpoint.decerr_slave_inst/E[0]                                                                                   | alu_design_i/axi_smc/inst/s00_entry_pipeline/s00_mmu/inst/areset                                                                                                     |                2 |              4 |         2.00 |
|  alu_design_i/zynq_ultra_ps_e_0/inst/pl_clk0 | alu_design_i/op/U0/AXI_LITE_IPIF_I/I_SLAVE_ATTACHMENT/start2                                                                                                                    | alu_design_i/op/U0/AXI_LITE_IPIF_I/I_SLAVE_ATTACHMENT/I_DECODER/cs_ce_clr                                                                                            |                2 |              4 |         2.00 |
|  alu_design_i/zynq_ultra_ps_e_0/inst/pl_clk0 | alu_design_i/op/U0/AXI_LITE_IPIF_I/I_SLAVE_ATTACHMENT/bus2ip_addr_i[8]_i_1_n_0                                                                                                  | alu_design_i/op/U0/AXI_LITE_IPIF_I/I_SLAVE_ATTACHMENT/SR[0]                                                                                                          |                1 |              4 |         4.00 |
|  alu_design_i/zynq_ultra_ps_e_0/inst/pl_clk0 | alu_design_i/axi_smc/inst/switchboards/i_nodes/i_b_node/inst/inst_mi_handler/gen_normal_area.gen_fi_regulator.inst_fi_regulator/allow_transfer_r_reg_0                          | alu_design_i/axi_smc/inst/switchboards/i_nodes/i_b_node/inst/inst_si_handler/gen_si_handler.gen_request_counters.gen_req_counter[1].inst_req_counter/areset_r_reg[0] |                1 |              4 |         4.00 |
|  alu_design_i/zynq_ultra_ps_e_0/inst/pl_clk0 |                                                                                                                                                                                 | alu_design_i/result/U0/AXI_LITE_IPIF_I/I_SLAVE_ATTACHMENT/clear                                                                                                      |                1 |              4 |         4.00 |
|  alu_design_i/zynq_ultra_ps_e_0/inst/pl_clk0 |                                                                                                                                                                                 | alu_design_i/dataa/U0/AXI_LITE_IPIF_I/I_SLAVE_ATTACHMENT/clear                                                                                                       |                1 |              4 |         4.00 |
|  alu_design_i/zynq_ultra_ps_e_0/inst/pl_clk0 |                                                                                                                                                                                 | alu_design_i/datab/U0/AXI_LITE_IPIF_I/I_SLAVE_ATTACHMENT/clear                                                                                                       |                1 |              4 |         4.00 |
|  alu_design_i/zynq_ultra_ps_e_0/inst/pl_clk0 | alu_design_i/axi_smc/inst/switchboards/i_nodes/i_b_node/inst/inst_si_handler/gen_si_handler.gen_request_counters.gen_req_counter[2].inst_req_counter/allow_transfer_r_reg[0]    | alu_design_i/axi_smc/inst/switchboards/i_nodes/i_b_node/inst/inst_si_handler/areset_r_0                                                                              |                1 |              4 |         4.00 |
|  alu_design_i/zynq_ultra_ps_e_0/inst/pl_clk0 | alu_design_i/axi_smc/inst/switchboards/i_nodes/i_r_node/inst/inst_mi_handler/gen_normal_area.gen_fi_regulator.inst_fi_regulator/allow_transfer_r_reg_0                          | alu_design_i/axi_smc/inst/switchboards/i_nodes/i_r_node/inst/inst_si_handler/gen_si_handler.gen_request_counters.gen_req_counter[1].inst_req_counter/areset_r_reg[0] |                2 |              4 |         2.00 |
|  alu_design_i/zynq_ultra_ps_e_0/inst/pl_clk0 |                                                                                                                                                                                 | alu_design_i/op/U0/AXI_LITE_IPIF_I/I_SLAVE_ATTACHMENT/clear                                                                                                          |                2 |              4 |         2.00 |
|  alu_design_i/zynq_ultra_ps_e_0/inst/pl_clk0 |                                                                                                                                                                                 | alu_design_i/axi_smc/inst/switchboards/i_nodes/i_b_node/inst/inst_si_handler/areset_r_0                                                                              |                4 |              4 |         1.00 |
|  alu_design_i/zynq_ultra_ps_e_0/inst/pl_clk0 |                                                                                                                                                                                 | alu_design_i/axi_smc/inst/switchboards/i_nodes/i_r_node/inst/inst_si_handler/areset_r_0                                                                              |                4 |              4 |         1.00 |
|  alu_design_i/zynq_ultra_ps_e_0/inst/pl_clk0 |                                                                                                                                                                                 | alu_design_i/axi_smc/inst/clk_map/psr_aclk/U0/EXT_LPF/lpf_int                                                                                                        |                2 |              4 |         2.00 |
|  alu_design_i/zynq_ultra_ps_e_0/inst/pl_clk0 | alu_design_i/axi_smc/inst/switchboards/i_nodes/i_r_node/inst/inst_si_handler/gen_si_handler.gen_request_counters.gen_req_counter[2].inst_req_counter/allow_transfer_r_reg[0]    | alu_design_i/axi_smc/inst/switchboards/i_nodes/i_r_node/inst/inst_si_handler/areset_r_0                                                                              |                1 |              4 |         4.00 |
|  alu_design_i/zynq_ultra_ps_e_0/inst/pl_clk0 | alu_design_i/result/U0/AXI_LITE_IPIF_I/I_SLAVE_ATTACHMENT/start2                                                                                                                | alu_design_i/result/U0/AXI_LITE_IPIF_I/I_SLAVE_ATTACHMENT/I_DECODER/cs_ce_clr                                                                                        |                1 |              4 |         4.00 |
|  alu_design_i/zynq_ultra_ps_e_0/inst/pl_clk0 | alu_design_i/rst_ps8_0_99M/U0/SEQ/seq_cnt_en                                                                                                                                    | alu_design_i/rst_ps8_0_99M/U0/SEQ/seq_clr                                                                                                                            |                1 |              6 |         6.00 |
|  alu_design_i/zynq_ultra_ps_e_0/inst/pl_clk0 | alu_design_i/dataa/U0/AXI_LITE_IPIF_I/I_SLAVE_ATTACHMENT/s_axi_rresp_i                                                                                                          | alu_design_i/dataa/U0/AXI_LITE_IPIF_I/I_SLAVE_ATTACHMENT/SR[0]                                                                                                       |                3 |              6 |         2.00 |
|  alu_design_i/zynq_ultra_ps_e_0/inst/pl_clk0 | alu_design_i/result/U0/AXI_LITE_IPIF_I/I_SLAVE_ATTACHMENT/s_axi_rresp_i                                                                                                         | alu_design_i/datab/U0/AXI_LITE_IPIF_I/I_SLAVE_ATTACHMENT/SR[0]                                                                                                       |                3 |              6 |         2.00 |
|  alu_design_i/zynq_ultra_ps_e_0/inst/pl_clk0 | alu_design_i/axi_smc/inst/clk_map/psr_aclk/U0/SEQ/seq_cnt_en                                                                                                                    | alu_design_i/axi_smc/inst/clk_map/psr_aclk/U0/SEQ/seq_clr                                                                                                            |                2 |              6 |         3.00 |
|  alu_design_i/zynq_ultra_ps_e_0/inst/pl_clk0 | alu_design_i/axi_smc/inst/s00_entry_pipeline/s00_si_converter/inst/gen_axilite_conv.axilite_conv_inst/ar_addr_d[8]_i_1_n_0                                                      | alu_design_i/axi_smc/inst/s00_entry_pipeline/s00_si_converter/inst/areset                                                                                            |                2 |              7 |         3.50 |
|  alu_design_i/zynq_ultra_ps_e_0/inst/pl_clk0 | alu_design_i/datab/U0/AXI_LITE_IPIF_I/I_SLAVE_ATTACHMENT/I_DECODER/E[0]                                                                                                         | alu_design_i/result/U0/AXI_LITE_IPIF_I/I_SLAVE_ATTACHMENT/SR[0]                                                                                                      |                2 |              7 |         3.50 |
|  alu_design_i/zynq_ultra_ps_e_0/inst/pl_clk0 | alu_design_i/axi_smc/inst/switchboards/i_nodes/i_ar_node/inst/inst_mi_handler/gen_normal_area.inst_fifo_node_payld/gen_reg_fifo.inst_reg_fifo/gen_single_rank.data[157]_i_1_n_0 |                                                                                                                                                                      |                2 |              7 |         3.50 |
|  alu_design_i/zynq_ultra_ps_e_0/inst/pl_clk0 | alu_design_i/axi_smc/inst/switchboards/i_nodes/i_aw_node/inst/inst_mi_handler/gen_normal_area.inst_fifo_node_payld/gen_reg_fifo.inst_reg_fifo/gen_single_rank.data[157]_i_1_n_0 |                                                                                                                                                                      |                2 |              7 |         3.50 |
|  alu_design_i/zynq_ultra_ps_e_0/inst/pl_clk0 | alu_design_i/dataa/U0/AXI_LITE_IPIF_I/I_SLAVE_ATTACHMENT/I_DECODER/E[0]                                                                                                         | alu_design_i/result/U0/AXI_LITE_IPIF_I/I_SLAVE_ATTACHMENT/SR[0]                                                                                                      |                3 |              8 |         2.67 |
|  alu_design_i/zynq_ultra_ps_e_0/inst/pl_clk0 | alu_design_i/axi_smc/inst/s00_entry_pipeline/s00_si_converter/inst/gen_axilite_conv.axilite_conv_inst/r_beats[7]_i_1_n_0                                                        | alu_design_i/axi_smc/inst/s00_entry_pipeline/s00_si_converter/inst/areset                                                                                            |                4 |              8 |         2.00 |
|  alu_design_i/zynq_ultra_ps_e_0/inst/pl_clk0 | alu_design_i/axi_smc/inst/s00_entry_pipeline/s00_mmu/inst/gen_endpoint.decerr_slave_inst/gen_axi.gen_read.read_cnt[7]_i_1_n_0                                                   | alu_design_i/axi_smc/inst/s00_entry_pipeline/s00_mmu/inst/areset                                                                                                     |                2 |              8 |         4.00 |
|  alu_design_i/zynq_ultra_ps_e_0/inst/pl_clk0 | alu_design_i/result/U0/AXI_LITE_IPIF_I/I_SLAVE_ATTACHMENT/I_DECODER/E[0]                                                                                                        | alu_design_i/datab/U0/AXI_LITE_IPIF_I/I_SLAVE_ATTACHMENT/SR[0]                                                                                                       |                3 |              9 |         3.00 |
|  alu_design_i/zynq_ultra_ps_e_0/inst/pl_clk0 | alu_design_i/result/U0/AXI_LITE_IPIF_I/I_SLAVE_ATTACHMENT/I_DECODER/E[0]                                                                                                        | alu_design_i/result/U0/AXI_LITE_IPIF_I/I_SLAVE_ATTACHMENT/SR[0]                                                                                                      |                3 |              9 |         3.00 |
|  alu_design_i/zynq_ultra_ps_e_0/inst/pl_clk0 | alu_design_i/axi_smc/inst/s00_entry_pipeline/s00_si_converter/inst/gen_axilite_conv.axilite_conv_inst/aw_addr[8]_i_1_n_0                                                        | alu_design_i/axi_smc/inst/s00_entry_pipeline/s00_si_converter/inst/areset                                                                                            |                3 |              9 |         3.00 |
|  alu_design_i/zynq_ultra_ps_e_0/inst/pl_clk0 | alu_design_i/datab/U0/AXI_LITE_IPIF_I/I_SLAVE_ATTACHMENT/I_DECODER/E[0]                                                                                                         | alu_design_i/datab/U0/AXI_LITE_IPIF_I/I_SLAVE_ATTACHMENT/SR[0]                                                                                                       |                4 |             10 |         2.50 |
|  alu_design_i/zynq_ultra_ps_e_0/inst/pl_clk0 |                                                                                                                                                                                 | alu_design_i/axi_smc/inst/s00_entry_pipeline/s00_mmu/inst/areset                                                                                                     |                7 |             10 |         1.43 |
|  alu_design_i/zynq_ultra_ps_e_0/inst/pl_clk0 | alu_design_i/dataa/U0/AXI_LITE_IPIF_I/I_SLAVE_ATTACHMENT/s_axi_rresp_i                                                                                                          | alu_design_i/result/U0/AXI_LITE_IPIF_I/I_SLAVE_ATTACHMENT/SR[0]                                                                                                      |                5 |             10 |         2.00 |
|  alu_design_i/zynq_ultra_ps_e_0/inst/pl_clk0 | alu_design_i/axi_smc/inst/s00_entry_pipeline/s00_si_converter/inst/gen_axilite_conv.axilite_conv_inst/ar_cnt[9]_i_1_n_0                                                         | alu_design_i/axi_smc/inst/s00_entry_pipeline/s00_si_converter/inst/areset                                                                                            |                5 |             10 |         2.00 |
|  alu_design_i/zynq_ultra_ps_e_0/inst/pl_clk0 | alu_design_i/axi_smc/inst/s00_entry_pipeline/s00_si_converter/inst/gen_axilite_conv.axilite_conv_inst/w_cnt[10]_i_1_n_0                                                         | alu_design_i/axi_smc/inst/s00_entry_pipeline/s00_si_converter/inst/areset                                                                                            |                5 |             11 |         2.20 |
|  alu_design_i/zynq_ultra_ps_e_0/inst/pl_clk0 | alu_design_i/axi_smc/inst/s00_entry_pipeline/s00_si_converter/inst/gen_axilite_conv.axilite_conv_inst/b_cnt[10]_i_2_n_0                                                         | alu_design_i/axi_smc/inst/s00_entry_pipeline/s00_si_converter/inst/gen_axilite_conv.axilite_conv_inst/b_cnt[10]_i_1_n_0                                              |                3 |             11 |         3.67 |
|  alu_design_i/zynq_ultra_ps_e_0/inst/pl_clk0 | alu_design_i/result/U0/AXI_LITE_IPIF_I/I_SLAVE_ATTACHMENT/s_axi_rresp_i                                                                                                         | alu_design_i/dataa/U0/AXI_LITE_IPIF_I/I_SLAVE_ATTACHMENT/SR[0]                                                                                                       |                3 |             11 |         3.67 |
|  alu_design_i/zynq_ultra_ps_e_0/inst/pl_clk0 | alu_design_i/axi_smc/inst/s00_entry_pipeline/s00_si_converter/inst/gen_axilite_conv.axilite_conv_inst/r_cnt[10]_i_1_n_0                                                         | alu_design_i/axi_smc/inst/s00_entry_pipeline/s00_si_converter/inst/areset                                                                                            |                4 |             11 |         2.75 |
|  alu_design_i/zynq_ultra_ps_e_0/inst/pl_clk0 | alu_design_i/datab/U0/AXI_LITE_IPIF_I/I_SLAVE_ATTACHMENT/I_DECODER/E[0]                                                                                                         | alu_design_i/dataa/U0/AXI_LITE_IPIF_I/I_SLAVE_ATTACHMENT/SR[0]                                                                                                       |                5 |             12 |         2.40 |
|  alu_design_i/zynq_ultra_ps_e_0/inst/pl_clk0 | alu_design_i/datab/U0/AXI_LITE_IPIF_I/I_SLAVE_ATTACHMENT/s_axi_rresp_i                                                                                                          | alu_design_i/dataa/U0/AXI_LITE_IPIF_I/I_SLAVE_ATTACHMENT/SR[0]                                                                                                       |                4 |             12 |         3.00 |
|  alu_design_i/zynq_ultra_ps_e_0/inst/pl_clk0 |                                                                                                                                                                                 | alu_design_i/axi_smc/inst/s00_entry_pipeline/s00_si_converter/inst/areset                                                                                            |                8 |             12 |         1.50 |
|  alu_design_i/zynq_ultra_ps_e_0/inst/pl_clk0 | alu_design_i/result/U0/AXI_LITE_IPIF_I/I_SLAVE_ATTACHMENT/I_DECODER/E[0]                                                                                                        | alu_design_i/dataa/U0/AXI_LITE_IPIF_I/I_SLAVE_ATTACHMENT/SR[0]                                                                                                       |                4 |             12 |         3.00 |
|  alu_design_i/zynq_ultra_ps_e_0/inst/pl_clk0 | alu_design_i/result/U0/AXI_LITE_IPIF_I/I_SLAVE_ATTACHMENT/s_axi_rresp_i                                                                                                         | alu_design_i/result/U0/AXI_LITE_IPIF_I/I_SLAVE_ATTACHMENT/SR[0]                                                                                                      |                3 |             14 |         4.67 |
|  alu_design_i/zynq_ultra_ps_e_0/inst/pl_clk0 | alu_design_i/datab/U0/AXI_LITE_IPIF_I/I_SLAVE_ATTACHMENT/s_axi_rresp_i                                                                                                          | alu_design_i/result/U0/AXI_LITE_IPIF_I/I_SLAVE_ATTACHMENT/SR[0]                                                                                                      |                5 |             14 |         2.80 |
|  alu_design_i/zynq_ultra_ps_e_0/inst/pl_clk0 | alu_design_i/dataa/U0/AXI_LITE_IPIF_I/I_SLAVE_ATTACHMENT/s_axi_rresp_i                                                                                                          | alu_design_i/datab/U0/AXI_LITE_IPIF_I/I_SLAVE_ATTACHMENT/SR[0]                                                                                                       |                4 |             14 |         3.50 |
|  alu_design_i/zynq_ultra_ps_e_0/inst/pl_clk0 | alu_design_i/axi_smc/inst/s00_entry_pipeline/s00_mmu/inst/gen_endpoint.decerr_slave_inst/gen_axi.gen_read.s_axi_rid_i                                                           | alu_design_i/axi_smc/inst/s00_entry_pipeline/s00_mmu/inst/areset                                                                                                     |                2 |             16 |         8.00 |
|  alu_design_i/zynq_ultra_ps_e_0/inst/pl_clk0 | alu_design_i/axi_smc/inst/s00_entry_pipeline/s00_transaction_regulator/inst/gen_endpoint.gen_w_singleorder.w_singleorder/gen_id_reg.s_rid_i0                                    |                                                                                                                                                                      |                4 |             16 |         4.00 |
|  alu_design_i/zynq_ultra_ps_e_0/inst/pl_clk0 | alu_design_i/axi_smc/inst/s00_entry_pipeline/s00_mmu/inst/gen_endpoint.decerr_slave_inst/gen_axi.gen_write.s_axi_bid_i[15]_i_1_n_0                                              | alu_design_i/axi_smc/inst/s00_entry_pipeline/s00_mmu/inst/areset                                                                                                     |                4 |             16 |         4.00 |
|  alu_design_i/zynq_ultra_ps_e_0/inst/pl_clk0 | alu_design_i/axi_smc/inst/s00_entry_pipeline/s00_transaction_regulator/inst/gen_endpoint.gen_r_singleorder.r_singleorder/gen_id_reg.s_rid_i0                                    |                                                                                                                                                                      |                2 |             16 |         8.00 |
|  alu_design_i/zynq_ultra_ps_e_0/inst/pl_clk0 | alu_design_i/dataa/U0/AXI_LITE_IPIF_I/I_SLAVE_ATTACHMENT/I_DECODER/E[0]                                                                                                         | alu_design_i/datab/U0/AXI_LITE_IPIF_I/I_SLAVE_ATTACHMENT/SR[0]                                                                                                       |                7 |             20 |         2.86 |
|  alu_design_i/zynq_ultra_ps_e_0/inst/pl_clk0 |                                                                                                                                                                                 | alu_design_i/dataa/U0/AXI_LITE_IPIF_I/I_SLAVE_ATTACHMENT/SR[0]                                                                                                       |                5 |             20 |         4.00 |
|  alu_design_i/zynq_ultra_ps_e_0/inst/pl_clk0 | alu_design_i/axi_smc/inst/s00_entry_pipeline/s00_si_converter/inst/gen_axilite_conv.axilite_conv_inst/m_axi_arid_i                                                              | alu_design_i/axi_smc/inst/s00_entry_pipeline/s00_si_converter/inst/areset                                                                                            |               10 |             25 |         2.50 |
|  alu_design_i/zynq_ultra_ps_e_0/inst/pl_clk0 |                                                                                                                                                                                 | alu_design_i/result/U0/AXI_LITE_IPIF_I/I_SLAVE_ATTACHMENT/SR[0]                                                                                                      |                7 |             30 |         4.29 |
|  alu_design_i/zynq_ultra_ps_e_0/inst/pl_clk0 |                                                                                                                                                                                 | alu_design_i/result/U0/AXI_LITE_IPIF_I/I_SLAVE_ATTACHMENT/I_DECODER/bus2ip_rnw_i_reg                                                                                 |                9 |             32 |         3.56 |
|  alu_design_i/zynq_ultra_ps_e_0/inst/pl_clk0 | alu_design_i/axi_smc/inst/s00_entry_pipeline/s00_si_converter/inst/gen_axilite_conv.axilite_conv_inst/s_axi_rdata_i[95]_i_1_n_0                                                 | alu_design_i/axi_smc/inst/s00_entry_pipeline/s00_si_converter/inst/areset                                                                                            |               10 |             32 |         3.20 |
|  alu_design_i/zynq_ultra_ps_e_0/inst/pl_clk0 | alu_design_i/axi_smc/inst/s00_entry_pipeline/s00_mmu/inst/aw_reg_stall/m_vector_i                                                                                               |                                                                                                                                                                      |                5 |             32 |         6.40 |
|  alu_design_i/zynq_ultra_ps_e_0/inst/pl_clk0 |                                                                                                                                                                                 | alu_design_i/dataa/U0/gpio_core_1/Read_Reg_Rst__0                                                                                                                    |                7 |             32 |         4.57 |
|  alu_design_i/zynq_ultra_ps_e_0/inst/pl_clk0 | alu_design_i/axi_smc/inst/s00_entry_pipeline/s00_mmu/inst/aw_reg_stall/skid_buffer[1136]_i_1__0_n_0                                                                             |                                                                                                                                                                      |                5 |             32 |         6.40 |
|  alu_design_i/zynq_ultra_ps_e_0/inst/pl_clk0 |                                                                                                                                                                                 | alu_design_i/datab/U0/gpio_core_1/Read_Reg_Rst__0                                                                                                                    |                5 |             32 |         6.40 |
|  alu_design_i/zynq_ultra_ps_e_0/inst/pl_clk0 | alu_design_i/axi_smc/inst/s00_entry_pipeline/s00_si_converter/inst/gen_axilite_conv.axilite_conv_inst/s_axi_rdata_i[31]_i_1_n_0                                                 | alu_design_i/axi_smc/inst/s00_entry_pipeline/s00_si_converter/inst/areset                                                                                            |                9 |             32 |         3.56 |
|  alu_design_i/zynq_ultra_ps_e_0/inst/pl_clk0 | alu_design_i/axi_smc/inst/switchboards/i_nodes/i_r_node/inst/inst_si_handler/gen_si_handler.gen_arbiter_rr_minimal_area.inst_arbiter/grant_i_reg[0]_1[0]                        |                                                                                                                                                                      |               12 |             32 |         2.67 |
|  alu_design_i/zynq_ultra_ps_e_0/inst/pl_clk0 | alu_design_i/axi_smc/inst/s00_entry_pipeline/s00_si_converter/inst/gen_axilite_conv.axilite_conv_inst/s_axi_rdata_i[127]_i_1_n_0                                                | alu_design_i/axi_smc/inst/s00_entry_pipeline/s00_si_converter/inst/areset                                                                                            |                8 |             32 |         4.00 |
|  alu_design_i/zynq_ultra_ps_e_0/inst/pl_clk0 | alu_design_i/axi_smc/inst/s00_entry_pipeline/s00_si_converter/inst/gen_axilite_conv.axilite_conv_inst/s_axi_rdata_i[63]_i_1_n_0                                                 | alu_design_i/axi_smc/inst/s00_entry_pipeline/s00_si_converter/inst/areset                                                                                            |               10 |             32 |         3.20 |
|  alu_design_i/zynq_ultra_ps_e_0/inst/pl_clk0 | alu_design_i/axi_smc/inst/switchboards/i_nodes/i_w_node/inst/inst_mi_handler/gen_normal_area.inst_fifo_node_payld/gen_reg_fifo.inst_reg_fifo/gen_single_rank.data[56]_i_1_n_0   |                                                                                                                                                                      |               10 |             36 |         3.60 |
|  alu_design_i/zynq_ultra_ps_e_0/inst/pl_clk0 | alu_design_i/axi_smc/inst/s00_entry_pipeline/s00_mmu/inst/ar_reg_stall/skid_buffer[1136]_i_1_n_0                                                                                |                                                                                                                                                                      |                7 |             40 |         5.71 |
|  alu_design_i/zynq_ultra_ps_e_0/inst/pl_clk0 | alu_design_i/axi_smc/inst/s00_entry_pipeline/s00_mmu/inst/ar_reg_stall/m_vector_i                                                                                               |                                                                                                                                                                      |                7 |             40 |         5.71 |
|  alu_design_i/zynq_ultra_ps_e_0/inst/pl_clk0 |                                                                                                                                                                                 | alu_design_i/datab/U0/AXI_LITE_IPIF_I/I_SLAVE_ATTACHMENT/SR[0]                                                                                                       |               13 |             42 |         3.23 |
|  alu_design_i/zynq_ultra_ps_e_0/inst/pl_clk0 |                                                                                                                                                                                 | alu_design_i/op/U0/AXI_LITE_IPIF_I/I_SLAVE_ATTACHMENT/SR[0]                                                                                                          |               15 |             59 |         3.93 |
|  alu_design_i/zynq_ultra_ps_e_0/inst/pl_clk0 |                                                                                                                                                                                 | alu_design_i/rst_ps8_0_99M/U0/peripheral_aresetn[0]                                                                                                                  |               22 |             98 |         4.45 |
|  alu_design_i/zynq_ultra_ps_e_0/inst/pl_clk0 |                                                                                                                                                                                 | alu_design_i/axi_smc/inst/clk_map/psr_aclk/U0/interconnect_aresetn[0]                                                                                                |               34 |            111 |         3.26 |
|  alu_design_i/zynq_ultra_ps_e_0/inst/pl_clk0 |                                                                                                                                                                                 |                                                                                                                                                                      |               81 |            317 |         3.91 |
+----------------------------------------------+---------------------------------------------------------------------------------------------------------------------------------------------------------------------------------+----------------------------------------------------------------------------------------------------------------------------------------------------------------------+------------------+----------------+--------------+


