Copyright 1986-2022 Xilinx, Inc. All Rights Reserved. Copyright 2022-2025 Advanced Micro Devices, Inc. All Rights Reserved.
-----------------------------------------------------------------------------------------------------------------------------------------------------------------------------------------------------
| Tool Version : Vivado v.2024.2.2 (win64) Build 6060944 Thu Mar 06 19:10:01 MST 2025
| Date         : Fri Jun 12 12:09:51 2026
| Host         : ECE-MCU2-21 running 64-bit major release  (build 9200)
| Command      : report_methodology -file wordle_design_wrapper_methodology_drc_routed.rpt -pb wordle_design_wrapper_methodology_drc_routed.pb -rpx wordle_design_wrapper_methodology_drc_routed.rpx
| Design       : wordle_design_wrapper
| Device       : xck26-sfvc784-2LV-c
| Speed File   : -2LV
| Design State : Fully Routed
-----------------------------------------------------------------------------------------------------------------------------------------------------------------------------------------------------

Report Methodology

Table of Contents
-----------------
1. REPORT SUMMARY
2. REPORT DETAILS

1. REPORT SUMMARY
-----------------
            Netlist: netlist
          Floorplan: design_1
      Design limits: <entire design considered>
             Max checks: <unlimited>
             Checks found: 2
+----------+------------------+----------------------------------------------------+--------+
| Rule     | Severity         | Description                                        | Checks |
+----------+------------------+----------------------------------------------------+--------+
| TIMING-2 | Critical Warning | Invalid primary clock source pin                   | 1      |
| TIMING-4 | Critical Warning | Invalid primary clock redefinition on a clock tree | 1      |
+----------+------------------+----------------------------------------------------+--------+

2. REPORT DETAILS
-----------------
TIMING-2#1 Critical Warning
Invalid primary clock source pin  
A primary clock clk is created on an inappropriate pin wordle_design_i/zynq_ultra_ps_e_0/inst/buffer_pl_clk_0.PL_CLK_0_BUFG/O. It is recommended to create a primary clock only on a proper clock source (input port or primitive output pin with no timing arc)
Related violations: <none>

TIMING-4#1 Critical Warning
Invalid primary clock redefinition on a clock tree  
Invalid clock redefinition on a clock tree. The primary clock clk is defined downstream of clock clk_pl_0 and overrides its insertion delay and/or waveform definition
Related violations: <none>


