Copyright 1986-2022 Xilinx, Inc. All Rights Reserved. Copyright 2022-2025 Advanced Micro Devices, Inc. All Rights Reserved.
---------------------------------------------------------------------------------------------------------------------------------------------
| Tool Version : Vivado v.2024.2.2 (win64) Build 6060944 Thu Mar 06 19:10:01 MST 2025
| Date         : Fri Jun 12 12:09:37 2026
| Host         : ECE-MCU2-21 running 64-bit major release  (build 9200)
| Command      : report_control_sets -verbose -file wordle_design_wrapper_control_sets_placed.rpt
| Design       : wordle_design_wrapper
| Device       : xck26
---------------------------------------------------------------------------------------------------------------------------------------------

Control Set Information

Table of Contents
-----------------
1. Summary
2. Histogram
3. Flip-Flop Distribution
4. Detailed Control Set Information

1. Summary
----------

+----------------------------------------------------------+-------+
|                          Status                          | Count |
+----------------------------------------------------------+-------+
| Total control sets                                       |   207 |
|    Minimum number of control sets                        |   207 |
|    Addition due to synthesis replication                 |     0 |
|    Addition due to physical synthesis replication        |     0 |
| Unused register locations in slices containing registers |   341 |
+----------------------------------------------------------+-------+
* Control sets can be merged at opt_design using control_set_merge or merge_equivalent_drivers
** Run report_qor_suggestions for automated merging and remapping suggestions


2. Histogram
------------

+--------------------+-------+
|       Fanout       | Count |
+--------------------+-------+
| Total control sets |   207 |
| >= 0 to < 4        |   117 |
| >= 4 to < 6        |    35 |
| >= 6 to < 8        |     9 |
| >= 8 to < 10       |     6 |
| >= 10 to < 12      |     9 |
| >= 12 to < 14      |     2 |
| >= 14 to < 16      |     2 |
| >= 16              |    27 |
+--------------------+-------+
* Control sets can be remapped at either synth_design or opt_design


3. Flip-Flop Distribution
-------------------------

+--------------+-----------------------+------------------------+-----------------+--------------+
| Clock Enable | Synchronous Set/Reset | Asynchronous Set/Reset | Total Registers | Total Slices |
+--------------+-----------------------+------------------------+-----------------+--------------+
| No           | No                    | No                     |             268 |           79 |
| No           | No                    | Yes                    |             165 |           48 |
| No           | Yes                   | No                     |             384 |          154 |
| Yes          | No                    | No                     |             283 |           53 |
| Yes          | No                    | Yes                    |               0 |            0 |
| Yes          | Yes                   | No                     |             623 |          152 |
+--------------+-----------------------+------------------------+-----------------+--------------+


4. Detailed Control Set Information
-----------------------------------

+-------------------------------------------------+--------------------------------------------------------------------------------------------------------------------------------------------------------------+----------------------------------------------------------------------------------------------------------------------------------------------------------------------------+------------------+----------------+--------------+
|                   Clock Signal                  |                                                                         Enable Signal                                                                        |                                                                              Set/Reset Signal                                                                              | Slice Load Count | Bel Load Count | Bels / Slice |
+-------------------------------------------------+--------------------------------------------------------------------------------------------------------------------------------------------------------------+----------------------------------------------------------------------------------------------------------------------------------------------------------------------------+------------------+----------------+--------------+
|  wordle_design_i/zynq_ultra_ps_e_0/inst/pl_clk0 |                                                                                                                                                              | wordle_design_i/axi_smc/inst/m04_nodes/m04_b_node/inst/s_sc_areset_pipe                                                                                                    |                1 |              1 |         1.00 |
|  wordle_design_i/zynq_ultra_ps_e_0/inst/pl_clk0 |                                                                                                                                                              | wordle_design_i/axi_smc/inst/m00_nodes/m00_r_node/inst/s_sc_areset_pipe                                                                                                    |                1 |              1 |         1.00 |
|  wordle_design_i/zynq_ultra_ps_e_0/inst/pl_clk0 | wordle_design_i/game_status/U0/AXI_LITE_IPIF_I/I_SLAVE_ATTACHMENT/s_axi_rresp_i                                                                              | wordle_design_i/guess_count/U0/AXI_LITE_IPIF_I/I_SLAVE_ATTACHMENT/SR[0]                                                                                                    |                1 |              1 |         1.00 |
|  wordle_design_i/zynq_ultra_ps_e_0/inst/pl_clk0 |                                                                                                                                                              | wordle_design_i/axi_smc/inst/m06_nodes/m06_r_node/inst/s_sc_areset_pipe                                                                                                    |                1 |              1 |         1.00 |
|  wordle_design_i/zynq_ultra_ps_e_0/inst/pl_clk0 |                                                                                                                                                              | wordle_design_i/axi_smc/inst/switchboards/i_nodes/i_ar_node/inst/s_sc_areset_pipe                                                                                          |                1 |              1 |         1.00 |
|  wordle_design_i/zynq_ultra_ps_e_0/inst/pl_clk0 |                                                                                                                                                              | wordle_design_i/axi_smc/inst/s00_nodes/s00_ar_node/inst/s_sc_areset_pipe                                                                                                   |                1 |              1 |         1.00 |
|  wordle_design_i/zynq_ultra_ps_e_0/inst/pl_clk0 |                                                                                                                                                              | wordle_design_i/axi_smc/inst/s00_nodes/s00_aw_node/inst/s_sc_areset_pipe                                                                                                   |                1 |              1 |         1.00 |
|  wordle_design_i/zynq_ultra_ps_e_0/inst/pl_clk0 |                                                                                                                                                              | wordle_design_i/axi_smc/inst/s00_nodes/s00_b_node/inst/s_sc_areset_pipe                                                                                                    |                1 |              1 |         1.00 |
|  wordle_design_i/zynq_ultra_ps_e_0/inst/pl_clk0 |                                                                                                                                                              | wordle_design_i/axi_smc/inst/s00_nodes/s00_r_node/inst/s_sc_areset_pipe                                                                                                    |                1 |              1 |         1.00 |
|  wordle_design_i/zynq_ultra_ps_e_0/inst/pl_clk0 |                                                                                                                                                              | wordle_design_i/axi_smc/inst/s00_nodes/s00_w_node/inst/s_sc_areset_pipe                                                                                                    |                1 |              1 |         1.00 |
|  wordle_design_i/zynq_ultra_ps_e_0/inst/pl_clk0 | wordle_design_i/game_status/U0/AXI_LITE_IPIF_I/I_SLAVE_ATTACHMENT/s_axi_rresp_i                                                                              | wordle_design_i/game_status/U0/AXI_LITE_IPIF_I/I_SLAVE_ATTACHMENT/SR[0]                                                                                                    |                1 |              1 |         1.00 |
|  wordle_design_i/zynq_ultra_ps_e_0/inst/pl_clk0 |                                                                                                                                                              | wordle_design_i/axi_smc/inst/switchboards/i_nodes/i_b_node/inst/s_sc_areset_pipe                                                                                           |                1 |              1 |         1.00 |
|  wordle_design_i/zynq_ultra_ps_e_0/inst/pl_clk0 |                                                                                                                                                              | wordle_design_i/axi_smc/inst/m04_nodes/m04_aw_node/inst/s_sc_areset_pipe                                                                                                   |                1 |              1 |         1.00 |
|  wordle_design_i/zynq_ultra_ps_e_0/inst/pl_clk0 |                                                                                                                                                              | wordle_design_i/axi_smc/inst/m02_nodes/m02_b_node/inst/s_sc_areset_pipe                                                                                                    |                1 |              1 |         1.00 |
|  wordle_design_i/zynq_ultra_ps_e_0/inst/pl_clk0 |                                                                                                                                                              | wordle_design_i/axi_smc/inst/m04_nodes/m04_r_node/inst/s_sc_areset_pipe                                                                                                    |                1 |              1 |         1.00 |
|  wordle_design_i/zynq_ultra_ps_e_0/inst/pl_clk0 |                                                                                                                                                              | wordle_design_i/axi_smc/inst/m04_nodes/m04_w_node/inst/s_sc_areset_pipe                                                                                                    |                1 |              1 |         1.00 |
|  wordle_design_i/zynq_ultra_ps_e_0/inst/pl_clk0 |                                                                                                                                                              | wordle_design_i/axi_smc/inst/m04_nodes/m04_ar_node/inst/s_sc_areset_pipe                                                                                                   |                1 |              1 |         1.00 |
|  wordle_design_i/zynq_ultra_ps_e_0/inst/pl_clk0 |                                                                                                                                                              | wordle_design_i/axi_smc/inst/m06_nodes/m06_ar_node/inst/s_sc_areset_pipe                                                                                                   |                1 |              1 |         1.00 |
|  wordle_design_i/zynq_ultra_ps_e_0/inst/pl_clk0 |                                                                                                                                                              | wordle_design_i/axi_smc/inst/m06_nodes/m06_aw_node/inst/s_sc_areset_pipe                                                                                                   |                1 |              1 |         1.00 |
|  wordle_design_i/zynq_ultra_ps_e_0/inst/pl_clk0 |                                                                                                                                                              | wordle_design_i/axi_smc/inst/m03_nodes/m03_w_node/inst/s_sc_areset_pipe                                                                                                    |                1 |              1 |         1.00 |
|  wordle_design_i/zynq_ultra_ps_e_0/inst/pl_clk0 |                                                                                                                                                              | wordle_design_i/axi_smc/inst/m03_nodes/m03_ar_node/inst/s_sc_areset_pipe                                                                                                   |                1 |              1 |         1.00 |
|  wordle_design_i/zynq_ultra_ps_e_0/inst/pl_clk0 |                                                                                                                                                              | wordle_design_i/axi_smc/inst/m03_nodes/m03_aw_node/inst/s_sc_areset_pipe                                                                                                   |                1 |              1 |         1.00 |
|  wordle_design_i/zynq_ultra_ps_e_0/inst/pl_clk0 |                                                                                                                                                              | wordle_design_i/axi_smc/inst/m03_nodes/m03_b_node/inst/s_sc_areset_pipe                                                                                                    |                1 |              1 |         1.00 |
|  wordle_design_i/zynq_ultra_ps_e_0/inst/pl_clk0 |                                                                                                                                                              | wordle_design_i/axi_smc/inst/m03_nodes/m03_r_node/inst/s_sc_areset_pipe                                                                                                    |                1 |              1 |         1.00 |
|  wordle_design_i/zynq_ultra_ps_e_0/inst/pl_clk0 |                                                                                                                                                              | wordle_design_i/axi_smc/inst/m06_nodes/m06_b_node/inst/s_sc_areset_pipe                                                                                                    |                1 |              1 |         1.00 |
|  wordle_design_i/zynq_ultra_ps_e_0/inst/pl_clk0 |                                                                                                                                                              | wordle_design_i/axi_smc/inst/switchboards/i_nodes/i_r_node/inst/s_sc_areset_pipe                                                                                           |                1 |              1 |         1.00 |
|  wordle_design_i/zynq_ultra_ps_e_0/inst/pl_clk0 |                                                                                                                                                              | wordle_design_i/axi_smc/inst/switchboards/i_nodes/i_w_node/inst/s_sc_areset_pipe                                                                                           |                1 |              1 |         1.00 |
|  wordle_design_i/zynq_ultra_ps_e_0/inst/pl_clk0 |                                                                                                                                                              | wordle_design_i/axi_smc/inst/m02_nodes/m02_r_node/inst/s_sc_areset_pipe                                                                                                    |                1 |              1 |         1.00 |
|  wordle_design_i/zynq_ultra_ps_e_0/inst/pl_clk0 |                                                                                                                                                              | wordle_design_i/axi_smc/inst/m02_nodes/m02_w_node/inst/s_sc_areset_pipe                                                                                                    |                1 |              1 |         1.00 |
|  wordle_design_i/zynq_ultra_ps_e_0/inst/pl_clk0 |                                                                                                                                                              | wordle_design_i/axi_smc/inst/m02_nodes/m02_ar_node/inst/s_sc_areset_pipe                                                                                                   |                1 |              1 |         1.00 |
|  wordle_design_i/zynq_ultra_ps_e_0/inst/pl_clk0 |                                                                                                                                                              | wordle_design_i/axi_smc/inst/m02_nodes/m02_aw_node/inst/s_sc_areset_pipe                                                                                                   |                1 |              1 |         1.00 |
|  wordle_design_i/zynq_ultra_ps_e_0/inst/pl_clk0 | wordle_design_i/ready/U0/AXI_LITE_IPIF_I/I_SLAVE_ATTACHMENT/s_axi_rresp_i                                                                                    | wordle_design_i/ready/U0/AXI_LITE_IPIF_I/I_SLAVE_ATTACHMENT/SS[0]                                                                                                          |                1 |              1 |         1.00 |
|  wordle_design_i/zynq_ultra_ps_e_0/inst/pl_clk0 | wordle_design_i/ready/U0/AXI_LITE_IPIF_I/I_SLAVE_ATTACHMENT/s_axi_rresp_i                                                                                    | wordle_design_i/game_status/U0/AXI_LITE_IPIF_I/I_SLAVE_ATTACHMENT/SR[0]                                                                                                    |                1 |              1 |         1.00 |
|  wordle_design_i/zynq_ultra_ps_e_0/inst/pl_clk0 |                                                                                                                                                              | wordle_design_i/axi_smc/inst/m01_nodes/m01_w_node/inst/s_sc_areset_pipe                                                                                                    |                1 |              1 |         1.00 |
|  wordle_design_i/zynq_ultra_ps_e_0/inst/pl_clk0 |                                                                                                                                                              | wordle_design_i/axi_smc/inst/m01_nodes/m01_ar_node/inst/s_sc_areset_pipe                                                                                                   |                1 |              1 |         1.00 |
|  wordle_design_i/zynq_ultra_ps_e_0/inst/pl_clk0 |                                                                                                                                                              | wordle_design_i/axi_smc/inst/m01_nodes/m01_aw_node/inst/s_sc_areset_pipe                                                                                                   |                1 |              1 |         1.00 |
|  wordle_design_i/zynq_ultra_ps_e_0/inst/pl_clk0 |                                                                                                                                                              | wordle_design_i/axi_smc/inst/m01_nodes/m01_b_node/inst/s_sc_areset_pipe                                                                                                    |                1 |              1 |         1.00 |
|  wordle_design_i/zynq_ultra_ps_e_0/inst/pl_clk0 |                                                                                                                                                              | wordle_design_i/axi_smc/inst/m01_nodes/m01_r_node/inst/s_sc_areset_pipe                                                                                                    |                1 |              1 |         1.00 |
|  wordle_design_i/zynq_ultra_ps_e_0/inst/pl_clk0 | wordle_design_i/ref_word_idx/U0/AXI_LITE_IPIF_I/I_SLAVE_ATTACHMENT/s_axi_rresp_i                                                                             | wordle_design_i/ref_word_idx/U0/AXI_LITE_IPIF_I/I_SLAVE_ATTACHMENT/SR[0]                                                                                                   |                1 |              1 |         1.00 |
|  wordle_design_i/zynq_ultra_ps_e_0/inst/pl_clk0 |                                                                                                                                                              | wordle_design_i/axi_smc/inst/m06_nodes/m06_w_node/inst/s_sc_areset_pipe                                                                                                    |                1 |              1 |         1.00 |
|  wordle_design_i/zynq_ultra_ps_e_0/inst/pl_clk0 |                                                                                                                                                              | wordle_design_i/axi_smc/inst/m00_nodes/m00_w_node/inst/s_sc_areset_pipe                                                                                                    |                1 |              1 |         1.00 |
|  wordle_design_i/zynq_ultra_ps_e_0/inst/pl_clk0 |                                                                                                                                                              | wordle_design_i/axi_smc/inst/m05_nodes/m05_ar_node/inst/s_sc_areset_pipe                                                                                                   |                1 |              1 |         1.00 |
|  wordle_design_i/zynq_ultra_ps_e_0/inst/pl_clk0 |                                                                                                                                                              | wordle_design_i/axi_smc/inst/m05_nodes/m05_aw_node/inst/s_sc_areset_pipe                                                                                                   |                1 |              1 |         1.00 |
|  wordle_design_i/zynq_ultra_ps_e_0/inst/pl_clk0 |                                                                                                                                                              | wordle_design_i/axi_smc/inst/m05_nodes/m05_b_node/inst/s_sc_areset_pipe                                                                                                    |                1 |              1 |         1.00 |
|  wordle_design_i/zynq_ultra_ps_e_0/inst/pl_clk0 | wordle_design_i/axi_smc/inst/switchboards/i_nodes/i_b_node/inst/inst_si_handler/gen_si_handler.gen_arbiter_rr_minimal_area.inst_arbiter/grant_i_reg[5]_1[0]  |                                                                                                                                                                            |                1 |              1 |         1.00 |
|  wordle_design_i/zynq_ultra_ps_e_0/inst/pl_clk0 |                                                                                                                                                              | wordle_design_i/axi_smc/inst/m05_nodes/m05_r_node/inst/s_sc_areset_pipe                                                                                                    |                1 |              1 |         1.00 |
|  wordle_design_i/zynq_ultra_ps_e_0/inst/pl_clk0 |                                                                                                                                                              | wordle_design_i/axi_smc/inst/m05_nodes/m05_w_node/inst/s_sc_areset_pipe                                                                                                    |                1 |              1 |         1.00 |
|  wordle_design_i/zynq_ultra_ps_e_0/inst/pl_clk0 |                                                                                                                                                              | wordle_design_i/axi_smc/inst/m00_nodes/m00_ar_node/inst/s_sc_areset_pipe                                                                                                   |                1 |              1 |         1.00 |
|  wordle_design_i/zynq_ultra_ps_e_0/inst/pl_clk0 |                                                                                                                                                              | wordle_design_i/axi_smc/inst/m00_nodes/m00_aw_node/inst/s_sc_areset_pipe                                                                                                   |                1 |              1 |         1.00 |
|  wordle_design_i/zynq_ultra_ps_e_0/inst/pl_clk0 |                                                                                                                                                              | wordle_design_i/axi_smc/inst/m00_nodes/m00_b_node/inst/s_sc_areset_pipe                                                                                                    |                1 |              1 |         1.00 |
|  wordle_design_i/zynq_ultra_ps_e_0/inst/pl_clk0 |                                                                                                                                                              | wordle_design_i/axi_smc/inst/switchboards/i_nodes/i_aw_node/inst/s_sc_areset_pipe                                                                                          |                1 |              1 |         1.00 |
|  wordle_design_i/zynq_ultra_ps_e_0/inst/pl_clk0 | wordle_design_i/game_status/U0/AXI_LITE_IPIF_I/I_SLAVE_ATTACHMENT/s_axi_rresp_i                                                                              | wordle_design_i/ready/U0/AXI_LITE_IPIF_I/I_SLAVE_ATTACHMENT/SS[0]                                                                                                          |                1 |              1 |         1.00 |
|  wordle_design_i/zynq_ultra_ps_e_0/inst/pl_clk0 | wordle_design_i/axi_smc/inst/switchboards/i_nodes/i_r_node/inst/inst_mi_handler/gen_normal_area.gen_fi_regulator.inst_fi_regulator/allow_transfer_r_reg_2[0] | wordle_design_i/axi_smc/inst/switchboards/i_nodes/i_r_node/inst/inst_si_handler/areset_r                                                                                   |                1 |              2 |         2.00 |
|  wordle_design_i/zynq_ultra_ps_e_0/inst/pl_clk0 |                                                                                                                                                              | wordle_design_i/axi_smc/inst/switchboards/i_nodes/i_ar_node/inst/inst_mi_handler/areset_r                                                                                  |                1 |              2 |         2.00 |
|  wordle_design_i/zynq_ultra_ps_e_0/inst/pl_clk0 |                                                                                                                                                              | wordle_design_i/axi_smc/inst/m05_exit_pipeline/m05_exit/inst/exit_inst/gen_r_cmd_reg.aresetn_d_reg_n_0_[0]                                                                 |                1 |              2 |         2.00 |
|  wordle_design_i/zynq_ultra_ps_e_0/inst/pl_clk0 |                                                                                                                                                              | wordle_design_i/axi_smc/inst/m05_exit_pipeline/m05_exit/inst/areset                                                                                                        |                1 |              2 |         2.00 |
|  wordle_design_i/zynq_ultra_ps_e_0/inst/pl_clk0 |                                                                                                                                                              | wordle_design_i/axi_smc/inst/m04_exit_pipeline/m04_exit/inst/exit_inst/gen_r_cmd_reg.aresetn_d_reg_n_0_[0]                                                                 |                2 |              2 |         1.00 |
|  wordle_design_i/zynq_ultra_ps_e_0/inst/pl_clk0 |                                                                                                                                                              | wordle_design_i/axi_smc/inst/m04_exit_pipeline/m04_exit/inst/areset                                                                                                        |                1 |              2 |         2.00 |
|  wordle_design_i/zynq_ultra_ps_e_0/inst/pl_clk0 |                                                                                                                                                              | wordle_design_i/axi_smc/inst/m03_exit_pipeline/m03_exit/inst/exit_inst/gen_r_cmd_reg.aresetn_d_reg_n_0_[0]                                                                 |                1 |              2 |         2.00 |
|  wordle_design_i/zynq_ultra_ps_e_0/inst/pl_clk0 |                                                                                                                                                              | wordle_design_i/axi_smc/inst/s00_entry_pipeline/s00_mmu/inst/gen_wroute_reg.wroute_split/m_ready_d[1]_i_1_n_0                                                              |                2 |              2 |         1.00 |
|  wordle_design_i/zynq_ultra_ps_e_0/inst/pl_clk0 |                                                                                                                                                              | wordle_design_i/axi_smc/inst/m03_exit_pipeline/m03_exit/inst/areset                                                                                                        |                1 |              2 |         2.00 |
|  wordle_design_i/zynq_ultra_ps_e_0/inst/pl_clk0 |                                                                                                                                                              | wordle_design_i/axi_smc/inst/m02_exit_pipeline/m02_exit/inst/exit_inst/gen_r_cmd_reg.aresetn_d_reg_n_0_[0]                                                                 |                1 |              2 |         2.00 |
|  wordle_design_i/zynq_ultra_ps_e_0/inst/pl_clk0 |                                                                                                                                                              | wordle_design_i/axi_smc/inst/m02_exit_pipeline/m02_exit/inst/areset                                                                                                        |                1 |              2 |         2.00 |
|  wordle_design_i/zynq_ultra_ps_e_0/inst/pl_clk0 |                                                                                                                                                              | wordle_design_i/axi_smc/inst/m01_exit_pipeline/m01_exit/inst/exit_inst/gen_r_cmd_reg.aresetn_d_reg_n_0_[0]                                                                 |                1 |              2 |         2.00 |
|  wordle_design_i/zynq_ultra_ps_e_0/inst/pl_clk0 |                                                                                                                                                              | wordle_design_i/axi_smc/inst/m01_exit_pipeline/m01_exit/inst/areset                                                                                                        |                1 |              2 |         2.00 |
|  wordle_design_i/zynq_ultra_ps_e_0/inst/pl_clk0 | wordle_design_i/axi_smc/inst/switchboards/i_nodes/i_r_node/inst/inst_mi_handler/gen_normal_area.gen_fi_regulator.inst_fi_regulator/E[0]                      | wordle_design_i/axi_smc/inst/switchboards/i_nodes/i_r_node/inst/inst_si_handler/areset_r                                                                                   |                1 |              2 |         2.00 |
|  wordle_design_i/zynq_ultra_ps_e_0/inst/pl_clk0 |                                                                                                                                                              | wordle_design_i/rst_ps8_0_99M/U0/peripheral_aresetn[0]                                                                                                                     |                1 |              2 |         2.00 |
|  wordle_design_i/zynq_ultra_ps_e_0/inst/pl_clk0 |                                                                                                                                                              | wordle_design_i/axi_smc/inst/m00_exit_pipeline/m00_exit/inst/areset                                                                                                        |                1 |              2 |         2.00 |
|  wordle_design_i/zynq_ultra_ps_e_0/inst/pl_clk0 | wordle_design_i/axi_smc/inst/switchboards/i_nodes/i_b_node/inst/inst_mi_handler/gen_normal_area.gen_fi_regulator.inst_fi_regulator/allow_transfer_r_reg_4[0] | wordle_design_i/axi_smc/inst/switchboards/i_nodes/i_b_node/inst/inst_si_handler/areset_r                                                                                   |                1 |              2 |         2.00 |
|  wordle_design_i/zynq_ultra_ps_e_0/inst/pl_clk0 |                                                                                                                                                              | wordle_design_i/axi_smc/inst/m00_exit_pipeline/m00_exit/inst/exit_inst/gen_r_cmd_reg.aresetn_d_reg_n_0_[0]                                                                 |                2 |              2 |         1.00 |
|  wordle_design_i/zynq_ultra_ps_e_0/inst/pl_clk0 | wordle_design_i/axi_smc/inst/switchboards/i_nodes/i_b_node/inst/inst_mi_handler/gen_normal_area.gen_fi_regulator.inst_fi_regulator/allow_transfer_r_reg_1[0] | wordle_design_i/axi_smc/inst/switchboards/i_nodes/i_b_node/inst/inst_si_handler/areset_r                                                                                   |                1 |              2 |         2.00 |
|  wordle_design_i/zynq_ultra_ps_e_0/inst/pl_clk0 |                                                                                                                                                              | wordle_design_i/axi_smc/inst/s00_entry_pipeline/s00_mmu/inst/areset_d                                                                                                      |                1 |              2 |         2.00 |
|  wordle_design_i/zynq_ultra_ps_e_0/inst/pl_clk0 | wordle_design_i/axi_smc/inst/switchboards/i_nodes/i_b_node/inst/inst_mi_handler/gen_normal_area.gen_fi_regulator.inst_fi_regulator/allow_transfer_r_reg_3[0] | wordle_design_i/axi_smc/inst/switchboards/i_nodes/i_b_node/inst/inst_si_handler/areset_r                                                                                   |                1 |              2 |         2.00 |
|  wordle_design_i/zynq_ultra_ps_e_0/inst/pl_clk0 |                                                                                                                                                              | wordle_design_i/axi_smc/inst/m06_exit_pipeline/m06_exit/inst/exit_inst/gen_r_cmd_reg.aresetn_d_reg_n_0_[0]                                                                 |                1 |              2 |         2.00 |
|  wordle_design_i/zynq_ultra_ps_e_0/inst/pl_clk0 | wordle_design_i/ready/U0/AXI_LITE_IPIF_I/I_SLAVE_ATTACHMENT/is_read_i_1_n_0                                                                                  | wordle_design_i/game_status/U0/AXI_LITE_IPIF_I/I_SLAVE_ATTACHMENT/SR[0]                                                                                                    |                1 |              2 |         2.00 |
|  wordle_design_i/zynq_ultra_ps_e_0/inst/pl_clk0 | wordle_design_i/result/U0/AXI_LITE_IPIF_I/I_SLAVE_ATTACHMENT/is_read_i_1_n_0                                                                                 | wordle_design_i/guess_word/U0/AXI_LITE_IPIF_I/I_SLAVE_ATTACHMENT/SR[0]                                                                                                     |                1 |              2 |         2.00 |
|  wordle_design_i/zynq_ultra_ps_e_0/inst/pl_clk0 | wordle_design_i/ref_word_idx/U0/AXI_LITE_IPIF_I/I_SLAVE_ATTACHMENT/is_read_i_1_n_0                                                                           | wordle_design_i/guess_count/U0/AXI_LITE_IPIF_I/I_SLAVE_ATTACHMENT/SR[0]                                                                                                    |                1 |              2 |         2.00 |
|  wordle_design_i/zynq_ultra_ps_e_0/inst/pl_clk0 | wordle_design_i/axi_smc/inst/switchboards/i_nodes/i_b_node/inst/inst_mi_handler/gen_normal_area.gen_fi_regulator.inst_fi_regulator/allow_transfer_r_reg_6[0] | wordle_design_i/axi_smc/inst/switchboards/i_nodes/i_b_node/inst/inst_si_handler/areset_r                                                                                   |                1 |              2 |         2.00 |
|  wordle_design_i/zynq_ultra_ps_e_0/inst/pl_clk0 | wordle_design_i/guess_count/U0/AXI_LITE_IPIF_I/I_SLAVE_ATTACHMENT/bus2ip_addr_i[8]_i_1_n_0                                                                   | wordle_design_i/guess_word/U0/AXI_LITE_IPIF_I/I_SLAVE_ATTACHMENT/SR[0]                                                                                                     |                1 |              2 |         2.00 |
|  wordle_design_i/zynq_ultra_ps_e_0/inst/pl_clk0 | wordle_design_i/ref_word_idx/U0/AXI_LITE_IPIF_I/I_SLAVE_ATTACHMENT/s_axi_rresp_i                                                                             | wordle_design_i/guess_id/U0/AXI_LITE_IPIF_I/I_SLAVE_ATTACHMENT/SR[0]                                                                                                       |                1 |              2 |         2.00 |
|  wordle_design_i/zynq_ultra_ps_e_0/inst/pl_clk0 | wordle_design_i/guess_id/U0/AXI_LITE_IPIF_I/I_SLAVE_ATTACHMENT/is_read_i_1_n_0                                                                               | wordle_design_i/guess_word/U0/AXI_LITE_IPIF_I/I_SLAVE_ATTACHMENT/SR[0]                                                                                                     |                1 |              2 |         2.00 |
|  wordle_design_i/zynq_ultra_ps_e_0/inst/pl_clk0 | wordle_design_i/guess_count/U0/AXI_LITE_IPIF_I/I_SLAVE_ATTACHMENT/s_axi_rresp_i                                                                              | wordle_design_i/guess_word/U0/AXI_LITE_IPIF_I/I_SLAVE_ATTACHMENT/SR[0]                                                                                                     |                1 |              2 |         2.00 |
|  wordle_design_i/zynq_ultra_ps_e_0/inst/pl_clk0 | wordle_design_i/guess_count/U0/AXI_LITE_IPIF_I/I_SLAVE_ATTACHMENT/bus2ip_addr_i[8]_i_1_n_0                                                                   | wordle_design_i/guess_count/U0/AXI_LITE_IPIF_I/I_SLAVE_ATTACHMENT/SR[0]                                                                                                    |                1 |              2 |         2.00 |
|  wordle_design_i/zynq_ultra_ps_e_0/inst/pl_clk0 | wordle_design_i/axi_smc/inst/switchboards/i_nodes/i_b_node/inst/inst_mi_handler/gen_normal_area.gen_fi_regulator.inst_fi_regulator/allow_transfer_r_reg_2[0] | wordle_design_i/axi_smc/inst/switchboards/i_nodes/i_b_node/inst/inst_si_handler/areset_r                                                                                   |                1 |              2 |         2.00 |
|  wordle_design_i/zynq_ultra_ps_e_0/inst/pl_clk0 |                                                                                                                                                              | wordle_design_i/axi_smc/inst/s00_entry_pipeline/s00_transaction_regulator/inst/areset                                                                                      |                1 |              2 |         2.00 |
|  wordle_design_i/zynq_ultra_ps_e_0/inst/pl_clk0 | wordle_design_i/guess_count/U0/AXI_LITE_IPIF_I/I_SLAVE_ATTACHMENT/is_read_i_1_n_0                                                                            | wordle_design_i/guess_word/U0/AXI_LITE_IPIF_I/I_SLAVE_ATTACHMENT/SR[0]                                                                                                     |                1 |              2 |         2.00 |
|  wordle_design_i/zynq_ultra_ps_e_0/inst/pl_clk0 |                                                                                                                                                              | wordle_design_i/axi_smc/inst/s00_entry_pipeline/s00_transaction_regulator/inst/gen_endpoint.gen_w_singleorder.w_singleorder/gen_id_reg.aresetn_d_reg_n_0_[0]               |                2 |              2 |         1.00 |
|  wordle_design_i/zynq_ultra_ps_e_0/inst/pl_clk0 |                                                                                                                                                              | wordle_design_i/game_status/U0/AXI_LITE_IPIF_I/I_SLAVE_ATTACHMENT/I_DECODER/bus2ip_rnw_i_reg                                                                               |                1 |              2 |         2.00 |
|  wordle_design_i/zynq_ultra_ps_e_0/inst/pl_clk0 | wordle_design_i/axi_smc/inst/switchboards/i_nodes/i_b_node/inst/inst_mi_handler/gen_normal_area.gen_fi_regulator.inst_fi_regulator/allow_transfer_r_reg_5[0] | wordle_design_i/axi_smc/inst/switchboards/i_nodes/i_b_node/inst/inst_si_handler/areset_r                                                                                   |                1 |              2 |         2.00 |
|  wordle_design_i/zynq_ultra_ps_e_0/inst/pl_clk0 | wordle_design_i/axi_smc/inst/switchboards/i_nodes/i_b_node/inst/inst_mi_handler/gen_normal_area.gen_fi_regulator.inst_fi_regulator/E[0]                      | wordle_design_i/axi_smc/inst/switchboards/i_nodes/i_b_node/inst/inst_si_handler/areset_r                                                                                   |                1 |              2 |         2.00 |
|  wordle_design_i/zynq_ultra_ps_e_0/inst/pl_clk0 | wordle_design_i/guess_word/U0/AXI_LITE_IPIF_I/I_SLAVE_ATTACHMENT/is_read_i_1_n_0                                                                             | wordle_design_i/guess_word/U0/AXI_LITE_IPIF_I/I_SLAVE_ATTACHMENT/SR[0]                                                                                                     |                1 |              2 |         2.00 |
|  wordle_design_i/zynq_ultra_ps_e_0/inst/pl_clk0 | wordle_design_i/guess_word/U0/AXI_LITE_IPIF_I/I_SLAVE_ATTACHMENT/s_axi_rresp_i                                                                               | wordle_design_i/guess_id/U0/AXI_LITE_IPIF_I/I_SLAVE_ATTACHMENT/SR[0]                                                                                                       |                1 |              2 |         2.00 |
|  wordle_design_i/zynq_ultra_ps_e_0/inst/pl_clk0 |                                                                                                                                                              | wordle_design_i/axi_smc/inst/switchboards/i_nodes/i_aw_node/inst/inst_mi_handler/areset_r                                                                                  |                1 |              2 |         2.00 |
|  wordle_design_i/zynq_ultra_ps_e_0/inst/pl_clk0 | wordle_design_i/axi_smc/inst/switchboards/i_nodes/i_r_node/inst/inst_mi_handler/gen_normal_area.gen_fi_regulator.inst_fi_regulator/allow_transfer_r_reg_3[0] | wordle_design_i/axi_smc/inst/switchboards/i_nodes/i_r_node/inst/inst_si_handler/areset_r                                                                                   |                1 |              2 |         2.00 |
|  wordle_design_i/zynq_ultra_ps_e_0/inst/pl_clk0 |                                                                                                                                                              | wordle_design_i/axi_smc/inst/switchboards/i_nodes/i_b_node/inst/inst_mi_handler/areset_r                                                                                   |                1 |              2 |         2.00 |
|  wordle_design_i/zynq_ultra_ps_e_0/inst/pl_clk0 | wordle_design_i/guess_word/U0/AXI_LITE_IPIF_I/I_SLAVE_ATTACHMENT/I_DECODER/E[0]                                                                              | wordle_design_i/guess_id/U0/AXI_LITE_IPIF_I/I_SLAVE_ATTACHMENT/SR[0]                                                                                                       |                1 |              2 |         2.00 |
|  wordle_design_i/zynq_ultra_ps_e_0/inst/pl_clk0 |                                                                                                                                                              | wordle_design_i/axi_smc/inst/m06_exit_pipeline/m06_exit/inst/areset                                                                                                        |                1 |              2 |         2.00 |
|  wordle_design_i/zynq_ultra_ps_e_0/inst/pl_clk0 |                                                                                                                                                              | wordle_design_i/axi_smc/inst/switchboards/i_nodes/i_r_node/inst/inst_mi_handler/areset_r                                                                                   |                1 |              2 |         2.00 |
|  wordle_design_i/zynq_ultra_ps_e_0/inst/pl_clk0 |                                                                                                                                                              | wordle_design_i/axi_smc/inst/switchboards/i_nodes/i_w_node/inst/inst_mi_handler/areset_r                                                                                   |                1 |              2 |         2.00 |
|  wordle_design_i/zynq_ultra_ps_e_0/inst/pl_clk0 | wordle_design_i/game_status/U0/AXI_LITE_IPIF_I/I_SLAVE_ATTACHMENT/is_read_i_1_n_0                                                                            | wordle_design_i/game_status/U0/AXI_LITE_IPIF_I/I_SLAVE_ATTACHMENT/SR[0]                                                                                                    |                1 |              2 |         2.00 |
|  wordle_design_i/zynq_ultra_ps_e_0/inst/pl_clk0 | wordle_design_i/game_status/U0/AXI_LITE_IPIF_I/I_SLAVE_ATTACHMENT/I_DECODER/E[0]                                                                             | wordle_design_i/ready/U0/AXI_LITE_IPIF_I/I_SLAVE_ATTACHMENT/SS[0]                                                                                                          |                1 |              2 |         2.00 |
|  wordle_design_i/zynq_ultra_ps_e_0/inst/pl_clk0 | wordle_design_i/axi_smc/inst/s00_entry_pipeline/s00_mmu/inst/gen_wroute_reg.wroute_split/E[0]                                                                | wordle_design_i/axi_smc/inst/s00_entry_pipeline/s00_mmu/inst/areset                                                                                                        |                1 |              2 |         2.00 |
|  wordle_design_i/zynq_ultra_ps_e_0/inst/pl_clk0 | wordle_design_i/axi_smc/inst/switchboards/i_nodes/i_r_node/inst/inst_mi_handler/gen_normal_area.gen_fi_regulator.inst_fi_regulator/allow_transfer_r_reg_1[0] | wordle_design_i/axi_smc/inst/switchboards/i_nodes/i_r_node/inst/inst_si_handler/areset_r                                                                                   |                1 |              2 |         2.00 |
|  wordle_design_i/zynq_ultra_ps_e_0/inst/pl_clk0 | wordle_design_i/axi_smc/inst/switchboards/i_nodes/i_r_node/inst/inst_mi_handler/gen_normal_area.gen_fi_regulator.inst_fi_regulator/allow_transfer_r_reg_4[0] | wordle_design_i/axi_smc/inst/switchboards/i_nodes/i_r_node/inst/inst_si_handler/areset_r                                                                                   |                1 |              2 |         2.00 |
|  wordle_design_i/zynq_ultra_ps_e_0/inst/pl_clk0 | wordle_design_i/axi_smc/inst/switchboards/i_nodes/i_r_node/inst/inst_mi_handler/gen_normal_area.gen_fi_regulator.inst_fi_regulator/allow_transfer_r_reg_5[0] | wordle_design_i/axi_smc/inst/switchboards/i_nodes/i_r_node/inst/inst_si_handler/areset_r                                                                                   |                1 |              2 |         2.00 |
|  wordle_design_i/zynq_ultra_ps_e_0/inst/pl_clk0 | wordle_design_i/axi_smc/inst/switchboards/i_nodes/i_r_node/inst/inst_mi_handler/gen_normal_area.gen_fi_regulator.inst_fi_regulator/allow_transfer_r_reg_6[0] | wordle_design_i/axi_smc/inst/switchboards/i_nodes/i_r_node/inst/inst_si_handler/areset_r                                                                                   |                1 |              2 |         2.00 |
|  wordle_design_i/zynq_ultra_ps_e_0/inst/pl_clk0 | wordle_design_i/axi_smc/inst/s00_entry_pipeline/s00_si_converter/inst/gen_axilite_conv.axilite_conv_inst/m_r_pointer[1]_i_1_n_0                              | wordle_design_i/axi_smc/inst/s00_entry_pipeline/s00_si_converter/inst/areset                                                                                               |                1 |              2 |         2.00 |
|  wordle_design_i/zynq_ultra_ps_e_0/inst/pl_clk0 | wordle_design_i/axi_smc/inst/s00_entry_pipeline/s00_si_converter/inst/gen_axilite_conv.axilite_conv_inst/r_state                                             | wordle_design_i/axi_smc/inst/s00_entry_pipeline/s00_si_converter/inst/areset                                                                                               |                1 |              2 |         2.00 |
|  wordle_design_i/zynq_ultra_ps_e_0/inst/pl_clk0 | wordle_design_i/axi_smc/inst/s00_entry_pipeline/s00_si_converter/inst/gen_axilite_conv.axilite_conv_inst/s_axi_bresp_i                                       | wordle_design_i/axi_smc/inst/s00_entry_pipeline/s00_si_converter/inst/gen_axilite_conv.axilite_conv_inst/s_axi_bresp_i[1]_i_1_n_0                                          |                1 |              2 |         2.00 |
|  wordle_design_i/zynq_ultra_ps_e_0/inst/pl_clk0 | wordle_design_i/axi_smc/inst/s00_entry_pipeline/s00_si_converter/inst/gen_axilite_conv.axilite_conv_inst/s_axi_rresp_i[1]_i_1_n_0                            | wordle_design_i/axi_smc/inst/s00_entry_pipeline/s00_si_converter/inst/areset                                                                                               |                2 |              2 |         1.00 |
|  wordle_design_i/zynq_ultra_ps_e_0/inst/pl_clk0 | wordle_design_i/axi_smc/inst/s00_entry_pipeline/s00_mmu/inst/aw_reg_stall/state                                                                              | wordle_design_i/axi_smc/inst/s00_entry_pipeline/s00_mmu/inst/areset                                                                                                        |                1 |              3 |         3.00 |
|  wordle_design_i/zynq_ultra_ps_e_0/inst/pl_clk0 | wordle_design_i/axi_smc/inst/s00_entry_pipeline/s00_mmu/inst/gen_endpoint.decerr_slave_inst/FSM_onehot_gen_axi.gen_write.write_cs[2]_i_1_n_0                 | wordle_design_i/axi_smc/inst/s00_entry_pipeline/s00_mmu/inst/areset                                                                                                        |                2 |              3 |         1.50 |
|  wordle_design_i/zynq_ultra_ps_e_0/inst/pl_clk0 | wordle_design_i/axi_smc/inst/s00_entry_pipeline/s00_si_converter/inst/gen_axilite_conv.axilite_conv_inst/aw_incr                                             | wordle_design_i/axi_smc/inst/s00_entry_pipeline/s00_si_converter/inst/areset                                                                                               |                2 |              3 |         1.50 |
|  wordle_design_i/zynq_ultra_ps_e_0/inst/pl_clk0 | wordle_design_i/axi_smc/inst/s00_entry_pipeline/s00_mmu/inst/wroute_vacancy                                                                                  |                                                                                                                                                                            |                1 |              3 |         3.00 |
|  wordle_design_i/zynq_ultra_ps_e_0/inst/pl_clk0 | wordle_design_i/guess_count/U0/AXI_LITE_IPIF_I/I_SLAVE_ATTACHMENT/s_axi_rresp_i                                                                              | wordle_design_i/guess_count/U0/AXI_LITE_IPIF_I/I_SLAVE_ATTACHMENT/SR[0]                                                                                                    |                1 |              3 |         3.00 |
|  wordle_design_i/zynq_ultra_ps_e_0/inst/pl_clk0 | wordle_design_i/axi_smc/inst/s00_entry_pipeline/s00_mmu/inst/ar_reg_stall/state                                                                              | wordle_design_i/axi_smc/inst/s00_entry_pipeline/s00_mmu/inst/areset                                                                                                        |                1 |              3 |         3.00 |
|  wordle_design_i/zynq_ultra_ps_e_0/inst/pl_clk0 | wordle_design_i/axi_smc/inst/s00_entry_pipeline/s00_si_converter/inst/gen_axilite_conv.axilite_conv_inst/w_state                                             | wordle_design_i/axi_smc/inst/s00_entry_pipeline/s00_si_converter/inst/areset                                                                                               |                1 |              3 |         3.00 |
|  wordle_design_i/zynq_ultra_ps_e_0/inst/pl_clk0 | wordle_design_i/ref_word_idx/U0/AXI_LITE_IPIF_I/I_SLAVE_ATTACHMENT/bus2ip_addr_i[8]_i_1_n_0                                                                  | wordle_design_i/guess_id/U0/AXI_LITE_IPIF_I/I_SLAVE_ATTACHMENT/SR[0]                                                                                                       |                1 |              4 |         4.00 |
|  wordle_design_i/zynq_ultra_ps_e_0/inst/pl_clk0 | wordle_design_i/guess_count/U0/AXI_LITE_IPIF_I/I_SLAVE_ATTACHMENT/I_DECODER/E[0]                                                                             | wordle_design_i/guess_count/U0/AXI_LITE_IPIF_I/I_SLAVE_ATTACHMENT/SR[0]                                                                                                    |                1 |              4 |         4.00 |
|  wordle_design_i/zynq_ultra_ps_e_0/inst/pl_clk0 |                                                                                                                                                              | wordle_design_i/guess_id/U0/gpio_core_1/Read_Reg_Rst__0                                                                                                                    |                1 |              4 |         4.00 |
|  wordle_design_i/zynq_ultra_ps_e_0/inst/pl_clk0 |                                                                                                                                                              | wordle_design_i/rst_ps8_0_99M/U0/EXT_LPF/lpf_int                                                                                                                           |                2 |              4 |         2.00 |
|  wordle_design_i/zynq_ultra_ps_e_0/inst/pl_clk0 | wordle_design_i/game_status/U0/AXI_LITE_IPIF_I/I_SLAVE_ATTACHMENT/start2                                                                                     | wordle_design_i/game_status/U0/AXI_LITE_IPIF_I/I_SLAVE_ATTACHMENT/I_DECODER/cs_ce_clr                                                                                      |                1 |              4 |         4.00 |
|  wordle_design_i/zynq_ultra_ps_e_0/inst/pl_clk0 | wordle_design_i/game_status/U0/AXI_LITE_IPIF_I/I_SLAVE_ATTACHMENT/bus2ip_addr_i[8]_i_1_n_0                                                                   | wordle_design_i/ready/U0/AXI_LITE_IPIF_I/I_SLAVE_ATTACHMENT/SS[0]                                                                                                          |                2 |              4 |         2.00 |
|  wordle_design_i/zynq_ultra_ps_e_0/inst/pl_clk0 | wordle_design_i/axi_smc/inst/s00_entry_pipeline/s00_mmu/inst/gen_endpoint.decerr_slave_inst/E[0]                                                             | wordle_design_i/axi_smc/inst/s00_entry_pipeline/s00_mmu/inst/areset                                                                                                        |                1 |              4 |         4.00 |
|  wordle_design_i/zynq_ultra_ps_e_0/inst/pl_clk0 |                                                                                                                                                              | wordle_design_i/guess_id/U0/AXI_LITE_IPIF_I/I_SLAVE_ATTACHMENT/clear                                                                                                       |                1 |              4 |         4.00 |
|  wordle_design_i/zynq_ultra_ps_e_0/inst/pl_clk0 |                                                                                                                                                              | wordle_design_i/axi_smc/inst/clk_map/psr_aclk/U0/EXT_LPF/lpf_int                                                                                                           |                1 |              4 |         4.00 |
|  wordle_design_i/zynq_ultra_ps_e_0/inst/pl_clk0 |                                                                                                                                                              | wordle_design_i/guess_count/U0/AXI_LITE_IPIF_I/I_SLAVE_ATTACHMENT/I_DECODER/bus2ip_rnw_i_reg                                                                               |                1 |              4 |         4.00 |
|  wordle_design_i/zynq_ultra_ps_e_0/inst/pl_clk0 |                                                                                                                                                              | wordle_design_i/game_status/U0/AXI_LITE_IPIF_I/I_SLAVE_ATTACHMENT/clear                                                                                                    |                2 |              4 |         2.00 |
|  wordle_design_i/zynq_ultra_ps_e_0/inst/pl_clk0 |                                                                                                                                                              | wordle_design_i/guess_count/U0/AXI_LITE_IPIF_I/I_SLAVE_ATTACHMENT/clear                                                                                                    |                1 |              4 |         4.00 |
|  wordle_design_i/zynq_ultra_ps_e_0/inst/pl_clk0 | wordle_design_i/guess_count/U0/AXI_LITE_IPIF_I/I_SLAVE_ATTACHMENT/start2                                                                                     | wordle_design_i/guess_count/U0/AXI_LITE_IPIF_I/I_SLAVE_ATTACHMENT/I_DECODER/cs_ce_clr                                                                                      |                1 |              4 |         4.00 |
|  wordle_design_i/zynq_ultra_ps_e_0/inst/pl_clk0 | wordle_design_i/axi_smc/inst/s00_entry_pipeline/s00_mmu/inst/aw_reg_stall/skid_buffer[1136]_i_1__0_n_0                                                       | wordle_design_i/axi_smc/inst/s00_entry_pipeline/s00_mmu/inst/aw_reg_stall/skid_buffer[6]_i_1_n_0                                                                           |                1 |              4 |         4.00 |
|  wordle_design_i/zynq_ultra_ps_e_0/inst/pl_clk0 | wordle_design_i/guess_word/U0/AXI_LITE_IPIF_I/I_SLAVE_ATTACHMENT/start2                                                                                      | wordle_design_i/guess_word/U0/AXI_LITE_IPIF_I/I_SLAVE_ATTACHMENT/I_DECODER/cs_ce_clr                                                                                       |                1 |              4 |         4.00 |
|  wordle_design_i/zynq_ultra_ps_e_0/inst/pl_clk0 | wordle_design_i/guess_id/U0/AXI_LITE_IPIF_I/I_SLAVE_ATTACHMENT/I_DECODER/E[0]                                                                                | wordle_design_i/guess_id/U0/AXI_LITE_IPIF_I/I_SLAVE_ATTACHMENT/SR[0]                                                                                                       |                1 |              4 |         4.00 |
|  wordle_design_i/zynq_ultra_ps_e_0/inst/pl_clk0 | wordle_design_i/guess_id/U0/AXI_LITE_IPIF_I/I_SLAVE_ATTACHMENT/bus2ip_addr_i[8]_i_1_n_0                                                                      | wordle_design_i/guess_id/U0/AXI_LITE_IPIF_I/I_SLAVE_ATTACHMENT/SR[0]                                                                                                       |                1 |              4 |         4.00 |
|  wordle_design_i/zynq_ultra_ps_e_0/inst/pl_clk0 |                                                                                                                                                              | wordle_design_i/ref_word_idx/U0/AXI_LITE_IPIF_I/I_SLAVE_ATTACHMENT/clear                                                                                                   |                1 |              4 |         4.00 |
|  wordle_design_i/zynq_ultra_ps_e_0/inst/pl_clk0 | wordle_design_i/guess_id/U0/AXI_LITE_IPIF_I/I_SLAVE_ATTACHMENT/start2                                                                                        | wordle_design_i/guess_id/U0/AXI_LITE_IPIF_I/I_SLAVE_ATTACHMENT/I_DECODER/cs_ce_clr                                                                                         |                2 |              4 |         2.00 |
|  wordle_design_i/zynq_ultra_ps_e_0/inst/pl_clk0 | wordle_design_i/guess_word/U0/AXI_LITE_IPIF_I/I_SLAVE_ATTACHMENT/bus2ip_addr_i[8]_i_1_n_0                                                                    | wordle_design_i/guess_count/U0/AXI_LITE_IPIF_I/I_SLAVE_ATTACHMENT/SR[0]                                                                                                    |                1 |              4 |         4.00 |
|  wordle_design_i/zynq_ultra_ps_e_0/inst/pl_clk0 | wordle_design_i/axi_smc/inst/s00_entry_pipeline/s00_si_converter/inst/gen_axilite_conv.axilite_conv_inst/w_size_mask[3]_i_1_n_0                              |                                                                                                                                                                            |                1 |              4 |         4.00 |
|  wordle_design_i/zynq_ultra_ps_e_0/inst/pl_clk0 | wordle_design_i/ref_word_idx/U0/AXI_LITE_IPIF_I/I_SLAVE_ATTACHMENT/start2                                                                                    | wordle_design_i/ref_word_idx/U0/AXI_LITE_IPIF_I/I_SLAVE_ATTACHMENT/I_DECODER/cs_ce_clr                                                                                     |                2 |              4 |         2.00 |
|  wordle_design_i/zynq_ultra_ps_e_0/inst/pl_clk0 | wordle_design_i/axi_smc/inst/s00_entry_pipeline/s00_si_converter/inst/gen_axilite_conv.axilite_conv_inst/s_r_pointer[3]_i_1_n_0                              | wordle_design_i/axi_smc/inst/s00_entry_pipeline/s00_si_converter/inst/areset                                                                                               |                1 |              4 |         4.00 |
|  wordle_design_i/zynq_ultra_ps_e_0/inst/pl_clk0 |                                                                                                                                                              | wordle_design_i/guess_word/U0/AXI_LITE_IPIF_I/I_SLAVE_ATTACHMENT/clear                                                                                                     |                2 |              4 |         2.00 |
|  wordle_design_i/zynq_ultra_ps_e_0/inst/pl_clk0 |                                                                                                                                                              | wordle_design_i/ready/U0/AXI_LITE_IPIF_I/I_SLAVE_ATTACHMENT/clear                                                                                                          |                2 |              4 |         2.00 |
|  wordle_design_i/zynq_ultra_ps_e_0/inst/pl_clk0 | wordle_design_i/axi_smc/inst/s00_entry_pipeline/s00_si_converter/inst/gen_axilite_conv.axilite_conv_inst/w_pointer[3]_i_1_n_0                                | wordle_design_i/axi_smc/inst/s00_entry_pipeline/s00_si_converter/inst/areset                                                                                               |                2 |              4 |         2.00 |
|  wordle_design_i/zynq_ultra_ps_e_0/inst/pl_clk0 | wordle_design_i/result/U0/AXI_LITE_IPIF_I/I_SLAVE_ATTACHMENT/bus2ip_addr_i[8]_i_1_n_0                                                                        | wordle_design_i/guess_id/U0/AXI_LITE_IPIF_I/I_SLAVE_ATTACHMENT/SR[0]                                                                                                       |                1 |              4 |         4.00 |
|  wordle_design_i/zynq_ultra_ps_e_0/inst/pl_clk0 |                                                                                                                                                              | wordle_design_i/result/U0/AXI_LITE_IPIF_I/I_SLAVE_ATTACHMENT/clear                                                                                                         |                2 |              4 |         2.00 |
|  wordle_design_i/zynq_ultra_ps_e_0/inst/pl_clk0 | wordle_design_i/result/U0/AXI_LITE_IPIF_I/I_SLAVE_ATTACHMENT/s_axi_rresp_i                                                                                   | wordle_design_i/guess_id/U0/AXI_LITE_IPIF_I/I_SLAVE_ATTACHMENT/SR[0]                                                                                                       |                1 |              4 |         4.00 |
|  wordle_design_i/zynq_ultra_ps_e_0/inst/pl_clk0 | wordle_design_i/result/U0/AXI_LITE_IPIF_I/I_SLAVE_ATTACHMENT/start2                                                                                          | wordle_design_i/result/U0/AXI_LITE_IPIF_I/I_SLAVE_ATTACHMENT/I_DECODER/cs_ce_clr                                                                                           |                1 |              4 |         4.00 |
|  wordle_design_i/zynq_ultra_ps_e_0/inst/pl_clk0 | wordle_design_i/ready/U0/AXI_LITE_IPIF_I/I_SLAVE_ATTACHMENT/bus2ip_addr_i[8]_i_1_n_0                                                                         | wordle_design_i/ready/U0/AXI_LITE_IPIF_I/I_SLAVE_ATTACHMENT/SS[0]                                                                                                          |                3 |              4 |         1.33 |
|  wordle_design_i/zynq_ultra_ps_e_0/inst/pl_clk0 | wordle_design_i/axi_smc/inst/s00_entry_pipeline/s00_mmu/inst/wroute_vacancy                                                                                  | wordle_design_i/axi_smc/inst/s00_entry_pipeline/s00_mmu/inst/gen_wroute_reg.wroute_i[6]_i_1_n_0                                                                            |                1 |              4 |         4.00 |
|  wordle_design_i/zynq_ultra_ps_e_0/inst/pl_clk0 | wordle_design_i/ready/U0/AXI_LITE_IPIF_I/I_SLAVE_ATTACHMENT/start2                                                                                           | wordle_design_i/ready/U0/AXI_LITE_IPIF_I/I_SLAVE_ATTACHMENT/I_DECODER/cs_ce_clr                                                                                            |                1 |              4 |         4.00 |
|  wordle_design_i/zynq_ultra_ps_e_0/inst/pl_clk0 | wordle_design_i/guess_id/U0/AXI_LITE_IPIF_I/I_SLAVE_ATTACHMENT/s_axi_rresp_i                                                                                 | wordle_design_i/guess_id/U0/AXI_LITE_IPIF_I/I_SLAVE_ATTACHMENT/SR[0]                                                                                                       |                1 |              5 |         5.00 |
|  wordle_design_i/zynq_ultra_ps_e_0/inst/pl_clk0 | wordle_design_i/result/U0/AXI_LITE_IPIF_I/I_SLAVE_ATTACHMENT/s_axi_rresp_i                                                                                   | wordle_design_i/result/U0/AXI_LITE_IPIF_I/I_SLAVE_ATTACHMENT/SR[0]                                                                                                         |                1 |              5 |         5.00 |
|  wordle_design_i/zynq_ultra_ps_e_0/inst/pl_clk0 | wordle_design_i/rst_ps8_0_99M/U0/SEQ/seq_cnt_en                                                                                                              | wordle_design_i/rst_ps8_0_99M/U0/SEQ/seq_clr                                                                                                                               |                1 |              6 |         6.00 |
|  wordle_design_i/zynq_ultra_ps_e_0/inst/pl_clk0 | wordle_design_i/axi_smc/inst/clk_map/psr_aclk/U0/SEQ/seq_cnt_en                                                                                              | wordle_design_i/axi_smc/inst/clk_map/psr_aclk/U0/SEQ/seq_clr                                                                                                               |                2 |              6 |         3.00 |
|  wordle_design_i/zynq_ultra_ps_e_0/inst/pl_clk0 | wordle_design_i/axi_smc/inst/switchboards/i_nodes/i_r_node/inst/inst_si_handler/gen_si_handler.gen_request_counters.gen_req_counter[1].inst_req_counter/E[0] | wordle_design_i/axi_smc/inst/switchboards/i_nodes/i_r_node/inst/inst_si_handler/areset_r                                                                                   |                3 |              7 |         2.33 |
|  wordle_design_i/zynq_ultra_ps_e_0/inst/pl_clk0 | wordle_design_i/axi_smc/inst/switchboards/i_nodes/i_r_node/inst/inst_mi_handler/gen_normal_area.gen_fi_regulator.inst_fi_regulator/allow_transfer_r_reg_0    | wordle_design_i/axi_smc/inst/switchboards/i_nodes/i_r_node/inst/inst_si_handler/gen_si_handler.gen_request_counters.gen_req_counter[5].inst_req_counter/is_zero_r_reg_1[0] |                2 |              7 |         3.50 |
|  wordle_design_i/zynq_ultra_ps_e_0/inst/pl_clk0 | wordle_design_i/axi_smc/inst/switchboards/i_nodes/i_b_node/inst/inst_mi_handler/gen_normal_area.gen_fi_regulator.inst_fi_regulator/allow_transfer_r_reg_0    | wordle_design_i/axi_smc/inst/switchboards/i_nodes/i_b_node/inst/inst_si_handler/gen_si_handler.gen_request_counters.gen_req_counter[5].inst_req_counter/is_zero_r_reg_1[0] |                2 |              7 |         3.50 |
|  wordle_design_i/zynq_ultra_ps_e_0/inst/pl_clk0 |                                                                                                                                                              | wordle_design_i/axi_smc/inst/switchboards/i_nodes/i_b_node/inst/inst_si_handler/areset_r                                                                                   |                7 |              7 |         1.00 |
|  wordle_design_i/zynq_ultra_ps_e_0/inst/pl_clk0 |                                                                                                                                                              | wordle_design_i/axi_smc/inst/switchboards/i_nodes/i_r_node/inst/inst_si_handler/areset_r                                                                                   |                7 |              7 |         1.00 |
|  wordle_design_i/zynq_ultra_ps_e_0/inst/pl_clk0 | wordle_design_i/axi_smc/inst/switchboards/i_nodes/i_b_node/inst/inst_si_handler/gen_si_handler.gen_request_counters.gen_req_counter[1].inst_req_counter/E[0] | wordle_design_i/axi_smc/inst/switchboards/i_nodes/i_b_node/inst/inst_si_handler/areset_r                                                                                   |                3 |              7 |         2.33 |
|  wordle_design_i/zynq_ultra_ps_e_0/inst/pl_clk0 | wordle_design_i/axi_smc/inst/s00_entry_pipeline/s00_si_converter/inst/gen_axilite_conv.axilite_conv_inst/ar_addr_d[8]_i_1_n_0                                | wordle_design_i/axi_smc/inst/s00_entry_pipeline/s00_si_converter/inst/areset                                                                                               |                2 |              7 |         3.50 |
|  wordle_design_i/zynq_ultra_ps_e_0/inst/pl_clk0 |                                                                                                                                                              | wordle_design_i/result/U0/AXI_LITE_IPIF_I/I_SLAVE_ATTACHMENT/I_DECODER/bus2ip_rnw_i_reg                                                                                    |                3 |              8 |         2.67 |
|  wordle_design_i/zynq_ultra_ps_e_0/inst/pl_clk0 | wordle_design_i/axi_smc/inst/s00_entry_pipeline/s00_si_converter/inst/gen_axilite_conv.axilite_conv_inst/r_beats[7]_i_1_n_0                                  | wordle_design_i/axi_smc/inst/s00_entry_pipeline/s00_si_converter/inst/areset                                                                                               |                3 |              8 |         2.67 |
|  wordle_design_i/zynq_ultra_ps_e_0/inst/pl_clk0 | wordle_design_i/axi_smc/inst/s00_entry_pipeline/s00_mmu/inst/gen_endpoint.decerr_slave_inst/gen_axi.gen_read.read_cnt[7]_i_1_n_0                             | wordle_design_i/axi_smc/inst/s00_entry_pipeline/s00_mmu/inst/areset                                                                                                        |                2 |              8 |         4.00 |
|  wordle_design_i/zynq_ultra_ps_e_0/inst/pl_clk0 | wordle_design_i/ref_word_idx/U0/AXI_LITE_IPIF_I/I_SLAVE_ATTACHMENT/s_axi_rresp_i                                                                             | wordle_design_i/result/U0/AXI_LITE_IPIF_I/I_SLAVE_ATTACHMENT/SR[0]                                                                                                         |                2 |              8 |         4.00 |
|  wordle_design_i/zynq_ultra_ps_e_0/inst/pl_clk0 | wordle_design_i/result/U0/AXI_LITE_IPIF_I/I_SLAVE_ATTACHMENT/I_DECODER/E[0]                                                                                  | wordle_design_i/result/U0/AXI_LITE_IPIF_I/I_SLAVE_ATTACHMENT/SR[0]                                                                                                         |                3 |              8 |         2.67 |
|  wordle_design_i/zynq_ultra_ps_e_0/inst/pl_clk0 | wordle_design_i/axi_smc/inst/s00_entry_pipeline/s00_si_converter/inst/gen_axilite_conv.axilite_conv_inst/aw_addr[8]_i_1_n_0                                  | wordle_design_i/axi_smc/inst/s00_entry_pipeline/s00_si_converter/inst/areset                                                                                               |                3 |              9 |         3.00 |
|  wordle_design_i/zynq_ultra_ps_e_0/inst/pl_clk0 | wordle_design_i/axi_smc/inst/switchboards/i_nodes/i_ar_node/inst/inst_mi_handler/gen_normal_area.inst_fifo_node_payld/gen_reg_fifo.inst_reg_fifo/s_sc_valid  |                                                                                                                                                                            |                3 |             10 |         3.33 |
|  wordle_design_i/zynq_ultra_ps_e_0/inst/pl_clk0 |                                                                                                                                                              | wordle_design_i/ref_word_idx/U0/gpio_core_1/Read_Reg_Rst__0                                                                                                                |                3 |             10 |         3.33 |
|  wordle_design_i/zynq_ultra_ps_e_0/inst/pl_clk0 | wordle_design_i/axi_smc/inst/s00_entry_pipeline/s00_si_converter/inst/gen_axilite_conv.axilite_conv_inst/ar_cnt[9]_i_1_n_0                                   | wordle_design_i/axi_smc/inst/s00_entry_pipeline/s00_si_converter/inst/areset                                                                                               |                5 |             10 |         2.00 |
|  wordle_design_i/zynq_ultra_ps_e_0/inst/pl_clk0 | wordle_design_i/ref_word_idx/U0/AXI_LITE_IPIF_I/I_SLAVE_ATTACHMENT/I_DECODER/E[0]                                                                            | wordle_design_i/result/U0/AXI_LITE_IPIF_I/I_SLAVE_ATTACHMENT/SR[0]                                                                                                         |                4 |             10 |         2.50 |
|  wordle_design_i/zynq_ultra_ps_e_0/inst/pl_clk0 |                                                                                                                                                              | wordle_design_i/axi_smc/inst/s00_entry_pipeline/s00_mmu/inst/areset                                                                                                        |                7 |             10 |         1.43 |
|  wordle_design_i/zynq_ultra_ps_e_0/inst/pl_clk0 | wordle_design_i/axi_smc/inst/switchboards/i_nodes/i_aw_node/inst/inst_mi_handler/gen_normal_area.inst_fifo_node_payld/gen_reg_fifo.inst_reg_fifo/s_sc_valid  |                                                                                                                                                                            |                4 |             10 |         2.50 |
|  wordle_design_i/zynq_ultra_ps_e_0/inst/pl_clk0 | wordle_design_i/axi_smc/inst/s00_entry_pipeline/s00_si_converter/inst/gen_axilite_conv.axilite_conv_inst/b_cnt[10]_i_2_n_0                                   | wordle_design_i/axi_smc/inst/s00_entry_pipeline/s00_si_converter/inst/gen_axilite_conv.axilite_conv_inst/b_cnt[10]_i_1_n_0                                                 |                4 |             11 |         2.75 |
|  wordle_design_i/zynq_ultra_ps_e_0/inst/pl_clk0 | wordle_design_i/axi_smc/inst/s00_entry_pipeline/s00_si_converter/inst/gen_axilite_conv.axilite_conv_inst/w_cnt[10]_i_1_n_0                                   | wordle_design_i/axi_smc/inst/s00_entry_pipeline/s00_si_converter/inst/areset                                                                                               |                5 |             11 |         2.20 |
|  wordle_design_i/zynq_ultra_ps_e_0/inst/pl_clk0 | wordle_design_i/axi_smc/inst/s00_entry_pipeline/s00_si_converter/inst/gen_axilite_conv.axilite_conv_inst/r_cnt[10]_i_1_n_0                                   | wordle_design_i/axi_smc/inst/s00_entry_pipeline/s00_si_converter/inst/areset                                                                                               |                5 |             11 |         2.20 |
|  wordle_design_i/zynq_ultra_ps_e_0/inst/pl_clk0 |                                                                                                                                                              | wordle_design_i/axi_smc/inst/s00_entry_pipeline/s00_si_converter/inst/areset                                                                                               |                8 |             12 |         1.50 |
|  wordle_design_i/zynq_ultra_ps_e_0/inst/pl_clk0 | wordle_design_i/guess_word/U0/AXI_LITE_IPIF_I/I_SLAVE_ATTACHMENT/I_DECODER/E[0]                                                                              | wordle_design_i/result/U0/AXI_LITE_IPIF_I/I_SLAVE_ATTACHMENT/SR[0]                                                                                                         |                5 |             13 |         2.60 |
|  wordle_design_i/zynq_ultra_ps_e_0/inst/pl_clk0 | wordle_design_i/wordle_top_0/inst/fsm_inst/r_state_reg_n_0_[0]                                                                                               | wordle_design_i/wordle_top_0/inst/fsm_inst/r_result[3][1]_i_1_n_0                                                                                                          |                7 |             14 |         2.00 |
|  wordle_design_i/zynq_ultra_ps_e_0/inst/pl_clk0 |                                                                                                                                                              | wordle_design_i/ready/U0/AXI_LITE_IPIF_I/I_SLAVE_ATTACHMENT/SS[0]                                                                                                          |                5 |             14 |         2.80 |
|  wordle_design_i/zynq_ultra_ps_e_0/inst/pl_clk0 | wordle_design_i/axi_smc/inst/s00_entry_pipeline/s00_mmu/inst/gen_endpoint.decerr_slave_inst/gen_axi.gen_write.s_axi_bid_i[15]_i_1_n_0                        | wordle_design_i/axi_smc/inst/s00_entry_pipeline/s00_mmu/inst/areset                                                                                                        |                3 |             16 |         5.33 |
|  wordle_design_i/zynq_ultra_ps_e_0/inst/pl_clk0 | wordle_design_i/axi_smc/inst/s00_entry_pipeline/s00_transaction_regulator/inst/gen_endpoint.gen_w_singleorder.w_singleorder/gen_id_reg.s_rid_i0              |                                                                                                                                                                            |                4 |             16 |         4.00 |
|  wordle_design_i/zynq_ultra_ps_e_0/inst/pl_clk0 | wordle_design_i/axi_smc/inst/s00_entry_pipeline/s00_mmu/inst/gen_endpoint.decerr_slave_inst/gen_axi.gen_read.s_axi_rid_i                                     | wordle_design_i/axi_smc/inst/s00_entry_pipeline/s00_mmu/inst/areset                                                                                                        |                3 |             16 |         5.33 |
|  wordle_design_i/zynq_ultra_ps_e_0/inst/pl_clk0 | wordle_design_i/axi_smc/inst/s00_entry_pipeline/s00_transaction_regulator/inst/gen_endpoint.gen_r_singleorder.r_singleorder/gen_id_reg.s_rid_i0              |                                                                                                                                                                            |                3 |             16 |         5.33 |
|  wordle_design_i/zynq_ultra_ps_e_0/inst/pl_clk0 | wordle_design_i/guess_word/U0/AXI_LITE_IPIF_I/I_SLAVE_ATTACHMENT/I_DECODER/E[0]                                                                              | wordle_design_i/ref_word_idx/U0/AXI_LITE_IPIF_I/I_SLAVE_ATTACHMENT/SR[0]                                                                                                   |                6 |             17 |         2.83 |
|  wordle_design_i/zynq_ultra_ps_e_0/inst/pl_clk0 |                                                                                                                                                              | wordle_design_i/game_status/U0/AXI_LITE_IPIF_I/I_SLAVE_ATTACHMENT/SR[0]                                                                                                    |                4 |             18 |         4.50 |
|  wordle_design_i/zynq_ultra_ps_e_0/inst/pl_clk0 |                                                                                                                                                              | wordle_design_i/guess_id/U0/AXI_LITE_IPIF_I/I_SLAVE_ATTACHMENT/SR[0]                                                                                                       |                6 |             19 |         3.17 |
|  wordle_design_i/zynq_ultra_ps_e_0/inst/pl_clk0 |                                                                                                                                                              | wordle_design_i/guess_count/U0/AXI_LITE_IPIF_I/I_SLAVE_ATTACHMENT/SR[0]                                                                                                    |                5 |             19 |         3.80 |
|  wordle_design_i/zynq_ultra_ps_e_0/inst/pl_clk0 |                                                                                                                                                              | wordle_design_i/result/U0/AXI_LITE_IPIF_I/I_SLAVE_ATTACHMENT/SR[0]                                                                                                         |                6 |             23 |         3.83 |
|  wordle_design_i/zynq_ultra_ps_e_0/inst/pl_clk0 |                                                                                                                                                              | wordle_design_i/ref_word_idx/U0/AXI_LITE_IPIF_I/I_SLAVE_ATTACHMENT/SR[0]                                                                                                   |                5 |             24 |         4.80 |
|  wordle_design_i/zynq_ultra_ps_e_0/inst/pl_clk0 | wordle_design_i/axi_smc/inst/s00_entry_pipeline/s00_si_converter/inst/gen_axilite_conv.axilite_conv_inst/m_axi_arid_i                                        | wordle_design_i/axi_smc/inst/s00_entry_pipeline/s00_si_converter/inst/areset                                                                                               |               14 |             28 |         2.00 |
|  wordle_design_i/zynq_ultra_ps_e_0/inst/pl_clk0 | wordle_design_i/guess_word/U0/AXI_LITE_IPIF_I/I_SLAVE_ATTACHMENT/s_axi_rresp_i                                                                               | wordle_design_i/ref_word_idx/U0/AXI_LITE_IPIF_I/I_SLAVE_ATTACHMENT/SR[0]                                                                                                   |                9 |             30 |         3.33 |
|  wordle_design_i/zynq_ultra_ps_e_0/inst/pl_clk0 | wordle_design_i/axi_smc/inst/s00_entry_pipeline/s00_mmu/inst/aw_reg_stall/skid_buffer[1136]_i_1__0_n_0                                                       |                                                                                                                                                                            |                7 |             31 |         4.43 |
|  wordle_design_i/zynq_ultra_ps_e_0/inst/pl_clk0 |                                                                                                                                                              | wordle_design_i/guess_word/U0/gpio_core_1/Read_Reg_Rst__0                                                                                                                  |                6 |             32 |         5.33 |
|  wordle_design_i/zynq_ultra_ps_e_0/inst/pl_clk0 | wordle_design_i/axi_smc/inst/switchboards/i_nodes/i_r_node/inst/inst_si_handler/gen_si_handler.gen_arbiter_rr_minimal_area.inst_arbiter/grant_i_reg[1]_0[0]  |                                                                                                                                                                            |               15 |             32 |         2.13 |
|  wordle_design_i/zynq_ultra_ps_e_0/inst/pl_clk0 | wordle_design_i/axi_smc/inst/s00_entry_pipeline/s00_si_converter/inst/gen_axilite_conv.axilite_conv_inst/s_axi_rdata_i[95]_i_1_n_0                           | wordle_design_i/axi_smc/inst/s00_entry_pipeline/s00_si_converter/inst/areset                                                                                               |               10 |             32 |         3.20 |
|  wordle_design_i/zynq_ultra_ps_e_0/inst/pl_clk0 | wordle_design_i/axi_smc/inst/s00_entry_pipeline/s00_si_converter/inst/gen_axilite_conv.axilite_conv_inst/s_axi_rdata_i[127]_i_1_n_0                          | wordle_design_i/axi_smc/inst/s00_entry_pipeline/s00_si_converter/inst/areset                                                                                               |               11 |             32 |         2.91 |
|  wordle_design_i/zynq_ultra_ps_e_0/inst/pl_clk0 | wordle_design_i/axi_smc/inst/s00_entry_pipeline/s00_si_converter/inst/gen_axilite_conv.axilite_conv_inst/s_axi_rdata_i[63]_i_1_n_0                           | wordle_design_i/axi_smc/inst/s00_entry_pipeline/s00_si_converter/inst/areset                                                                                               |               12 |             32 |         2.67 |
|  wordle_design_i/zynq_ultra_ps_e_0/inst/pl_clk0 | wordle_design_i/axi_smc/inst/s00_entry_pipeline/s00_si_converter/inst/gen_axilite_conv.axilite_conv_inst/s_axi_rdata_i[31]_i_1_n_0                           | wordle_design_i/axi_smc/inst/s00_entry_pipeline/s00_si_converter/inst/areset                                                                                               |               11 |             32 |         2.91 |
|  wordle_design_i/zynq_ultra_ps_e_0/inst/pl_clk0 | wordle_design_i/axi_smc/inst/s00_entry_pipeline/s00_mmu/inst/aw_reg_stall/m_vector_i                                                                         |                                                                                                                                                                            |                8 |             35 |         4.38 |
|  wordle_design_i/zynq_ultra_ps_e_0/inst/pl_clk0 | wordle_design_i/wordle_top_0/inst/fsm_inst/r_last_guess_id                                                                                                   | wordle_design_i/wordle_top_0/inst/fsm_inst/r_result[3][1]_i_1_n_0                                                                                                          |                9 |             36 |         4.00 |
|  wordle_design_i/zynq_ultra_ps_e_0/inst/pl_clk0 | wordle_design_i/axi_smc/inst/switchboards/i_nodes/i_w_node/inst/inst_mi_handler/gen_normal_area.inst_fifo_node_payld/gen_reg_fifo.inst_reg_fifo/s_sc_valid   |                                                                                                                                                                            |               12 |             39 |         3.25 |
|  wordle_design_i/zynq_ultra_ps_e_0/inst/pl_clk0 |                                                                                                                                                              | wordle_design_i/guess_word/U0/AXI_LITE_IPIF_I/I_SLAVE_ATTACHMENT/SR[0]                                                                                                     |               10 |             42 |         4.20 |
|  wordle_design_i/zynq_ultra_ps_e_0/inst/pl_clk0 | wordle_design_i/axi_smc/inst/s00_entry_pipeline/s00_mmu/inst/ar_reg_stall/m_vector_i                                                                         |                                                                                                                                                                            |                9 |             43 |         4.78 |
|  wordle_design_i/zynq_ultra_ps_e_0/inst/pl_clk0 | wordle_design_i/axi_smc/inst/s00_entry_pipeline/s00_mmu/inst/ar_reg_stall/skid_buffer[1136]_i_1_n_0                                                          |                                                                                                                                                                            |                8 |             43 |         5.38 |
|  wordle_design_i/zynq_ultra_ps_e_0/inst/pl_clk0 |                                                                                                                                                              | wordle_design_i/axi_smc/inst/clk_map/psr_aclk/U0/interconnect_aresetn[0]                                                                                                   |               48 |            165 |         3.44 |
|  wordle_design_i/zynq_ultra_ps_e_0/inst/pl_clk0 |                                                                                                                                                              |                                                                                                                                                                            |               79 |            270 |         3.42 |
+-------------------------------------------------+--------------------------------------------------------------------------------------------------------------------------------------------------------------+----------------------------------------------------------------------------------------------------------------------------------------------------------------------------+------------------+----------------+--------------+


