Time resolution is 1 ps
[          0] Golden Result =        4099, DUT Result =        4099
[          1] Golden Result =     -117957, DUT Result =     -117957
[          2] Golden Result =      -84340, DUT Result =      -84340
[          3] Golden Result =      -21841, DUT Result =      -21841
[          4] Golden Result =       55206, DUT Result =       55206
[          5] Golden Result =      162117, DUT Result =      162117
[          6] Golden Result =      -91499, DUT Result =      -91499
[          7] Golden Result =       14790, DUT Result =       14790
[          8] Golden Result =       23348, DUT Result =       23348
[          9] Golden Result =     -208268, DUT Result =     -208268
[         10] Golden Result =      223895, DUT Result =      223895
[         11] Golden Result =      205258, DUT Result =      205258
[         12] Golden Result =       28174, DUT Result =       28174
[         13] Golden Result =      -49264, DUT Result =      -49264
[         14] Golden Result =       37248, DUT Result =       37248
[         15] Golden Result =       64876, DUT Result =       64876
[         16] Golden Result =        7847, DUT Result =        7847
[         17] Golden Result =      -37658, DUT Result =      -37658
[         18] Golden Result =       20542, DUT Result =       20542
[         19] Golden Result =      178144, DUT Result =      178144
[         20] Golden Result =        8013, DUT Result =        8013
[         21] Golden Result =     -148428, DUT Result =     -148428
[         22] Golden Result =      -28354, DUT Result =      -28354
[         23] Golden Result =     -142434, DUT Result =     -142434
[         24] Golden Result =       24657, DUT Result =       24657
[         25] Golden Result =       38482, DUT Result =       38482
[         26] Golden Result =      -15414, DUT Result =      -15414
[         27] Golden Result =       29324, DUT Result =       29324
[         28] Golden Result =     -278896, DUT Result =     -278896
[         29] Golden Result =      186138, DUT Result =      186138
[         30] Golden Result =      121909, DUT Result =      121909
[         31] Golden Result =      138129, DUT Result =      138129
[         32] Golden Result =       17592, DUT Result =       17592
[         33] Golden Result =     -272746, DUT Result =     -272746
[         34] Golden Result =       97137, DUT Result =       97137
[         35] Golden Result =       -2257, DUT Result =       -2257
[         36] Golden Result =      -38458, DUT Result =      -38458
[         37] Golden Result =     -153745, DUT Result =     -153745
[         38] Golden Result =     -111892, DUT Result =     -111892
[         39] Golden Result =       39158, DUT Result =       39158
[         40] Golden Result =     -322599, DUT Result =     -322599
[         41] Golden Result =     -158263, DUT Result =     -158263
[         42] Golden Result =      -89593, DUT Result =      -89593
[         43] Golden Result =      -41119, DUT Result =      -41119
[         44] Golden Result =       69806, DUT Result =       69806
[         45] Golden Result =     -196588, DUT Result =     -196588
[         46] Golden Result =     -130252, DUT Result =     -130252
[         47] Golden Result =      121966, DUT Result =      121966
[         48] Golden Result =      186377, DUT Result =      186377
[         49] Golden Result =       94881, DUT Result =       94881
[         50] Golden Result =     -186031, DUT Result =     -186031
[         51] Golden Result =       71923, DUT Result =       71923
[         52] Golden Result =       26802, DUT Result =       26802
[         53] Golden Result =     -110489, DUT Result =     -110489
[         54] Golden Result =      296646, DUT Result =      296646
[         55] Golden Result =      -40873, DUT Result =      -40873
[         56] Golden Result =       67594, DUT Result =       67594
[         57] Golden Result =      -76057, DUT Result =      -76057
[         58] Golden Result =      -47960, DUT Result =      -47960
[         59] Golden Result =      -13726, DUT Result =      -13726
[         60] Golden Result =       -8227, DUT Result =       -8227
[         61] Golden Result =      147256, DUT Result =      147256
[         62] Golden Result =      -48027, DUT Result =      -48027
[         63] Golden Result =       49734, DUT Result =       49734
[         64] Golden Result =     -163009, DUT Result =     -163009
[         65] Golden Result =      110663, DUT Result =      110663
[         66] Golden Result =      300613, DUT Result =      300613
[         67] Golden Result =      170132, DUT Result =      170132
[         68] Golden Result =      187510, DUT Result =      187510
[         69] Golden Result =      206712, DUT Result =      206712
[         70] Golden Result =     -150647, DUT Result =     -150647
[         71] Golden Result =     -163348, DUT Result =     -163348
[         72] Golden Result =      169538, DUT Result =      169538
[         73] Golden Result =      215807, DUT Result =      215807
[         74] Golden Result =       71563, DUT Result =       71563
[         75] Golden Result =      228127, DUT Result =      228127
[         76] Golden Result =       51832, DUT Result =       51832
[         77] Golden Result =     -151280, DUT Result =     -151280
[         78] Golden Result =      194429, DUT Result =      194429
[         79] Golden Result =     -267781, DUT Result =     -267781
[         80] Golden Result =     -102229, DUT Result =     -102229
[         81] Golden Result =      111057, DUT Result =      111057
[         82] Golden Result =      176878, DUT Result =      176878
[         83] Golden Result =       10799, DUT Result =       10799
[         84] Golden Result =       -1912, DUT Result =       -1912
[         85] Golden Result =       64414, DUT Result =       64414
[         86] Golden Result =      295295, DUT Result =      295295
[         87] Golden Result =     -153623, DUT Result =     -153623
[         88] Golden Result =     -269410, DUT Result =     -269410
[         89] Golden Result =     -262836, DUT Result =     -262836
[         90] Golden Result =      -63075, DUT Result =      -63075
[         91] Golden Result =      -46456, DUT Result =      -46456
[         92] Golden Result =      133870, DUT Result =      133870
[         93] Golden Result =      208874, DUT Result =      208874
[         94] Golden Result =       44485, DUT Result =       44485
[         95] Golden Result =     -197254, DUT Result =     -197254
[         96] Golden Result =      -24067, DUT Result =      -24067
[         97] Golden Result =       68980, DUT Result =       68980
[         98] Golden Result =       61447, DUT Result =       61447
[         99] Golden Result =       57012, DUT Result =       57012
[        100] Golden Result =     -173359, DUT Result =     -173359
[        101] Golden Result =      -51619, DUT Result =      -51619
[        102] Golden Result =      -56224, DUT Result =      -56224
[        103] Golden Result =      -84838, DUT Result =      -84838
[        104] Golden Result =       11882, DUT Result =       11882
[        105] Golden Result =      -10467, DUT Result =      -10467
[        106] Golden Result =       91416, DUT Result =       91416
[        107] Golden Result =       77599, DUT Result =       77599
[        108] Golden Result =     -161130, DUT Result =     -161130
[        109] Golden Result =      -88409, DUT Result =      -88409
[        110] Golden Result =       -5351, DUT Result =       -5351
[        111] Golden Result =       25644, DUT Result =       25644
[        112] Golden Result =        3224, DUT Result =        3224
[        113] Golden Result =       91267, DUT Result =       91267
[        114] Golden Result =       66589, DUT Result =       66589
[        115] Golden Result =       51028, DUT Result =       51028
[        116] Golden Result =      -14745, DUT Result =      -14745
[        117] Golden Result =      142312, DUT Result =      142312
[        118] Golden Result =       33946, DUT Result =       33946
[        119] Golden Result =       36413, DUT Result =       36413
[        120] Golden Result =      -10004, DUT Result =      -10004
[        121] Golden Result =       40672, DUT Result =       40672
[        122] Golden Result =     -102035, DUT Result =     -102035
[        123] Golden Result =      -90403, DUT Result =      -90403
[        124] Golden Result =       24626, DUT Result =       24626
[        125] Golden Result =       26697, DUT Result =       26697
[        126] Golden Result =       71095, DUT Result =       71095
[        127] Golden Result =      110724, DUT Result =      110724
[        128] Golden Result =        3521, DUT Result =        3521
[        129] Golden Result =     -145923, DUT Result =     -145923
[        130] Golden Result =     -171122, DUT Result =     -171122
[        131] Golden Result =      131570, DUT Result =      131570
[        132] Golden Result =      174287, DUT Result =      174287
[        133] Golden Result =      -17277, DUT Result =      -17277
[        134] Golden Result =      183745, DUT Result =      183745
[        135] Golden Result =      -39687, DUT Result =      -39687
[        136] Golden Result =      -66429, DUT Result =      -66429
[        137] Golden Result =     -265242, DUT Result =     -265242
[        138] Golden Result =       21055, DUT Result =       21055
[        139] Golden Result =       15669, DUT Result =       15669
[        140] Golden Result =      -64826, DUT Result =      -64826
[        141] Golden Result =     -127707, DUT Result =     -127707
[        142] Golden Result =      -36587, DUT Result =      -36587
[        143] Golden Result =       51437, DUT Result =       51437
[        144] Golden Result =     -139554, DUT Result =     -139554
[        145] Golden Result =     -132596, DUT Result =     -132596
[        146] Golden Result =     -254192, DUT Result =     -254192
[        147] Golden Result =        5635, DUT Result =        5635
[        148] Golden Result =      -51235, DUT Result =      -51235
[        149] Golden Result =       70999, DUT Result =       70999
[        150] Golden Result =       45352, DUT Result =       45352
[        151] Golden Result =      -37793, DUT Result =      -37793
[        152] Golden Result =      -25440, DUT Result =      -25440
[        153] Golden Result =     -149584, DUT Result =     -149584
[        154] Golden Result =       48922, DUT Result =       48922
[        155] Golden Result =       10544, DUT Result =       10544
[        156] Golden Result =      -79004, DUT Result =      -79004
[        157] Golden Result =       95318, DUT Result =       95318
[        158] Golden Result =       94738, DUT Result =       94738
[        159] Golden Result =       86110, DUT Result =       86110
[        160] Golden Result =     -163537, DUT Result =     -163537
[        161] Golden Result =      -92112, DUT Result =      -92112
[        162] Golden Result =       22056, DUT Result =       22056
[        163] Golden Result =      104329, DUT Result =      104329
[        164] Golden Result =      -55372, DUT Result =      -55372
[        165] Golden Result =       -1389, DUT Result =       -1389
[        166] Golden Result =      142055, DUT Result =      142055
[        167] Golden Result =      344887, DUT Result =      344887
[        168] Golden Result =      -85946, DUT Result =      -85946
[        169] Golden Result =     -135886, DUT Result =     -135886
[        170] Golden Result =      -54475, DUT Result =      -54475
[        171] Golden Result =       73780, DUT Result =       73780
[        172] Golden Result =      114312, DUT Result =      114312
[        173] Golden Result =      -23705, DUT Result =      -23705
[        174] Golden Result =      -76066, DUT Result =      -76066
[        175] Golden Result =     -142358, DUT Result =     -142358
[        176] Golden Result =     -173643, DUT Result =     -173643
[        177] Golden Result =     -101483, DUT Result =     -101483
[        178] Golden Result =      134592, DUT Result =      134592
[        179] Golden Result =       -4513, DUT Result =       -4513
[        180] Golden Result =       61645, DUT Result =       61645
[        181] Golden Result =      170847, DUT Result =      170847
[        182] Golden Result =     -233689, DUT Result =     -233689
[        183] Golden Result =     -167336, DUT Result =     -167336
[        184] Golden Result =       35074, DUT Result =       35074
[        185] Golden Result =      134309, DUT Result =      134309
[        186] Golden Result =      -18723, DUT Result =      -18723
[        187] Golden Result =      -38628, DUT Result =      -38628
[        188] Golden Result =      -59208, DUT Result =      -59208
[        189] Golden Result =      -49931, DUT Result =      -49931
[        190] Golden Result =      -11678, DUT Result =      -11678
[        191] Golden Result =     -119872, DUT Result =     -119872
[        192] Golden Result =       42807, DUT Result =       42807
[        193] Golden Result =     -278043, DUT Result =     -278043
[        194] Golden Result =      -79167, DUT Result =      -79167
[        195] Golden Result =       37549, DUT Result =       37549
[        196] Golden Result =      133540, DUT Result =      133540
[        197] Golden Result =      -96518, DUT Result =      -96518
[        198] Golden Result =     -125472, DUT Result =     -125472
[        199] Golden Result =       63958, DUT Result =       63958
[        200] Golden Result =      140499, DUT Result =      140499
[        201] Golden Result =      -23782, DUT Result =      -23782
[        202] Golden Result =     -104298, DUT Result =     -104298
[        203] Golden Result =      216480, DUT Result =      216480
[        204] Golden Result =       81456, DUT Result =       81456
[        205] Golden Result =     -205969, DUT Result =     -205969
[        206] Golden Result =        2396, DUT Result =        2396
[        207] Golden Result =       27384, DUT Result =       27384
[        208] Golden Result =      178668, DUT Result =      178668
[        209] Golden Result =      168681, DUT Result =      168681
[        210] Golden Result =      -28409, DUT Result =      -28409
[        211] Golden Result =      -87883, DUT Result =      -87883
[        212] Golden Result =       20292, DUT Result =       20292
[        213] Golden Result =       95546, DUT Result =       95546
[        214] Golden Result =      314744, DUT Result =      314744
[        215] Golden Result =       89060, DUT Result =       89060
[        216] Golden Result =      -66506, DUT Result =      -66506
[        217] Golden Result =      182609, DUT Result =      182609
[        218] Golden Result =     -127695, DUT Result =     -127695
[        219] Golden Result =      177256, DUT Result =      177256
[        220] Golden Result =      -90139, DUT Result =      -90139
[        221] Golden Result =      -23759, DUT Result =      -23759
[        222] Golden Result =       -2746, DUT Result =       -2746
[        223] Golden Result =       54435, DUT Result =       54435
[        224] Golden Result =     -177766, DUT Result =     -177766
[        225] Golden Result =       24297, DUT Result =       24297
[        226] Golden Result =      -53367, DUT Result =      -53367
[        227] Golden Result =       33273, DUT Result =       33273
[        228] Golden Result =      124472, DUT Result =      124472
[        229] Golden Result =      -59829, DUT Result =      -59829
[        230] Golden Result =      -46488, DUT Result =      -46488
[        231] Golden Result =       15024, DUT Result =       15024
[        232] Golden Result =     -116743, DUT Result =     -116743
[        233] Golden Result =      -11639, DUT Result =      -11639
[        234] Golden Result =     -140717, DUT Result =     -140717
[        235] Golden Result =       55499, DUT Result =       55499
[        236] Golden Result =      -88585, DUT Result =      -88585
[        237] Golden Result =      -12578, DUT Result =      -12578
[        238] Golden Result =     -125661, DUT Result =     -125661
[        239] Golden Result =     -114521, DUT Result =     -114521
[        240] Golden Result =      145140, DUT Result =      145140
[        241] Golden Result =     -207903, DUT Result =     -207903
[        242] Golden Result =      124506, DUT Result =      124506
[        243] Golden Result =         494, DUT Result =         494
[        244] Golden Result =     -205740, DUT Result =     -205740
[        245] Golden Result =     -247886, DUT Result =     -247886
[        246] Golden Result =      -65683, DUT Result =      -65683
[        247] Golden Result =     -134111, DUT Result =     -134111
[        248] Golden Result =      -48299, DUT Result =      -48299
[        249] Golden Result =       98706, DUT Result =       98706
[        250] Golden Result =      -53269, DUT Result =      -53269
[        251] Golden Result =      -30643, DUT Result =      -30643
[        252] Golden Result =       90876, DUT Result =       90876
[        253] Golden Result =       78928, DUT Result =       78928
[        254] Golden Result =     -109484, DUT Result =     -109484
[        255] Golden Result =      121522, DUT Result =      121522
[        256] Golden Result =     -229331, DUT Result =     -229331
[        257] Golden Result =       39293, DUT Result =       39293
[        258] Golden Result =     -116715, DUT Result =     -116715
[        259] Golden Result =     -240084, DUT Result =     -240084
[        260] Golden Result =       67173, DUT Result =       67173
[        261] Golden Result =       54311, DUT Result =       54311
[        262] Golden Result =     -121939, DUT Result =     -121939
[        263] Golden Result =      170196, DUT Result =      170196
[        264] Golden Result =       82348, DUT Result =       82348
[        265] Golden Result =       39453, DUT Result =       39453
[        266] Golden Result =     -132334, DUT Result =     -132334
[        267] Golden Result =       77963, DUT Result =       77963
[        268] Golden Result =       69911, DUT Result =       69911
[        269] Golden Result =      -61266, DUT Result =      -61266
[        270] Golden Result =      -13764, DUT Result =      -13764
[        271] Golden Result =      -53548, DUT Result =      -53548
[        272] Golden Result =      106368, DUT Result =      106368
[        273] Golden Result =      -61716, DUT Result =      -61716
[        274] Golden Result =      246806, DUT Result =      246806
[        275] Golden Result =     -100674, DUT Result =     -100674
[        276] Golden Result =       76488, DUT Result =       76488
[        277] Golden Result =        8561, DUT Result =        8561
[        278] Golden Result =       31602, DUT Result =       31602
[        279] Golden Result =      128654, DUT Result =      128654
[        280] Golden Result =      102152, DUT Result =      102152
[        281] Golden Result =      296652, DUT Result =      296652
[        282] Golden Result =       46384, DUT Result =       46384
[        283] Golden Result =      -92819, DUT Result =      -92819
[        284] Golden Result =     -174395, DUT Result =     -174395
[        285] Golden Result =      -95177, DUT Result =      -95177
[        286] Golden Result =      -20734, DUT Result =      -20734
[        287] Golden Result =     -160868, DUT Result =     -160868
[        288] Golden Result =     -107085, DUT Result =     -107085
[        289] Golden Result =     -208335, DUT Result =     -208335
[        290] Golden Result =     -115320, DUT Result =     -115320
[        291] Golden Result =      135939, DUT Result =      135939
[        292] Golden Result =      200365, DUT Result =      200365
[        293] Golden Result =       25146, DUT Result =       25146
[        294] Golden Result =      -86054, DUT Result =      -86054
[        295] Golden Result =       56408, DUT Result =       56408
[        296] Golden Result =      -39020, DUT Result =      -39020
[        297] Golden Result =       56180, DUT Result =       56180
[        298] Golden Result =       32269, DUT Result =       32269
[        299] Golden Result =       12081, DUT Result =       12081
[        300] Golden Result =      -12000, DUT Result =      -12000
[        301] Golden Result =       58169, DUT Result =       58169
[        302] Golden Result =       17350, DUT Result =       17350
[        303] Golden Result =      200051, DUT Result =      200051
[        304] Golden Result =       -9731, DUT Result =       -9731
[        305] Golden Result =      130944, DUT Result =      130944
[        306] Golden Result =      -19071, DUT Result =      -19071
[        307] Golden Result =     -104317, DUT Result =     -104317
[        308] Golden Result =      -83624, DUT Result =      -83624
[        309] Golden Result =      -35448, DUT Result =      -35448
[        310] Golden Result =       64990, DUT Result =       64990
[        311] Golden Result =      224108, DUT Result =      224108
[        312] Golden Result =       35026, DUT Result =       35026
[        313] Golden Result =      239780, DUT Result =      239780
[        314] Golden Result =       -6059, DUT Result =       -6059
[        315] Golden Result =       19807, DUT Result =       19807
[        316] Golden Result =     -130039, DUT Result =     -130039
[        317] Golden Result =       92269, DUT Result =       92269
[        318] Golden Result =      128693, DUT Result =      128693
[        319] Golden Result =      -59389, DUT Result =      -59389
[        320] Golden Result =      -39939, DUT Result =      -39939
[        321] Golden Result =      -22604, DUT Result =      -22604
[        322] Golden Result =      -52799, DUT Result =      -52799
[        323] Golden Result =      123069, DUT Result =      123069
[        324] Golden Result =       99807, DUT Result =       99807
[        325] Golden Result =      -22993, DUT Result =      -22993
[        326] Golden Result =      -66595, DUT Result =      -66595
[        327] Golden Result =      -42461, DUT Result =      -42461
[        328] Golden Result =        2391, DUT Result =        2391
[        329] Golden Result =     -224340, DUT Result =     -224340
[        330] Golden Result =     -148475, DUT Result =     -148475
[        331] Golden Result =     -165042, DUT Result =     -165042
[        332] Golden Result =      195622, DUT Result =      195622
[        333] Golden Result =      119777, DUT Result =      119777
[        334] Golden Result =       33600, DUT Result =       33600
[        335] Golden Result =      -10097, DUT Result =      -10097
[        336] Golden Result =       67969, DUT Result =       67969
[        337] Golden Result =       93365, DUT Result =       93365
[        338] Golden Result =     -144961, DUT Result =     -144961
[        339] Golden Result =       30993, DUT Result =       30993
[        340] Golden Result =       28083, DUT Result =       28083
[        341] Golden Result =       78836, DUT Result =       78836
[        342] Golden Result =      175104, DUT Result =      175104
[        343] Golden Result =        7810, DUT Result =        7810
[        344] Golden Result =       17397, DUT Result =       17397
[        345] Golden Result =      173526, DUT Result =      173526
[        346] Golden Result =      -67370, DUT Result =      -67370
[        347] Golden Result =       66856, DUT Result =       66856
[        348] Golden Result =      146432, DUT Result =      146432
[        349] Golden Result =       -9573, DUT Result =       -9573
[        350] Golden Result =      -61885, DUT Result =      -61885
[        351] Golden Result =      -19176, DUT Result =      -19176
[        352] Golden Result =      -83927, DUT Result =      -83927
[        353] Golden Result =     -190284, DUT Result =     -190284
[        354] Golden Result =      -83903, DUT Result =      -83903
[        355] Golden Result =      176033, DUT Result =      176033
[        356] Golden Result =      148232, DUT Result =      148232
[        357] Golden Result =       33392, DUT Result =       33392
[        358] Golden Result =       42180, DUT Result =       42180
[        359] Golden Result =       59569, DUT Result =       59569
[        360] Golden Result =      133826, DUT Result =      133826
[        361] Golden Result =      221472, DUT Result =      221472
[        362] Golden Result =     -145072, DUT Result =     -145072
[        363] Golden Result =      -67183, DUT Result =      -67183
[        364] Golden Result =      -71789, DUT Result =      -71789
[        365] Golden Result =       58071, DUT Result =       58071
[        366] Golden Result =      -32266, DUT Result =      -32266
[        367] Golden Result =       69660, DUT Result =       69660
[        368] Golden Result =      -21673, DUT Result =      -21673
[        369] Golden Result =       52686, DUT Result =       52686
[        370] Golden Result =      -35484, DUT Result =      -35484
[        371] Golden Result =      -31660, DUT Result =      -31660
[        372] Golden Result =        7486, DUT Result =        7486
[        373] Golden Result =     -105428, DUT Result =     -105428
[        374] Golden Result =     -113706, DUT Result =     -113706
[        375] Golden Result =       37824, DUT Result =       37824
[        376] Golden Result =      -44385, DUT Result =      -44385
[        377] Golden Result =      -69832, DUT Result =      -69832
[        378] Golden Result =      -70058, DUT Result =      -70058
[        379] Golden Result =      -37802, DUT Result =      -37802
[        380] Golden Result =     -221310, DUT Result =     -221310
[        381] Golden Result =       62665, DUT Result =       62665
[        382] Golden Result =      -19611, DUT Result =      -19611
[        383] Golden Result =      -62842, DUT Result =      -62842
[        384] Golden Result =       35307, DUT Result =       35307
[        385] Golden Result =     -163680, DUT Result =     -163680
[        386] Golden Result =      178854, DUT Result =      178854
[        387] Golden Result =      159774, DUT Result =      159774
[        388] Golden Result =     -144403, DUT Result =     -144403
[        389] Golden Result =     -193234, DUT Result =     -193234
[        390] Golden Result =       72707, DUT Result =       72707
[        391] Golden Result =     -105366, DUT Result =     -105366
[        392] Golden Result =      -27630, DUT Result =      -27630
[        393] Golden Result =      -20286, DUT Result =      -20286
[        394] Golden Result =      132198, DUT Result =      132198
[        395] Golden Result =       91331, DUT Result =       91331
[        396] Golden Result =       86045, DUT Result =       86045
[        397] Golden Result =       42715, DUT Result =       42715
[        398] Golden Result =     -181050, DUT Result =     -181050
[        399] Golden Result =      238684, DUT Result =      238684
[        400] Golden Result =        2058, DUT Result =        2058
[        401] Golden Result =      177029, DUT Result =      177029
[        402] Golden Result =      280976, DUT Result =      280976
[        403] Golden Result =        2811, DUT Result =        2811
[        404] Golden Result =       33045, DUT Result =       33045
[        405] Golden Result =      -20039, DUT Result =      -20039
[        406] Golden Result =      226444, DUT Result =      226444
[        407] Golden Result =       13113, DUT Result =       13113
[        408] Golden Result =       90537, DUT Result =       90537
[        409] Golden Result =      136867, DUT Result =      136867
[        410] Golden Result =      -53333, DUT Result =      -53333
[        411] Golden Result =     -191471, DUT Result =     -191471
[        412] Golden Result =      142801, DUT Result =      142801
[        413] Golden Result =      -94923, DUT Result =      -94923
[        414] Golden Result =      289334, DUT Result =      289334
[        415] Golden Result =      -72153, DUT Result =      -72153
[        416] Golden Result =     -125128, DUT Result =     -125128
[        417] Golden Result =     -137182, DUT Result =     -137182
[        418] Golden Result =      116793, DUT Result =      116793
[        419] Golden Result =     -161258, DUT Result =     -161258
[        420] Golden Result =      103335, DUT Result =      103335
[        421] Golden Result =        3571, DUT Result =        3571
[        422] Golden Result =       53368, DUT Result =       53368
[        423] Golden Result =       10660, DUT Result =       10660
[        424] Golden Result =      -95194, DUT Result =      -95194
[        425] Golden Result =       31661, DUT Result =       31661
[        426] Golden Result =      172333, DUT Result =      172333
[        427] Golden Result =       76802, DUT Result =       76802
[        428] Golden Result =      127221, DUT Result =      127221
[        429] Golden Result =     -202902, DUT Result =     -202902
[        430] Golden Result =       29004, DUT Result =       29004
[        431] Golden Result =      146065, DUT Result =      146065
[        432] Golden Result =     -109010, DUT Result =     -109010
[        433] Golden Result =      -98845, DUT Result =      -98845
[        434] Golden Result =       65306, DUT Result =       65306
[        435] Golden Result =      100388, DUT Result =      100388
[        436] Golden Result =      -46365, DUT Result =      -46365
[        437] Golden Result =      -98490, DUT Result =      -98490
[        438] Golden Result =       -1023, DUT Result =       -1023
[        439] Golden Result =      -17076, DUT Result =      -17076
[        440] Golden Result =      -92208, DUT Result =      -92208
[        441] Golden Result =       47758, DUT Result =       47758
[        442] Golden Result =      -11499, DUT Result =      -11499
[        443] Golden Result =       73788, DUT Result =       73788
[        444] Golden Result =     -227586, DUT Result =     -227586
[        445] Golden Result =      -27248, DUT Result =      -27248
[        446] Golden Result =     -128912, DUT Result =     -128912
[        447] Golden Result =       19172, DUT Result =       19172
[        448] Golden Result =        2033, DUT Result =        2033
[        449] Golden Result =      -18016, DUT Result =      -18016
[        450] Golden Result =       31667, DUT Result =       31667
[        451] Golden Result =       67027, DUT Result =       67027
[        452] Golden Result =     -130246, DUT Result =     -130246
[        453] Golden Result =       73161, DUT Result =       73161
[        454] Golden Result =       -9595, DUT Result =       -9595
[        455] Golden Result =      309771, DUT Result =      309771
[        456] Golden Result =       30250, DUT Result =       30250
[        457] Golden Result =      -90329, DUT Result =      -90329
[        458] Golden Result =       92485, DUT Result =       92485
[        459] Golden Result =      -65782, DUT Result =      -65782
[        460] Golden Result =      192858, DUT Result =      192858
[        461] Golden Result =     -160728, DUT Result =     -160728
[        462] Golden Result =       91436, DUT Result =       91436
[        463] Golden Result =     -193611, DUT Result =     -193611
[        464] Golden Result =        -180, DUT Result =        -180
[        465] Golden Result =       60340, DUT Result =       60340
[        466] Golden Result =       79001, DUT Result =       79001
[        467] Golden Result =      -70634, DUT Result =      -70634
[        468] Golden Result =       49459, DUT Result =       49459
[        469] Golden Result =       31925, DUT Result =       31925
[        470] Golden Result =       79563, DUT Result =       79563
[        471] Golden Result =      242797, DUT Result =      242797
[        472] Golden Result =     -101938, DUT Result =     -101938
[        473] Golden Result =       85626, DUT Result =       85626
[        474] Golden Result =      -76445, DUT Result =      -76445
[        475] Golden Result =        3860, DUT Result =        3860
[        476] Golden Result =     -154204, DUT Result =     -154204
[        477] Golden Result =       74121, DUT Result =       74121
[        478] Golden Result =      144372, DUT Result =      144372
[        479] Golden Result =      213973, DUT Result =      213973
[        480] Golden Result =      164548, DUT Result =      164548
[        481] Golden Result =      1