
*** Running vivado
    with args -log tanh.vds -m64 -product Vivado -mode batch -messageDb vivado.pb -notrace -source tanh.tcl



****** Vivado v2024.2.2 (64-bit)
  **** SW Build 6060944 on Thu Mar 06 19:10:01 MST 2025
  **** IP Build 6050500 on Thu Mar  6 23:33:39 MST 2025
  **** SharedData Build 6060542 on Thu Mar 06 10:31:07 MST 2025
  **** Start of session at: Fri Jul  3 16:21:11 2026
    ** Copyright 1986-2022 Xilinx, Inc. All Rights Reserved.
    ** Copyright 2022-2025 Advanced Micro Devices, Inc. All Rights Reserved.

source tanh.tcl -notrace
create_project: Time (s): cpu = 00:00:06 ; elapsed = 00:00:06 . Memory (MB): peak = 626.352 ; gain = 195.191
Command: read_checkpoint -auto_incremental -incremental C:/Users/g55wang/lab3/lab3.srcs/utils_1/imports/synth_1/tanh.dcp
INFO: [Vivado 12-5825] Read reference checkpoint from C:/Users/g55wang/lab3/lab3.srcs/utils_1/imports/synth_1/tanh.dcp for incremental synthesis
INFO: [Vivado 12-7989] Please ensure there are no constraint changes
Command: synth_design -top tanh -part xck26-sfvc784-2LV-c
Starting synth_design
Attempting to get a license for feature 'Synthesis' and/or device 'xck26'
INFO: [Common 17-349] Got license for feature 'Synthesis' and/or device 'xck26'
INFO: [Device 21-403] Loading part xck26-sfvc784-2LV-c
INFO: [Designutils 20-5440] No compile time benefit to using incremental synthesis; A full resynthesis will be run
INFO: [Designutils 20-4379] Flow is switching to default flow due to incremental criteria not met. If you would like to alter this behaviour and have the flow terminate instead, please set the following parameter config_implementation {autoIncr.Synth.RejectBehavior Terminate}
INFO: [Synth 8-7079] Multithreading enabled for synth_design using a maximum of 2 processes.
INFO: [Synth 8-7078] Launching helper process for spawning children vivado processes
INFO: [Synth 8-7075] Helper process launched with PID 3892
---------------------------------------------------------------------------------
Starting RTL Elaboration : Time (s): cpu = 00:00:04 ; elapsed = 00:00:04 . Memory (MB): peak = 1848.371 ; gain = 181.465
---------------------------------------------------------------------------------
INFO: [Synth 8-6157] synthesizing module 'tanh' [C:/Users/g55wang/lab3_template/src/tanh.sv:7]
INFO: [Synth 8-6157] synthesizing module 'q212_dsp_muladd' [C:/Users/g55wang/lab3_template/src/tanh.sv:288]
INFO: [Synth 8-6157] synthesizing module 'DSP48E2' [C:/Software/Xilinx/Vivado/2024.2/scripts/rt/data/unisim_comp.v:42062]
	Parameter ACASCREG bound to: 2 - type: integer 
	Parameter ADREG bound to: 0 - type: integer 
	Parameter ALUMODEREG bound to: 1 - type: integer 
	Parameter AMULTSEL bound to: A - type: string 
	Parameter AREG bound to: 2 - type: integer 
	Parameter AUTORESET_PATDET bound to: NO_RESET - type: string 
	Parameter AUTORESET_PRIORITY bound to: RESET - type: string 
	Parameter A_INPUT bound to: DIRECT - type: string 
	Parameter BCASCREG bound to: 2 - type: integer 
	Parameter BMULTSEL bound to: B - type: string 
	Parameter BREG bound to: 2 - type: integer 
	Parameter B_INPUT bound to: DIRECT - type: string 
	Parameter CARRYINREG bound to: 1 - type: integer 
	Parameter CARRYINSELREG bound to: 1 - type: integer 
	Parameter CREG bound to: 1 - type: integer 
	Parameter DREG bound to: 0 - type: integer 
	Parameter INMODEREG bound to: 1 - type: integer 
	Parameter MASK bound to: 48'b001111111111111111111111111111111111111111111111 
	Parameter MREG bound to: 1 - type: integer 
	Parameter OPMODEREG bound to: 1 - type: integer 
	Parameter PATTERN bound to: 48'b000000000000000000000000000000000000000000000000 
	Parameter PREADDINSEL bound to: A - type: string 
	Parameter PREG bound to: 1 - type: integer 
	Parameter SEL_MASK bound to: MASK - type: string 
	Parameter SEL_PATTERN bound to: PATTERN - type: string 
	Parameter USE_MULT bound to: MULTIPLY - type: string 
	Parameter USE_PATTERN_DETECT bound to: NO_PATDET - type: string 
	Parameter USE_SIMD bound to: ONE48 - type: string 
	Parameter USE_WIDEXOR bound to: FALSE - type: string 
	Parameter XORSIMD bound to: XOR24_48_96 - type: string 
INFO: [Synth 8-6155] done synthesizing module 'DSP48E2' (0#1) [C:/Software/Xilinx/Vivado/2024.2/scripts/rt/data/unisim_comp.v:42062]
INFO: [Synth 8-6155] done synthesizing module 'q212_dsp_muladd' (0#1) [C:/Users/g55wang/lab3_template/src/tanh.sv:288]
INFO: [Synth 8-6157] synthesizing module 'q212_delay' [C:/Users/g55wang/lab3_template/src/tanh.sv:410]
	Parameter N bound to: 32'sb00000000000000000000000000000100 
INFO: [Synth 8-6155] done synthesizing module 'q212_delay' (0#1) [C:/Users/g55wang/lab3_template/src/tanh.sv:410]
INFO: [Synth 8-6157] synthesizing module 'bit_delay' [C:/Users/g55wang/lab3_template/src/tanh.sv:439]
	Parameter N bound to: 32'sb00000000000000000000000000000100 
INFO: [Synth 8-6155] done synthesizing module 'bit_delay' (0#1) [C:/Users/g55wang/lab3_template/src/tanh.sv:439]
INFO: [Synth 8-6155] done synthesizing module 'tanh' (0#1) [C:/Users/g55wang/lab3_template/src/tanh.sv:7]
---------------------------------------------------------------------------------
Finished RTL Elaboration : Time (s): cpu = 00:00:05 ; elapsed = 00:00:05 . Memory (MB): peak = 1954.051 ; gain = 287.145
---------------------------------------------------------------------------------
---------------------------------------------------------------------------------
Start Handling Custom Attributes
---------------------------------------------------------------------------------
---------------------------------------------------------------------------------
Finished Handling Custom Attributes : Time (s): cpu = 00:00:05 ; elapsed = 00:00:05 . Memory (MB): peak = 1954.051 ; gain = 287.145
---------------------------------------------------------------------------------
---------------------------------------------------------------------------------
Finished RTL Optimization Phase 1 : Time (s): cpu = 00:00:05 ; elapsed = 00:00:05 . Memory (MB): peak = 1954.051 ; gain = 287.145
---------------------------------------------------------------------------------
Netlist sorting complete. Time (s): cpu = 00:00:00 ; elapsed = 00:00:00.008 . Memory (MB): peak = 1954.051 ; gain = 0.000
INFO: [Netlist 29-17] Analyzing 7 Unisim elements for replacement
INFO: [Netlist 29-28] Unisim Transformation completed in 0 CPU seconds
INFO: [Project 1-570] Preparing netlist for logic optimization

Processing XDC Constraints
Initializing timing engine
Parsing XDC File [C:/Users/g55wang/lab3_template/constraints.xdc]
INFO: [Vivado 12-2286] Implicit search of objects for pattern 'clk' matched to 'port' objects. [C:/Users/g55wang/lab3_template/constraints.xdc:1]
Resolution: To avoid ambiguous patterns, provide proper objects using get commands e.g. [get_nets xyz].
Finished Parsing XDC File [C:/Users/g55wang/lab3_template/constraints.xdc]
Completed Processing XDC Constraints

Netlist sorting complete. Time (s): cpu = 00:00:00 ; elapsed = 00:00:00 . Memory (MB): peak = 2018.031 ; gain = 0.000
INFO: [Project 1-111] Unisim Transformation Summary:
  A total of 7 instances were transformed.
  DSP48E2 => DSP48E2 (DSP_ALU, DSP_A_B_DATA, DSP_C_DATA, DSP_MULTIPLIER, DSP_M_DATA, DSP_OUTPUT, DSP_PREADD, DSP_PREADD_DATA): 7 instances

Constraint Validation Runtime : Time (s): cpu = 00:00:00 ; elapsed = 00:00:00.015 . Memory (MB): peak = 2018.031 ; gain = 0.000
INFO: [Designutils 20-5440] No compile time benefit to using incremental synthesis; A full resynthesis will be run
INFO: [Designutils 20-4379] Flow is switching to default flow due to incremental criteria not met. If you would like to alter this behaviour and have the flow terminate instead, please set the following parameter config_implementation {autoIncr.Synth.RejectBehavior Terminate}
---------------------------------------------------------------------------------
Finished Constraint Validation : Time (s): cpu = 00:00:15 ; elapsed = 00:00:15 . Memory (MB): peak = 2018.031 ; gain = 351.125
---------------------------------------------------------------------------------
---------------------------------------------------------------------------------
Start Loading Part and Timing Information
---------------------------------------------------------------------------------
Loading part: xck26-sfvc784-2LV-c
INFO: [Synth 8-6742] Reading net delay rules and data
---------------------------------------------------------------------------------
Finished Loading Part and Timing Information : Time (s): cpu = 00:00:15 ; elapsed = 00:00:15 . Memory (MB): peak = 2018.031 ; gain = 351.125
---------------------------------------------------------------------------------
---------------------------------------------------------------------------------
Start Applying 'set_property' XDC Constraints
---------------------------------------------------------------------------------
---------------------------------------------------------------------------------
Finished applying 'set_property' XDC Constraints : Time (s): cpu = 00:00:15 ; elapsed = 00:00:15 . Memory (MB): peak = 2018.031 ; gain = 351.125
---------------------------------------------------------------------------------
---------------------------------------------------------------------------------
Finished RTL Optimization Phase 2 : Time (s): cpu = 00:00:15 ; elapsed = 00:00:16 . Memory (MB): peak = 2018.031 ; gain = 351.125
---------------------------------------------------------------------------------
---------------------------------------------------------------------------------
Start RTL Component Statistics 
---------------------------------------------------------------------------------
Detailed RTL Component Info : 
+---Registers : 
	               14 Bit    Registers := 76    
	                1 Bit    Registers := 30    
---------------------------------------------------------------------------------
Finished RTL Component Statistics 
---------------------------------------------------------------------------------
---------------------------------------------------------------------------------
Start Part Resource Summary
---------------------------------------------------------------------------------
Part Resources:
DSPs: 1248 (col length:96)
BRAMs: 288 (col length: RAMB18 96 RAMB36 48)
---------------------------------------------------------------------------------
Finished Part Resource Summary
---------------------------------------------------------------------------------
---------------------------------------------------------------------------------
Start Cross Boundary and Area Optimization
---------------------------------------------------------------------------------
WARNING: [Synth 8-7080] Parallel synthesis criteria is not met
---------------------------------------------------------------------------------
Finished Cross Boundary and Area Optimization : Time (s): cpu = 00:00:16 ; elapsed = 00:00:17 . Memory (MB): peak = 2018.031 ; gain = 351.125
---------------------------------------------------------------------------------
---------------------------------------------------------------------------------
Start Applying XDC Timing Constraints
---------------------------------------------------------------------------------
---------------------------------------------------------------------------------
Finished Applying XDC Timing Constraints : Time (s): cpu = 00:00:25 ; elapsed = 00:00:28 . Memory (MB): peak = 2710.262 ; gain = 1043.355
---------------------------------------------------------------------------------
---------------------------------------------------------------------------------
Start Timing Optimization
---------------------------------------------------------------------------------
---------------------------------------------------------------------------------
Finished Timing Optimization : Time (s): cpu = 00:00:26 ; elapsed = 00:00:28 . Memory (MB): peak = 2716.566 ; gain = 1049.660
---------------------------------------------------------------------------------
---------------------------------------------------------------------------------
Start Technology Mapping
---------------------------------------------------------------------------------
---------------------------------------------------------------------------------
Finished Technology Mapping : Time (s): cpu = 00:00:26 ; elapsed = 00:00:28 . Memory (MB): peak = 2727.227 ; gain = 1060.320
---------------------------------------------------------------------------------
---------------------------------------------------------------------------------
Start IO Insertion
---------------------------------------------------------------------------------
---------------------------------------------------------------------------------
Start Flattening Before IO Insertion
---------------------------------------------------------------------------------
---------------------------------------------------------------------------------
Finished Flattening Before IO Insertion
---------------------------------------------------------------------------------
---------------------------------------------------------------------------------
Start Final Netlist Cleanup
---------------------------------------------------------------------------------
---------------------------------------------------------------------------------
Finished Final Netlist Cleanup
---------------------------------------------------------------------------------
---------------------------------------------------------------------------------
Finished IO Insertion : Time (s): cpu = 00:00:28 ; elapsed = 00:00:31 . Memory (MB): peak = 2939.262 ; gain = 1272.355
---------------------------------------------------------------------------------
---------------------------------------------------------------------------------
Start Renaming Generated Instances
---------------------------------------------------------------------------------
---------------------------------------------------------------------------------
Finished Renaming Generated Instances : Time (s): cpu = 00:00:28 ; elapsed = 00:00:31 . Memory (MB): peak = 2939.262 ; gain = 1272.355
---------------------------------------------------------------------------------
---------------------------------------------------------------------------------
Start Rebuilding User Hierarchy
---------------------------------------------------------------------------------
---------------------------------------------------------------------------------
Finished Rebuilding User Hierarchy : Time (s): cpu = 00:00:28 ; elapsed = 00:00:31 . Memory (MB): peak = 2939.262 ; gain = 1272.355
---------------------------------------------------------------------------------
---------------------------------------------------------------------------------
Start Renaming Generated Ports
---------------------------------------------------------------------------------
---------------------------------------------------------------------------------
Finished Renaming Generated Ports : Time (s): cpu = 00:00:28 ; elapsed = 00:00:31 . Memory (MB): peak = 2939.262 ; gain = 1272.355
---------------------------------------------------------------------------------
---------------------------------------------------------------------------------
Start Handling Custom Attributes
---------------------------------------------------------------------------------
---------------------------------------------------------------------------------
Finished Handling Custom Attributes : Time (s): cpu = 00:00:28 ; elapsed = 00:00:31 . Memory (MB): peak = 2939.262 ; gain = 1272.355
---------------------------------------------------------------------------------
---------------------------------------------------------------------------------
Start Renaming Generated Nets
---------------------------------------------------------------------------------
---------------------------------------------------------------------------------
Finished Renaming Generated Nets : Time (s): cpu = 00:00:28 ; elapsed = 00:00:31 . Memory (MB): peak = 2939.262 ; gain = 1272.355
---------------------------------------------------------------------------------
---------------------------------------------------------------------------------
Start ROM, RAM, DSP, Shift Register and Retiming Reporting
---------------------------------------------------------------------------------

Static Shift Register Report:
+------------+---------------------+--------+-------+--------------+--------------------+-------------------+--------+---------+
|Module Name | RTL Name            | Length | Width | Reset Signal | Pull out first Reg | Pull out last Reg | SRL16E | SRLC32E | 
+------------+---------------------+--------+-------+--------------+--------------------+-------------------+--------+---------+
|tanh        | x_1_reg[13]         | 5      | 14    | YES          | NO                 | YES               | 14     | 0       | 
|tanh        | u_fx/c_d2_reg[13]   | 22     | 14    | YES          | NO                 | YES               | 0      | 14      | 
|tanh        | r_o_valid_reg       | 30     | 1     | YES          | NO                 | YES               | 0      | 1       | 
|tanh        | x_cubed_5_reg[13]   | 16     | 14    | YES          | NO                 | YES               | 14     | 0       | 
|tanh        | x_squared_2_reg[13] | 5      | 14    | YES          | NO                 | YES               | 14     | 0       | 
|tanh        | x_squared_3_reg[13] | 5      | 14    | YES          | NO                 | YES               | 14     | 0       | 
|tanh        | x_squared_4_reg[13] | 5      | 14    | YES          | NO                 | YES               | 14     | 0       | 
+------------+---------------------+--------+-------+--------------+--------------------+-------------------+--------+---------+

---------------------------------------------------------------------------------
Finished ROM, RAM, DSP, Shift Register and Retiming Reporting
---------------------------------------------------------------------------------
---------------------------------------------------------------------------------
Start Writing Synthesis Report
---------------------------------------------------------------------------------

DSP Final Report (the ' indicates corresponding REG is set)
+-------------------+------------------+--------+--------+--------+--------+--------+------+------+------+------+-------+------+------+
|Module Name        | DSP Mapping      | A Size | B Size | C Size | D Size | P Size | AREG | BREG | CREG | DREG | ADREG | MREG | PREG | 
+-------------------+------------------+--------+--------+--------+--------+--------+------+------+------+------+-------+------+------+
|q212_dsp_muladd    | (C'+(A''*B'')')' | 30     | 18     | 48     | -      | 48     | 2    | 2    | 1    | -    | -     | 1    | 1    | 
|q212_dsp_muladd_9  | (C'+(A''*B'')')' | 30     | 18     | 19     | -      | 48     | 2    | 2    | 1    | -    | -     | 1    | 1    | 
|q212_dsp_muladd_10 | (C'+(A''*B'')')' | 30     | 18     | 48     | -      | 48     | 2    | 2    | 1    | -    | -     | 1    | 1    | 
|q212_dsp_muladd_11 | (C'+(A''*B'')')' | 30     | 18     | 22     | -      | 48     | 2    | 2    | 1    | -    | -     | 1    | 1    | 
|q212_dsp_muladd_12 | (C'+(A''*B'')')' | 30     | 18     | 48     | -      | 48     | 2    | 2    | 1    | -    | -     | 1    | 1    | 
|q212_dsp_muladd_13 | (C'+(A''*B'')')' | 30     | 18     | 0      | -      | 48     | 2    | 2    | 1    | -    | -     | 1    | 1    | 
|q212_dsp_muladd_14 | (C'+(A''*B'')')' | 30     | 18     | 0      | -      | 48     | 2    | 2    | 1    | -    | -     | 1    | 1    | 
+-------------------+------------------+--------+--------+--------+--------+--------+------+------+------+------+-------+------+------+


Report BlackBoxes: 
+-+--------------+----------+
| |BlackBox name |Instances |
+-+--------------+----------+
+-+--------------+----------+

Report Cell Usage: 
+------+----------------+------+
|      |Cell            |Count |
+------+----------------+------+
|1     |BUFG            |     1|
|2     |DSP_ALU         |     7|
|3     |DSP_A_B_DATA    |     7|
|4     |DSP_C_DATA      |     7|
|5     |DSP_MULTIPLIER  |     7|
|6     |DSP_M_DATA      |     7|
|7     |DSP_OUTPUT      |     7|
|8     |DSP_PREADD      |     7|
|9     |DSP_PREADD_DATA |     7|
|10    |LUT2            |    85|
|11    |SRL16E          |    70|
|12    |SRLC32E         |    15|
|13    |FDRE            |   285|
|14    |IBUF            |    18|
|15    |OBUF            |    16|
+------+----------------+------+
---------------------------------------------------------------------------------
Finished Writing Synthesis Report : Time (s): cpu = 00:00:28 ; elapsed = 00:00:31 . Memory (MB): peak = 2939.262 ; gain = 1272.355
---------------------------------------------------------------------------------
Synthesis finished with 0 errors, 0 critical warnings and 1 warnings.
Synthesis Optimization Runtime : Time (s): cpu = 00:00:19 ; elapsed = 00:00:26 . Memory (MB): peak = 2939.262 ; gain = 1208.375
Synthesis Optimization Complete : Time (s): cpu = 00:00:29 ; elapsed = 00:00:31 . Memory (MB): peak = 2939.262 ; gain = 1272.355
INFO: [Project 1-571] Translating synthesized netlist
Netlist sorting complete. Time (s): cpu = 00:00:00 ; elapsed = 00:00:00.004 . Memory (MB): peak = 2939.262 ; gain = 0.000
INFO: [Netlist 29-17] Analyzing 26 Unisim elements for replacement
INFO: [Netlist 29-28] Unisim Transformation completed in 0 CPU seconds
INFO: [Project 1-570] Preparing netlist for logic optimization
INFO: [Opt 31-138] Pushed 0 inverter(s) to 0 load pin(s).
Netlist sorting complete. Time (s): cpu = 00:00:00 ; elapsed = 00:00:00.001 . Memory (MB): peak = 2939.262 ; gain = 0.000
INFO: [Project 1-111] Unisim Transformation Summary:
  A total of 26 instances were transformed.
  BUFG => BUFGCE: 1 instance 
  DSP48E2 => DSP48E2 (DSP_ALU, DSP_A_B_DATA, DSP_C_DATA, DSP_MULTIPLIER, DSP_M_DATA, DSP_OUTPUT, DSP_PREADD, DSP_PREADD_DATA): 7 instances
  IBUF => IBUF (IBUFCTRL, INBUF): 18 instances

Synth Design complete | Checksum: 7f21a17
INFO: [Common 17-83] Releasing license: Synthesis
34 Infos, 1 Warnings, 0 Critical Warnings and 0 Errors encountered.
synth_design completed successfully
synth_design: Time (s): cpu = 00:00:34 ; elapsed = 00:00:39 . Memory (MB): peak = 2939.262 ; gain = 2306.070
Write ShapeDB Complete: Time (s): cpu = 00:00:00 ; elapsed = 00:00:00.002 . Memory (MB): peak = 2939.262 ; gain = 0.000
INFO: [Common 17-1381] The checkpoint 'C:/Users/g55wang/lab3/lab3.runs/synth_1/tanh.dcp' has been generated.
INFO: [Vivado 12-24828] Executing command : report_utilization -file tanh_utilization_synth.rpt -pb tanh_utilization_synth.pb
INFO: [Common 17-206] Exiting Vivado at Fri Jul  3 16:22:00 2026...
