Vivado Simulator v2024.2.2
Copyright 1986-2022 Xilinx, Inc. All Rights Reserved.
Copyright 2022-2024 Advanced Micro Devices, Inc. All Rights Reserved.
Running: C:/Software/Xilinx/Vivado/2024.2/bin/unwrapped/win64.o/xelab.exe --incr --debug typical --relax --mt 2 -L xil_defaultlib -L uvm -L unisims_ver -L unimacro_ver -L secureip --snapshot alu_tb_behav xil_defaultlib.alu_tb xil_defaultlib.glbl -log elaborate.log 
Using 2 slave threads.
Starting static elaboration
Pass Through NonSizing Optimizer
Completed static elaboration
Starting simulation data flow analysis
WARNING: [XSIM 43-4099] "C:/Users/g55wang/Downloads/ece327-s2026-lab1/lab1/src/alu.sv" Line 7. Module alu(DATAW=8) doesn't have a timescale but at least one module in design has a timescale.
WARNING: [XSIM 43-4099] "C:/Users/g55wang/Downloads/ece327-s2026-lab1/lab1/src/add_sub.sv" Line 7. Module add_sub(DATAW=8) doesn't have a timescale but at least one module in design has a timescale.
WARNING: [XSIM 43-4099] "C:/Users/g55wang/Downloads/ece327-s2026-lab1/lab1/src/full_adder.sv" Line 7. Module full_adder doesn't have a timescale but at least one module in design has a timescale.
WARNING: [XSIM 43-4099] "C:/Users/g55wang/Downloads/ece327-s2026-lab1/lab1/src/full_adder.sv" Line 7. Module full_adder doesn't have a timescale but at least one module in design has a timescale.
WARNING: [XSIM 43-4099] "C:/Users/g55wang/Downloads/ece327-s2026-lab1/lab1/src/full_adder.sv" Line 7. Module full_adder doesn't have a timescale but at least one module in design has a timescale.
WARNING: [XSIM 43-4099] "C:/Users/g55wang/Downloads/ece327-s2026-lab1/lab1/src/full_adder.sv" Line 7. Module full_adder doesn't have a timescale but at least one module in design has a timescale.
WARNING: [XSIM 43-4099] "C:/Users/g55wang/Downloads/ece327-s2026-lab1/lab1/src/full_adder.sv" Line 7. Module full_adder doesn't have a timescale but at least one module in design has a timescale.
WARNING: [XSIM 43-4099] "C:/Users/g55wang/Downloads/ece327-s2026-lab1/lab1/src/full_adder.sv" Line 7. Module full_adder doesn't have a timescale but at least one module in design has a timescale.
WARNING: [XSIM 43-4099] "C:/Users/g55wang/Downloads/ece327-s2026-lab1/lab1/src/full_adder.sv" Line 7. Module full_adder doesn't have a timescale but at least one module in design has a timescale.
WARNING: [XSIM 43-4099] "C:/Users/g55wang/Downloads/ece327-s2026-lab1/lab1/src/full_adder.sv" Line 7. Module full_adder doesn't have a timescale but at least one module in design has a timescale.
WARNING: [XSIM 43-4099] "C:/Users/g55wang/Downloads/ece327-s2026-lab1/lab1/src/alu.sv" Line 7. Module alu(DATAW=8) doesn't have a timescale but at least one module in design has a timescale.
WARNING: [XSIM 43-4099] "C:/Users/g55wang/Downloads/ece327-s2026-lab1/lab1/src/add_sub.sv" Line 7. Module add_sub(DATAW=8) doesn't have a timescale but at least one module in design has a timescale.
WARNING: [XSIM 43-4099] "C:/Users/g55wang/Downloads/ece327-s2026-lab1/lab1/src/full_adder.sv" Line 7. Module full_adder doesn't have a timescale but at least one module in design has a timescale.
WARNING: [XSIM 43-4099] "C:/Users/g55wang/Downloads/ece327-s2026-lab1/lab1/src/full_adder.sv" Line 7. Module full_adder doesn't have a timescale but at least one module in design has a timescale.
WARNING: [XSIM 43-4099] "C:/Users/g55wang/Downloads/ece327-s2026-lab1/lab1/src/full_adder.sv" Line 7. Module full_adder doesn't have a timescale but at least one module in design has a timescale.
WARNING: [XSIM 43-4099] "C:/Users/g55wang/Downloads/ece327-s2026-lab1/lab1/src/full_adder.sv" Line 7. Module full_adder doesn't have a timescale but at least one module in design has a timescale.
WARNING: [XSIM 43-4099] "C:/Users/g55wang/Downloads/ece327-s2026-lab1/lab1/src/full_adder.sv" Line 7. Module full_adder doesn't have a timescale but at least one module in design has a timescale.
WARNING: [XSIM 43-4099] "C:/Users/g55wang/Downloads/ece327-s2026-lab1/lab1/src/full_adder.sv" Line 7. Module full_adder doesn't have a timescale but at least one module in design has a timescale.
WARNING: [XSIM 43-4099] "C:/Users/g55wang/Downloads/ece327-s2026-lab1/lab1/src/full_adder.sv" Line 7. Module full_adder doesn't have a timescale but at least one module in design has a timescale.
WARNING: [XSIM 43-4099] "C:/Users/g55wang/Downloads/ece327-s2026-lab1/lab1/src/full_adder.sv" Line 7. Module full_adder doesn't have a timescale but at least one module in design has a timescale.
Completed simulation data flow analysis
Time Resolution for simulation is 1ps
Compiling module xil_defaultlib.full_adder
Compiling module xil_defaultlib.add_sub(DATAW=8)
Compiling module xil_defaultlib.alu(DATAW=8)
Compiling module xil_defaultlib.alu_tb
Compiling module xil_defaultlib.glbl
Built simulation snapshot alu_tb_behav
