
*** Running vivado
    with args -log wordle_top.vds -m64 -product Vivado -mode batch -messageDb vivado.pb -notrace -source wordle_top.tcl



****** Vivado v2024.2.2 (64-bit)
  **** SW Build 6060944 on Thu Mar 06 19:10:01 MST 2025
  **** IP Build 6050500 on Thu Mar  6 23:33:39 MST 2025
  **** SharedData Build 6060542 on Thu Mar 06 10:31:07 MST 2025
  **** Start of session at: Thu Jun 11 10:42:52 2026
    ** Copyright 1986-2022 Xilinx, Inc. All Rights Reserved.
    ** Copyright 2022-2025 Advanced Micro Devices, Inc. All Rights Reserved.

INFO: [Common 17-724] Xilinx Tcl Store apps are automatically updated.
source wordle_top.tcl -notrace
create_project: Time (s): cpu = 00:00:06 ; elapsed = 00:00:06 . Memory (MB): peak = 625.387 ; gain = 193.371
Command: synth_design -top wordle_top -part xck26-sfvc784-2LV-c
Starting synth_design
Attempting to get a license for feature 'Synthesis' and/or device 'xck26'
INFO: [Common 17-349] Got license for feature 'Synthesis' and/or device 'xck26'
INFO: [Device 21-403] Loading part xck26-sfvc784-2LV-c
INFO: [Synth 8-7079] Multithreading enabled for synth_design using a maximum of 2 processes.
INFO: [Synth 8-7078] Launching helper process for spawning children vivado processes
INFO: [Synth 8-7075] Helper process launched with PID 10484
---------------------------------------------------------------------------------
Starting RTL Elaboration : Time (s): cpu = 00:00:04 ; elapsed = 00:00:05 . Memory (MB): peak = 1844.680 ; gain = 179.828
---------------------------------------------------------------------------------
INFO: [Synth 8-6157] synthesizing module 'wordle_top' [C:/Users/g55wang/lab2_template/src/wordle_top.sv:10]
INFO: [Synth 8-6157] synthesizing module 'wordle_fsm' [C:/Users/g55wang/lab2_template/src/wordle_fsm.sv:7]
	Parameter NUM_LETTERS bound to: 4 - type: integer 
	Parameter MAX_GUESSES bound to: 6 - type: integer 
INFO: [Synth 8-6157] synthesizing module 'word_to_colour' [C:/Users/g55wang/lab2_template/src/wordle_fsm.sv:174]
	Parameter NUM_LETTERS bound to: 4 - type: integer 
	Parameter WORD_WIDTH bound to: 32 - type: integer 
	Parameter RSLT_WIDTH bound to: 8 - type: integer 
INFO: [Synth 8-6155] done synthesizing module 'word_to_colour' (0#1) [C:/Users/g55wang/lab2_template/src/wordle_fsm.sv:174]
INFO: [Synth 8-226] default block is never used [C:/Users/g55wang/lab2_template/src/wordle_fsm.sv:71]
INFO: [Synth 8-6155] done synthesizing module 'wordle_fsm' (0#1) [C:/Users/g55wang/lab2_template/src/wordle_fsm.sv:7]
INFO: [Synth 8-6157] synthesizing module 'wordle_rom' [C:/Users/g55wang/lab2_template/src/wordle_rom.sv:13]
	Parameter ADDR_WIDTH bound to: 10 - type: integer 
	Parameter DATA_WIDTH bound to: 32 - type: integer 
INFO: [Synth 8-226] default block is never used [C:/Users/g55wang/lab2_template/src/wordle_rom.sv:23]
INFO: [Synth 8-6155] done synthesizing module 'wordle_rom' (0#1) [C:/Users/g55wang/lab2_template/src/wordle_rom.sv:13]
INFO: [Synth 8-6155] done synthesizing module 'wordle_top' (0#1) [C:/Users/g55wang/lab2_template/src/wordle_top.sv:10]
---------------------------------------------------------------------------------
Finished RTL Elaboration : Time (s): cpu = 00:00:05 ; elapsed = 00:00:06 . Memory (MB): peak = 1956.113 ; gain = 291.262
---------------------------------------------------------------------------------
---------------------------------------------------------------------------------
Start Handling Custom Attributes
---------------------------------------------------------------------------------
---------------------------------------------------------------------------------
Finished Handling Custom Attributes : Time (s): cpu = 00:00:05 ; elapsed = 00:00:06 . Memory (MB): peak = 1956.113 ; gain = 291.262
---------------------------------------------------------------------------------
---------------------------------------------------------------------------------
Finished RTL Optimization Phase 1 : Time (s): cpu = 00:00:05 ; elapsed = 00:00:06 . Memory (MB): peak = 1956.113 ; gain = 291.262
---------------------------------------------------------------------------------
Netlist sorting complete. Time (s): cpu = 00:00:00 ; elapsed = 00:00:00.003 . Memory (MB): peak = 1956.113 ; gain = 0.000
INFO: [Project 1-570] Preparing netlist for logic optimization

Processing XDC Constraints
Initializing timing engine
Parsing XDC File [C:/Users/g55wang/lab2_template/constraints.xdc]
INFO: [Vivado 12-2286] Implicit search of objects for pattern 'clk' matched to 'port' objects. [C:/Users/g55wang/lab2_template/constraints.xdc:2]
Resolution: To avoid ambiguous patterns, provide proper objects using get commands e.g. [get_nets xyz].
Finished Parsing XDC File [C:/Users/g55wang/lab2_template/constraints.xdc]
Completed Processing XDC Constraints

Netlist sorting complete. Time (s): cpu = 00:00:00 ; elapsed = 00:00:00 . Memory (MB): peak = 2060.516 ; gain = 0.000
INFO: [Project 1-111] Unisim Transformation Summary:
No Unisim elements were transformed.

Constraint Validation Runtime : Time (s): cpu = 00:00:00 ; elapsed = 00:00:00.011 . Memory (MB): peak = 2060.516 ; gain = 0.000
---------------------------------------------------------------------------------
Finished Constraint Validation : Time (s): cpu = 00:00:15 ; elapsed = 00:00:16 . Memory (MB): peak = 2060.516 ; gain = 395.664
---------------------------------------------------------------------------------
---------------------------------------------------------------------------------
Start Loading Part and Timing Information
---------------------------------------------------------------------------------
Loading part: xck26-sfvc784-2LV-c
INFO: [Synth 8-6742] Reading net delay rules and data
---------------------------------------------------------------------------------
Finished Loading Part and Timing Information : Time (s): cpu = 00:00:15 ; elapsed = 00:00:16 . Memory (MB): peak = 2060.516 ; gain = 395.664
---------------------------------------------------------------------------------
---------------------------------------------------------------------------------
Start Applying 'set_property' XDC Constraints
---------------------------------------------------------------------------------
---------------------------------------------------------------------------------
Finished applying 'set_property' XDC Constraints : Time (s): cpu = 00:00:15 ; elapsed = 00:00:16 . Memory (MB): peak = 2060.516 ; gain = 395.664
---------------------------------------------------------------------------------
---------------------------------------------------------------------------------
Finished RTL Optimization Phase 2 : Time (s): cpu = 00:00:16 ; elapsed = 00:00:17 . Memory (MB): peak = 2060.516 ; gain = 395.664
---------------------------------------------------------------------------------
---------------------------------------------------------------------------------
Start RTL Component Statistics 
---------------------------------------------------------------------------------
Detailed RTL Component Info : 
+---Adders : 
	   2 Input    4 Bit       Adders := 2     
+---Registers : 
	               32 Bit    Registers := 2     
	               22 Bit    Registers := 1     
	                4 Bit    Registers := 2     
	                2 Bit    Registers := 5     
	                1 Bit    Registers := 2     
+---ROMs : 
	                    ROMs := 1     
+---Muxes : 
	   2 Input    8 Bit        Muxes := 5     
	   2 Input    7 Bit        Muxes := 1     
	   2 Input    4 Bit        Muxes := 5     
	   5 Input    2 Bit        Muxes := 4     
	   2 Input    2 Bit        Muxes := 2     
	   3 Input    2 Bit        Muxes := 4     
	   2 Input    1 Bit        Muxes := 39    
---------------------------------------------------------------------------------
Finished RTL Component Statistics 
---------------------------------------------------------------------------------
---------------------------------------------------------------------------------
Start Part Resource Summary
---------------------------------------------------------------------------------
Part Resources:
DSPs: 1248 (col length:96)
BRAMs: 288 (col length: RAMB18 96 RAMB36 48)
---------------------------------------------------------------------------------
Finished Part Resource Summary
---------------------------------------------------------------------------------
---------------------------------------------------------------------------------
Start Cross Boundary and Area Optimization
---------------------------------------------------------------------------------
WARNING: [Synth 8-7080] Parallel synthesis criteria is not met
---------------------------------------------------------------------------------
Finished Cross Boundary and Area Optimization : Time (s): cpu = 00:00:19 ; elapsed = 00:00:20 . Memory (MB): peak = 2060.516 ; gain = 395.664
---------------------------------------------------------------------------------
---------------------------------------------------------------------------------
Start ROM, RAM, DSP, Shift Register and Retiming Reporting
---------------------------------------------------------------------------------

ROM: Preliminary Mapping Report
+------------+-------------------+---------------+----------------+
|Module Name | RTL Object        | Depth x Width | Implemented As | 
+------------+-------------------+---------------+----------------+
|wordle_top  | rom_inst/data_reg | 1024x22       | Block RAM      | 
|wordle_top  | rom_inst/data_reg | 1024x22       | Block RAM      | 
+------------+-------------------+---------------+----------------+

---------------------------------------------------------------------------------
Finished ROM, RAM, DSP, Shift Register and Retiming Reporting
---------------------------------------------------------------------------------
---------------------------------------------------------------------------------
Start Applying XDC Timing Constraints
---------------------------------------------------------------------------------
---------------------------------------------------------------------------------
Finished Applying XDC Timing Constraints : Time (s): cpu = 00:00:28 ; elapsed = 00:00:31 . Memory (MB): peak = 2700.145 ; gain = 1035.293
---------------------------------------------------------------------------------
---------------------------------------------------------------------------------
Start Timing Optimization
---------------------------------------------------------------------------------
---------------------------------------------------------------------------------
Finished Timing Optimization : Time (s): cpu = 00:00:29 ; elapsed = 00:00:33 . Memory (MB): peak = 2764.461 ; gain = 1099.609
---------------------------------------------------------------------------------
---------------------------------------------------------------------------------
Start Technology Mapping
---------------------------------------------------------------------------------
---------------------------------------------------------------------------------
Finished Technology Mapping : Time (s): cpu = 00:00:29 ; elapsed = 00:00:33 . Memory (MB): peak = 2764.461 ; gain = 1099.609
---------------------------------------------------------------------------------
---------------------------------------------------------------------------------
Start IO Insertion
---------------------------------------------------------------------------------
---------------------------------------------------------------------------------
Start Flattening Before IO Insertion
---------------------------------------------------------------------------------
---------------------------------------------------------------------------------
Finished Flattening Before IO Insertion
---------------------------------------------------------------------------------
---------------------------------------------------------------------------------
Start Final Netlist Cleanup
---------------------------------------------------------------------------------
---------------------------------------------------------------------------------
Finished Final Netlist Cleanup
---------------------------------------------------------------------------------
---------------------------------------------------------------------------------
Finished IO Insertion : Time (s): cpu = 00:00:32 ; elapsed = 00:00:35 . Memory (MB): peak = 2959.152 ; gain = 1294.301
---------------------------------------------------------------------------------
---------------------------------------------------------------------------------
Start Renaming Generated Instances
---------------------------------------------------------------------------------
---------------------------------------------------------------------------------
Finished Renaming Generated Instances : Time (s): cpu = 00:00:32 ; elapsed = 00:00:35 . Memory (MB): peak = 2959.152 ; gain = 1294.301
---------------------------------------------------------------------------------
---------------------------------------------------------------------------------
Start Rebuilding User Hierarchy
---------------------------------------------------------------------------------
---------------------------------------------------------------------------------
Finished Rebuilding User Hierarchy : Time (s): cpu = 00:00:32 ; elapsed = 00:00:35 . Memory (MB): peak = 2959.152 ; gain = 1294.301
---------------------------------------------------------------------------------
---------------------------------------------------------------------------------
Start Renaming Generated Ports
---------------------------------------------------------------------------------
---------------------------------------------------------------------------------
Finished Renaming Generated Ports : Time (s): cpu = 00:00:32 ; elapsed = 00:00:35 . Memory (MB): peak = 2959.152 ; gain = 1294.301
---------------------------------------------------------------------------------
---------------------------------------------------------------------------------
Start Handling Custom Attributes
---------------------------------------------------------------------------------
---------------------------------------------------------------------------------
Finished Handling Custom Attributes : Time (s): cpu = 00:00:32 ; elapsed = 00:00:35 . Memory (MB): peak = 2959.152 ; gain = 1294.301
---------------------------------------------------------------------------------
---------------------------------------------------------------------------------
Start Renaming Generated Nets
---------------------------------------------------------------------------------
---------------------------------------------------------------------------------
Finished Renaming Generated Nets : Time (s): cpu = 00:00:32 ; elapsed = 00:00:35 . Memory (MB): peak = 2959.152 ; gain = 1294.301
---------------------------------------------------------------------------------
---------------------------------------------------------------------------------
Start Writing Synthesis Report
---------------------------------------------------------------------------------

Report BlackBoxes: 
+-+--------------+----------+
| |BlackBox name |Instances |
+-+--------------+----------+
+-+--------------+----------+

Report Cell Usage: 
+------+---------+------+
|      |Cell     |Count |
+------+---------+------+
|1     |BUFG     |     1|
|2     |LUT1     |     6|
|3     |LUT2     |     3|
|4     |LUT3     |     4|
|5     |LUT4     |    21|
|6     |LUT5     |    17|
|7     |LUT6     |    40|
|8     |RAMB36E2 |     1|
|9     |FDRE     |    52|
|10    |IBUF     |    48|
|11    |OBUF     |    15|
+------+---------+------+
---------------------------------------------------------------------------------
Finished Writing Synthesis Report : Time (s): cpu = 00:00:32 ; elapsed = 00:00:35 . Memory (MB): peak = 2959.152 ; gain = 1294.301
---------------------------------------------------------------------------------
Synthesis finished with 0 errors, 0 critical warnings and 1 warnings.
Synthesis Optimization Runtime : Time (s): cpu = 00:00:22 ; elapsed = 00:00:31 . Memory (MB): peak = 2959.152 ; gain = 1189.898
Synthesis Optimization Complete : Time (s): cpu = 00:00:32 ; elapsed = 00:00:36 . Memory (MB): peak = 2959.152 ; gain = 1294.301
INFO: [Project 1-571] Translating synthesized netlist
Netlist sorting complete. Time (s): cpu = 00:00:00 ; elapsed = 00:00:00.002 . Memory (MB): peak = 2959.152 ; gain = 0.000
INFO: [Netlist 29-17] Analyzing 49 Unisim elements for replacement
INFO: [Netlist 29-28] Unisim Transformation completed in 0 CPU seconds
INFO: [Project 1-570] Preparing netlist for logic optimization
INFO: [Opt 31-138] Pushed 0 inverter(s) to 0 load pin(s).
Netlist sorting complete. Time (s): cpu = 00:00:00 ; elapsed = 00:00:00 . Memory (MB): peak = 2959.152 ; gain = 0.000
INFO: [Project 1-111] Unisim Transformation Summary:
  A total of 49 instances were transformed.
  BUFG => BUFGCE: 1 instance 
  IBUF => IBUF (IBUFCTRL, INBUF): 48 instances

Synth Design complete | Checksum: a702d931
INFO: [Common 17-83] Releasing license: Synthesis
26 Infos, 1 Warnings, 0 Critical Warnings and 0 Errors encountered.
synth_design completed successfully
synth_design: Time (s): cpu = 00:00:38 ; elapsed = 00:00:44 . Memory (MB): peak = 2959.152 ; gain = 2333.766
Write ShapeDB Complete: Time (s): cpu = 00:00:00 ; elapsed = 00:00:00.001 . Memory (MB): peak = 2959.152 ; gain = 0.000
INFO: [Common 17-1381] The checkpoint 'C:/Users/g55wang/lab2/lab2.runs/synth_1/wordle_top.dcp' has been generated.
INFO: [Vivado 12-24828] Executing command : report_utilization -file wordle_top_utilization_synth.rpt -pb wordle_top_utilization_synth.pb
INFO: [Common 17-206] Exiting Vivado at Thu Jun 11 10:43:46 2026...
