Copyright 1986-2022 Xilinx, Inc. All Rights Reserved. Copyright 2022-2025 Advanced Micro Devices, Inc. All Rights Reserved.
--------------------------------------------------------------------------------------------------------------------------------------------------------------------
| Tool Version      : Vivado v.2024.2.2 (win64) Build 6060944 Thu Mar 06 19:10:01 MST 2025
| Date              : Tue Jun  2 10:06:59 2026
| Host              : ECE-MCU2-09 running 64-bit major release  (build 9200)
| Command           : report_bus_skew -warn_on_violation -file full_adder_bus_skew_routed.rpt -pb full_adder_bus_skew_routed.pb -rpx full_adder_bus_skew_routed.rpx
| Design            : full_adder
| Device            : xck26-sfvc784
| Speed File        : -2LV  PRODUCTION 1.30 05-15-2022
| Design State      : Routed
| Temperature Grade : C
--------------------------------------------------------------------------------------------------------------------------------------------------------------------

Bus Skew Report

No bus skew constraints

