Copyright 1986-2022 Xilinx, Inc. All Rights Reserved. Copyright 2022-2025 Advanced Micro Devices, Inc. All Rights Reserved.
--------------------------------------------------------------------------------------------------------------------------------------------------------------------------------------------------------------------------------
| Tool Version      : Vivado v.2024.2.2 (win64) Build 6060944 Thu Mar 06 19:10:01 MST 2025
| Date              : Tue Jun  2 10:06:52 2026
| Host              : ECE-MCU2-09 running 64-bit major release  (build 9200)
| Command           : report_timing_summary -max_paths 10 -report_unconstrained -file full_adder_timing_summary_routed.rpt -pb full_adder_timing_summary_routed.pb -rpx full_adder_timing_summary_routed.rpx -warn_on_violation
| Design            : full_adder
| Device            : xck26-sfvc784
| Speed File        : -2LV  PRODUCTION 1.30 05-15-2022
| Design State      : Routed
| Temperature Grade : C
--------------------------------------------------------------------------------------------------------------------------------------------------------------------------------------------------------------------------------

Timing Summary Report

------------------------------------------------------------------------------------------------
| Timer Settings
| --------------
------------------------------------------------------------------------------------------------

  Enable Multi Corner Analysis               :  Yes
  Enable Pessimism Removal                   :  Yes
  Pessimism Removal Resolution               :  Nearest Common Node
  Enable Input Delay Default Clock           :  No
  Enable Preset / Clear Arcs                 :  No
  Disable Flight Delays                      :  No
  Ignore I/O Paths                           :  No
  Timing Early Launch at Borrowing Latches   :  No
  Borrow Time for Max Delay Exceptions       :  Yes
  Merge Timing Exceptions                    :  Yes
  Inter-SLR Compensation                     :  Conservative

  Corner  Analyze    Analyze    
  Name    Max Paths  Min Paths  
  ------  ---------  ---------  
  Slow    Yes        Yes        
  Fast    Yes        Yes        


------------------------------------------------------------------------------------------------
| Report Methodology
| ------------------
------------------------------------------------------------------------------------------------

No report available as report_methodology has not been run prior. Run report_methodology on the current design for the summary of methodology violations.



check_timing report

Table of Contents
-----------------
1. checking no_clock (0)
2. checking constant_clock (0)
3. checking pulse_width_clock (0)
4. checking unconstrained_internal_endpoints (0)
5. checking no_input_delay (0)
6. checking no_output_delay (0)
7. checking multiple_clock (0)
8. checking generated_clocks (0)
9. checking loops (0)
10. checking partial_input_delay (0)
11. checking partial_output_delay (0)
12. checking latch_loops (0)

1. checking no_clock (0)
------------------------
 There are 0 register/latch pins with no clock.


2. checking constant_clock (0)
------------------------------
 There are 0 register/latch pins with constant_clock.


3. checking pulse_width_clock (0)
---------------------------------
 There are 0 register/latch pins which need pulse_width check


4. checking unconstrained_internal_endpoints (0)
------------------------------------------------
 There are 0 pins that are not constrained for maximum delay.

 There are 0 pins that are not constrained for maximum delay due to constant clock.


5. checking no_input_delay (0)
------------------------------
 There are 0 input ports with no input delay specified.

 There are 0 input ports with no input delay but user has a false path constraint.


6. checking no_output_delay (0)
-------------------------------
 There are 0 ports with no output delay specified.

 There are 0 ports with no output delay but user has a false path constraint

 There are 0 ports with no output delay but with a timing clock defined on it or propagating through it


7. checking multiple_clock (0)
------------------------------
 There are 0 register/latch pins with multiple clocks.


8. checking generated_clocks (0)
--------------------------------
 There are 0 generated clocks that are not connected to a clock source.


9. checking loops (0)
---------------------
 There are 0 combinational loops in the design.


10. checking partial_input_delay (0)
------------------------------------
 There are 0 input ports with partial input delay specified.


11. checking partial_output_delay (0)
-------------------------------------
 There are 0 ports with partial output delay specified.


12. checking latch_loops (0)
----------------------------
 There are 0 combinational latch loops in the design through latch input



------------------------------------------------------------------------------------------------
| Design Timing Summary
| ---------------------
------------------------------------------------------------------------------------------------

    WNS(ns)      TNS(ns)  TNS Failing Endpoints  TNS Total Endpoints      WHS(ns)      THS(ns)  THS Failing Endpoints  THS Total Endpoints     WPWS(ns)     TPWS(ns)  TPWS Failing Endpoints  TPWS Total Endpoints  
    -------      -------  ---------------------  -------------------      -------      -------  ---------------------  -------------------     --------     --------  ----------------------  --------------------  
        inf        0.000                      0                    2          inf        0.000                      0                    2           NA           NA                      NA                    NA  


There are no user specified timing constraints.


------------------------------------------------------------------------------------------------
| Clock Summary
| -------------
------------------------------------------------------------------------------------------------


------------------------------------------------------------------------------------------------
| Intra Clock Table
| -----------------
------------------------------------------------------------------------------------------------

Clock             WNS(ns)      TNS(ns)  TNS Failing Endpoints  TNS Total Endpoints      WHS(ns)      THS(ns)  THS Failing Endpoints  THS Total Endpoints     WPWS(ns)     TPWS(ns)  TPWS Failing Endpoints  TPWS Total Endpoints  
-----             -------      -------  ---------------------  -------------------      -------      -------  ---------------------  -------------------     --------     --------  ----------------------  --------------------  


------------------------------------------------------------------------------------------------
| Inter Clock Table
| -----------------
------------------------------------------------------------------------------------------------

From Clock    To Clock          WNS(ns)      TNS(ns)  TNS Failing Endpoints  TNS Total Endpoints      WHS(ns)      THS(ns)  THS Failing Endpoints  THS Total Endpoints  
----------    --------          -------      -------  ---------------------  -------------------      -------      -------  ---------------------  -------------------  


------------------------------------------------------------------------------------------------
| Other Path Groups Table
| -----------------------
------------------------------------------------------------------------------------------------

Path Group    From Clock    To Clock          WNS(ns)      TNS(ns)  TNS Failing Endpoints  TNS Total Endpoints      WHS(ns)      THS(ns)  THS Failing Endpoints  THS Total Endpoints  
----------    ----------    --------          -------      -------  ---------------------  -------------------      -------      -------  ---------------------  -------------------  


------------------------------------------------------------------------------------------------
| User Ignored Path Table
| -----------------------
------------------------------------------------------------------------------------------------

Path Group    From Clock    To Clock    
----------    ----------    --------    


------------------------------------------------------------------------------------------------
| Unconstrained Path Table
| ------------------------
------------------------------------------------------------------------------------------------

Path Group    From Clock    To Clock    
----------    ----------    --------    
(none)                                    


------------------------------------------------------------------------------------------------
| Timing Details
| --------------
------------------------------------------------------------------------------------------------


--------------------------------------------------------------------------------------
Path Group:  (none)
From Clock:  
  To Clock:  

Max Delay             2 Endpoints
Min Delay             2 Endpoints
--------------------------------------------------------------------------------------


Max Delay Paths
--------------------------------------------------------------------------------------
Slack:                    inf
  Source:                 b
                            (input port)
  Destination:            s
                            (output port)
  Path Group:             (none)
  Path Type:              Max at Slow Process Corner
  Data Path Delay:        3.690ns  (logic 1.580ns (42.819%)  route 2.110ns (57.181%))
  Logic Levels:           4  (IBUFCTRL=1 INBUF=1 LUT3=1 OBUF=1)

    Location             Delay type                Incr(ns)  Path(ns)    Netlist Resource(s)
  -------------------------------------------------------------------    -------------------
    E8                                                0.000     0.000 r  b (IN)
                         net (fo=0)                   0.000     0.000    b_IBUF_inst/I
    E8                   INBUF (Prop_INBUF_HPIOB_S_PAD_O)
                                                      0.509     0.509 r  b_IBUF_inst/INBUF_INST/O
                         net (fo=1, routed)           0.000     0.509    b_IBUF_inst/OUT
    E8                   IBUFCTRL (Prop_IBUFCTRL_HPIOB_S_I_O)
                                                      0.000     0.509 r  b_IBUF_inst/IBUFCTRL_INST/O
                         net (fo=2, routed)           0.978     1.487    b_IBUF
    SLICE_X23Y219        LUT3 (Prop_D6LUT_SLICEL_I2_O)
                                                      0.185     1.672 r  s_OBUF_inst_i_1/O
                         net (fo=1, routed)           1.132     2.804    s_OBUF
    G6                   OBUF (Prop_OUTBUF_HPIOB_M_I_O)
                                                      0.886     3.690 r  s_OBUF_inst/O
                         net (fo=0)                   0.000     3.690    s
    G6                                                                r  s (OUT)
  -------------------------------------------------------------------    -------------------

Slack:                    inf
  Source:                 b
                            (input port)
  Destination:            cout
                            (output port)
  Path Group:             (none)
  Path Type:              Max at Slow Process Corner
  Data Path Delay:        3.603ns  (logic 1.582ns (43.912%)  route 2.021ns (56.088%))
  Logic Levels:           4  (IBUFCTRL=1 INBUF=1 LUT3=1 OBUF=1)

    Location             Delay type                Incr(ns)  Path(ns)    Netlist Resource(s)
  -------------------------------------------------------------------    -------------------
    E8                                                0.000     0.000 r  b (IN)
                         net (fo=0)                   0.000     0.000    b_IBUF_inst/I
    E8                   INBUF (Prop_INBUF_HPIOB_S_PAD_O)
                                                      0.509     0.509 r  b_IBUF_inst/INBUF_INST/O
                         net (fo=1, routed)           0.000     0.509    b_IBUF_inst/OUT
    E8                   IBUFCTRL (Prop_IBUFCTRL_HPIOB_S_I_O)
                                                      0.000     0.509 r  b_IBUF_inst/IBUFCTRL_INST/O
                         net (fo=2, routed)           0.978     1.487    b_IBUF
    SLICE_X23Y219        LUT3 (Prop_D5LUT_SLICEL_I1_O)
                                                      0.187     1.674 r  cout_OBUF_inst_i_1/O
                         net (fo=1, routed)           1.043     2.717    cout_OBUF
    F7                   OBUF (Prop_OUTBUF_HPIOB_S_I_O)
                                                      0.886     3.603 r  cout_OBUF_inst/O
                         net (fo=0)                   0.000     3.603    cout
    F7                                                                r  cout (OUT)
  -------------------------------------------------------------------    -------------------





Min Delay Paths
--------------------------------------------------------------------------------------
Slack:                    inf
  Source:                 a
                            (input port)
  Destination:            cout
                            (output port)
  Path Group:             (none)
  Path Type:              Min at Fast Process Corner
  Data Path Delay:        1.356ns  (logic 0.560ns (41.290%)  route 0.796ns (58.710%))
  Logic Levels:           4  (IBUFCTRL=1 INBUF=1 LUT3=1 OBUF=1)

    Location             Delay type                Incr(ns)  Path(ns)    Netlist Resource(s)
  -------------------------------------------------------------------    -------------------
    F8                                                0.000     0.000 r  a (IN)
                         net (fo=0)                   0.000     0.000    a_IBUF_inst/I
    F8                   INBUF (Prop_INBUF_HPIOB_M_PAD_O)
                                                      0.145     0.145 r  a_IBUF_inst/INBUF_INST/O
                         net (fo=1, routed)           0.000     0.145    a_IBUF_inst/OUT
    F8                   IBUFCTRL (Prop_IBUFCTRL_HPIOB_M_I_O)
                                                      0.000     0.145 r  a_IBUF_inst/IBUFCTRL_INST/O
                         net (fo=2, routed)           0.352     0.497    a_IBUF
    SLICE_X23Y219        LUT3 (Prop_D5LUT_SLICEL_I2_O)
                                                      0.037     0.534 r  cout_OBUF_inst_i_1/O
                         net (fo=1, routed)           0.444     0.978    cout_OBUF
    F7                   OBUF (Prop_OUTBUF_HPIOB_S_I_O)
                                                      0.378     1.356 r  cout_OBUF_inst/O
                         net (fo=0)                   0.000     1.356    cout
    F7                                                                r  cout (OUT)
  -------------------------------------------------------------------    -------------------

Slack:                    inf
  Source:                 a
                            (input port)
  Destination:            s
                            (output port)
  Path Group:             (none)
  Path Type:              Min at Fast Process Corner
  Data Path Delay:        1.418ns  (logic 0.590ns (41.592%)  route 0.828ns (58.408%))
  Logic Levels:           4  (IBUFCTRL=1 INBUF=1 LUT3=1 OBUF=1)

    Location             Delay type                Incr(ns)  Path(ns)    Netlist Resource(s)
  -------------------------------------------------------------------    -------------------
    F8                                                0.000     0.000 r  a (IN)
                         net (fo=0)                   0.000     0.000    a_IBUF_inst/I
    F8                   INBUF (Prop_INBUF_HPIOB_M_PAD_O)
                                                      0.145     0.145 r  a_IBUF_inst/INBUF_INST/O
                         net (fo=1, routed)           0.000     0.145    a_IBUF_inst/OUT
    F8                   IBUFCTRL (Prop_IBUFCTRL_HPIOB_M_I_O)
                                                      0.000     0.145 r  a_IBUF_inst/IBUFCTRL_INST/O
                         net (fo=2, routed)           0.352     0.497    a_IBUF
    SLICE_X23Y219        LUT3 (Prop_D6LUT_SLICEL_I1_O)
                                                      0.067     0.564 r  s_OBUF_inst_i_1/O
                         net (fo=1, routed)           0.476     1.040    s_OBUF
    G6                   OBUF (Prop_OUTBUF_HPIOB_M_I_O)
                                                      0.378     1.418 r  s_OBUF_inst/O
                         net (fo=0)                   0.000     1.418    s
    G6                                                                r  s (OUT)
  -------------------------------------------------------------------    -------------------





