
*** Running vivado
    with args -log tanh.vdi -applog -m64 -product Vivado -messageDb vivado.pb -mode batch -source tanh.tcl -notrace



****** Vivado v2024.2.2 (64-bit)
  **** SW Build 6060944 on Thu Mar 06 19:10:01 MST 2025
  **** IP Build 6050500 on Thu Mar  6 23:33:39 MST 2025
  **** SharedData Build 6060542 on Thu Mar 06 10:31:07 MST 2025
  **** Start of session at: Fri Jul  3 16:22:08 2026
    ** Copyright 1986-2022 Xilinx, Inc. All Rights Reserved.
    ** Copyright 2022-2025 Advanced Micro Devices, Inc. All Rights Reserved.

source tanh.tcl -notrace
create_project: Time (s): cpu = 00:00:06 ; elapsed = 00:00:06 . Memory (MB): peak = 624.867 ; gain = 192.484
Command: link_design -top tanh -part xck26-sfvc784-2LV-c
Design is defaulting to srcset: sources_1
Design is defaulting to constrset: constrs_1
INFO: [Device 21-403] Loading part xck26-sfvc784-2LV-c
Netlist sorting complete. Time (s): cpu = 00:00:00 ; elapsed = 00:00:00.002 . Memory (MB): peak = 1668.266 ; gain = 0.000
INFO: [Netlist 29-17] Analyzing 25 Unisim elements for replacement
INFO: [Netlist 29-28] Unisim Transformation completed in 1 CPU seconds
INFO: [Project 1-479] Netlist was created with Vivado 2024.2.2
INFO: [Project 1-570] Preparing netlist for logic optimization
Parsing XDC File [C:/Users/g55wang/lab3_template/constraints.xdc]
INFO: [Vivado 12-2286] Implicit search of objects for pattern 'clk' matched to 'port' objects. [C:/Users/g55wang/lab3_template/constraints.xdc:1]
Resolution: To avoid ambiguous patterns, provide proper objects using get commands e.g. [get_nets xyz].
Finished Parsing XDC File [C:/Users/g55wang/lab3_template/constraints.xdc]
INFO: [Opt 31-138] Pushed 0 inverter(s) to 0 load pin(s).
Netlist sorting complete. Time (s): cpu = 00:00:00 ; elapsed = 00:00:00 . Memory (MB): peak = 2018.375 ; gain = 0.000
INFO: [Project 1-111] Unisim Transformation Summary:
  A total of 25 instances were transformed.
  DSP48E2 => DSP48E2 (DSP_ALU, DSP_A_B_DATA, DSP_C_DATA, DSP_MULTIPLIER, DSP_M_DATA, DSP_OUTPUT, DSP_PREADD, DSP_PREADD_DATA): 7 instances
  IBUF => IBUF (IBUFCTRL, INBUF): 18 instances

8 Infos, 0 Warnings, 0 Critical Warnings and 0 Errors encountered.
link_design completed successfully
link_design: Time (s): cpu = 00:00:15 ; elapsed = 00:00:18 . Memory (MB): peak = 2018.375 ; gain = 1393.508
Command: opt_design
Attempting to get a license for feature 'Implementation' and/or device 'xck26'
INFO: [Common 17-349] Got license for feature 'Implementation' and/or device 'xck26'
Running DRC as a precondition to command opt_design

Starting DRC Task
INFO: [DRC 23-27] Running DRC with 2 threads
INFO: [Project 1-461] DRC finished with 0 Errors
INFO: [Project 1-462] Please refer to the DRC report (report_drc) for more information.

Time (s): cpu = 00:00:02 ; elapsed = 00:00:01 . Memory (MB): peak = 2064.836 ; gain = 46.461

Starting Cache Timing Information Task
INFO: [Timing 38-35] Done setting XDC timing constraints.
Ending Cache Timing Information Task | Checksum: 15f16178e

Time (s): cpu = 00:00:02 ; elapsed = 00:00:03 . Memory (MB): peak = 2382.387 ; gain = 317.551

Starting Logic Optimization Task

Phase 1 Initialization

Phase 1.1 Core Generation And Design Setup
Phase 1.1 Core Generation And Design Setup | Checksum: 15f16178e

Time (s): cpu = 00:00:00 ; elapsed = 00:00:00.002 . Memory (MB): peak = 2806.789 ; gain = 0.000

Phase 1.2 Setup Constraints And Sort Netlist
Phase 1.2 Setup Constraints And Sort Netlist | Checksum: 15f16178e

Time (s): cpu = 00:00:00 ; elapsed = 00:00:00.003 . Memory (MB): peak = 2806.789 ; gain = 0.000
Phase 1 Initialization | Checksum: 15f16178e

Time (s): cpu = 00:00:00 ; elapsed = 00:00:00.004 . Memory (MB): peak = 2806.789 ; gain = 0.000

Phase 2 Timer Update And Timing Data Collection

Phase 2.1 Timer Update
Phase 2.1 Timer Update | Checksum: 15f16178e

Time (s): cpu = 00:00:00 ; elapsed = 00:00:00.062 . Memory (MB): peak = 2806.789 ; gain = 0.000

Phase 2.2 Timing Data Collection
Phase 2.2 Timing Data Collection | Checksum: 15f16178e

Time (s): cpu = 00:00:00 ; elapsed = 00:00:00.066 . Memory (MB): peak = 2806.789 ; gain = 0.000
Phase 2 Timer Update And Timing Data Collection | Checksum: 15f16178e

Time (s): cpu = 00:00:00 ; elapsed = 00:00:00.067 . Memory (MB): peak = 2806.789 ; gain = 0.000

Phase 3 Retarget
INFO: [Opt 31-1851] Number of loadless carry chains removed were: 0
INFO: [Opt 31-1834] Total Chains To Be Transformed Were: 0 AND Number of Transformed insts Created are: 0
INFO: [Opt 31-138] Pushed 0 inverter(s) to 0 load pin(s).
INFO: [Opt 31-49] Retargeted 0 cell(s).
Phase 3 Retarget | Checksum: 15f16178e

Time (s): cpu = 00:00:00 ; elapsed = 00:00:00.076 . Memory (MB): peak = 2806.789 ; gain = 0.000
Retarget | Checksum: 15f16178e
INFO: [Opt 31-389] Phase Retarget created 0 cells and removed 0 cells

Phase 4 Constant propagation
INFO: [Opt 31-138] Pushed 0 inverter(s) to 0 load pin(s).
Phase 4 Constant propagation | Checksum: 15f16178e

Time (s): cpu = 00:00:00 ; elapsed = 00:00:00.078 . Memory (MB): peak = 2806.789 ; gain = 0.000
Constant propagation | Checksum: 15f16178e
INFO: [Opt 31-389] Phase Constant propagation created 0 cells and removed 0 cells

Phase 5 Sweep
INFO: [Constraints 18-11670] Building netlist checker database with flags, 0x8
Done building netlist checker database: Time (s): cpu = 00:00:00 ; elapsed = 00:00:00.001 . Memory (MB): peak = 2806.789 ; gain = 0.000
Phase 5 Sweep | Checksum: 24c8c860c

Time (s): cpu = 00:00:00 ; elapsed = 00:00:00.087 . Memory (MB): peak = 2806.789 ; gain = 0.000
Sweep | Checksum: 24c8c860c
INFO: [Opt 31-389] Phase Sweep created 0 cells and removed 0 cells

Phase 6 BUFG optimization
INFO: [Opt 31-1077] Phase BUFG optimization inserted 0 global clock buffer(s) for CLOCK_LOW_FANOUT.
Phase 6 BUFG optimization | Checksum: 24c8c860c

Time (s): cpu = 00:00:00 ; elapsed = 00:00:00.139 . Memory (MB): peak = 2806.789 ; gain = 0.000
BUFG optimization | Checksum: 24c8c860c
INFO: [Opt 31-662] Phase BUFG optimization created 0 cells of which 0 are BUFGs and removed 0 cells.

Phase 7 Shift Register Optimization
INFO: [Opt 31-1064] SRL Remap converted 0 SRLs to 0 registers and converted 0 registers of register chains to 0 SRLs
Phase 7 Shift Register Optimization | Checksum: 24c8c860c

Time (s): cpu = 00:00:00 ; elapsed = 00:00:00.142 . Memory (MB): peak = 2806.789 ; gain = 0.000
Shift Register Optimization | Checksum: 24c8c860c
INFO: [Opt 31-389] Phase Shift Register Optimization created 0 cells and removed 0 cells

Phase 8 Post Processing Netlist
Phase 8 Post Processing Netlist | Checksum: 24c8c860c

Time (s): cpu = 00:00:00 ; elapsed = 00:00:00.148 . Memory (MB): peak = 2806.789 ; gain = 0.000
Post Processing Netlist | Checksum: 24c8c860c
INFO: [Opt 31-389] Phase Post Processing Netlist created 0 cells and removed 0 cells

Phase 9 Finalization

Phase 9.1 Finalizing Design Cores and Updating Shapes
Phase 9.1 Finalizing Design Cores and Updating Shapes | Checksum: 24c8c860c

Time (s): cpu = 00:00:00 ; elapsed = 00:00:00.152 . Memory (MB): peak = 2806.789 ; gain = 0.000

Phase 9.2 Verifying Netlist Connectivity

Starting Connectivity Check Task

Time (s): cpu = 00:00:00 ; elapsed = 00:00:00.004 . Memory (MB): peak = 2806.789 ; gain = 0.000
Phase 9.2 Verifying Netlist Connectivity | Checksum: 24c8c860c

Time (s): cpu = 00:00:00 ; elapsed = 00:00:00.158 . Memory (MB): peak = 2806.789 ; gain = 0.000
Phase 9 Finalization | Checksum: 24c8c860c

Time (s): cpu = 00:00:00 ; elapsed = 00:00:00.158 . Memory (MB): peak = 2806.789 ; gain = 0.000
Opt_design Change Summary
=========================


-------------------------------------------------------------------------------------------------------------------------
|  Phase                        |  #Cells created  |  #Cells Removed  |  #Constrained objects preventing optimizations  |
-------------------------------------------------------------------------------------------------------------------------
|  Retarget                     |               0  |               0  |                                              0  |
|  Constant propagation         |               0  |               0  |                                              0  |
|  Sweep                        |               0  |               0  |                                              0  |
|  BUFG optimization            |               0  |               0  |                                              0  |
|  Shift Register Optimization  |               0  |               0  |                                              0  |
|  Post Processing Netlist      |               0  |               0  |                                              0  |
-------------------------------------------------------------------------------------------------------------------------


Ending Logic Optimization Task | Checksum: 24c8c860c

Time (s): cpu = 00:00:00 ; elapsed = 00:00:00.159 . Memory (MB): peak = 2806.789 ; gain = 0.000

Starting Power Optimization Task
INFO: [Pwropt 34-132] Skipping clock gating for clocks with a period < 2.00 ns.
Ending Power Optimization Task | Checksum: 24c8c860c

Time (s): cpu = 00:00:00 ; elapsed = 00:00:00.006 . Memory (MB): peak = 2806.789 ; gain = 0.000

Starting Final Cleanup Task
Ending Final Cleanup Task | Checksum: 24c8c860c

Time (s): cpu = 00:00:00 ; elapsed = 00:00:00 . Memory (MB): peak = 2806.789 ; gain = 0.000

Starting Netlist Obfuscation Task
Netlist sorting complete. Time (s): cpu = 00:00:00 ; elapsed = 00:00:00 . Memory (MB): peak = 2806.789 ; gain = 0.000
Ending Netlist Obfuscation Task | Checksum: 24c8c860c

Time (s): cpu = 00:00:00 ; elapsed = 00:00:00.001 . Memory (MB): peak = 2806.789 ; gain = 0.000
INFO: [Common 17-83] Releasing license: Implementation
29 Infos, 0 Warnings, 0 Critical Warnings and 0 Errors encountered.
opt_design completed successfully
opt_design: Time (s): cpu = 00:00:07 ; elapsed = 00:00:07 . Memory (MB): peak = 2806.789 ; gain = 788.414
INFO: [Vivado 12-24828] Executing command : report_drc -file tanh_drc_opted.rpt -pb tanh_drc_opted.pb -rpx tanh_drc_opted.rpx
Command: report_drc -file tanh_drc_opted.rpt -pb tanh_drc_opted.pb -rpx tanh_drc_opted.rpx
INFO: [IP_Flow 19-234] Refreshing IP repositories
INFO: [IP_Flow 19-1704] No user IP repositories specified
INFO: [IP_Flow 19-2313] Loaded Vivado IP repository 'C:/Software/Xilinx/Vivado/2024.2/data/ip'.
INFO: [Timing 38-35] Done setting XDC timing constraints.
INFO: [DRC 23-27] Running DRC with 2 threads
INFO: [Vivado_Tcl 2-168] The results of DRC are in file C:/Users/g55wang/lab3/lab3.runs/impl_1/tanh_drc_opted.rpt.
report_drc completed successfully
report_drc: Time (s): cpu = 00:00:13 ; elapsed = 00:00:12 . Memory (MB): peak = 3946.289 ; gain = 1139.500
generate_parallel_reports: Time (s): cpu = 00:00:13 ; elapsed = 00:00:12 . Memory (MB): peak = 3946.289 ; gain = 1139.500
INFO: [Timing 38-480] Writing timing data to binary archive.
Write ShapeDB Complete: Time (s): cpu = 00:00:00 ; elapsed = 00:00:00.002 . Memory (MB): peak = 3946.289 ; gain = 0.000
INFO: [Common 17-1381] The checkpoint 'C:/Users/g55wang/lab3/lab3.runs/impl_1/tanh_opt.dcp' has been generated.
Command: place_design
Attempting to get a license for feature 'Implementation' and/or device 'xck26'
INFO: [Common 17-349] Got license for feature 'Implementation' and/or device 'xck26'
INFO: [Common 17-83] Releasing license: Implementation
INFO: [DRC 23-27] Running DRC with 2 threads
INFO: [Vivado_Tcl 4-198] DRC finished with 0 Errors
INFO: [Vivado_Tcl 4-199] Please refer to the DRC report (report_drc) for more information.
Running DRC as a precondition to command place_design
INFO: [DRC 23-27] Running DRC with 2 threads
INFO: [Vivado_Tcl 4-198] DRC finished with 0 Errors
INFO: [Vivado_Tcl 4-199] Please refer to the DRC report (report_drc) for more information.
INFO: [Place 30-611] Multithreading enabled for place_design using a maximum of 2 CPUs

Starting Placer Task

Phase 1 Placer Initialization

Phase 1.1 Placer Initialization Netlist Sorting
Netlist sorting complete. Time (s): cpu = 00:00:00 ; elapsed = 00:00:00 . Memory (MB): peak = 3946.289 ; gain = 0.000
Phase 1.1 Placer Initialization Netlist Sorting | Checksum: 15723fd77

Time (s): cpu = 00:00:00 ; elapsed = 00:00:00.002 . Memory (MB): peak = 3946.289 ; gain = 0.000
Netlist sorting complete. Time (s): cpu = 00:00:00 ; elapsed = 00:00:00 . Memory (MB): peak = 3946.289 ; gain = 0.000

Phase 1.2 IO Placement/ Clock Placement/ Build Placer Device
Phase 1.2 IO Placement/ Clock Placement/ Build Placer Device | Checksum: 1781014f8

Time (s): cpu = 00:00:01 ; elapsed = 00:00:00.228 . Memory (MB): peak = 3946.289 ; gain = 0.000

Phase 1.3 Build Placer Netlist Model
Phase 1.3 Build Placer Netlist Model | Checksum: 20fcce535

Time (s): cpu = 00:00:02 ; elapsed = 00:00:00.992 . Memory (MB): peak = 3946.289 ; gain = 0.000

Phase 1.4 Constrain Clocks/Macros
Phase 1.4 Constrain Clocks/Macros | Checksum: 20fcce535

Time (s): cpu = 00:00:02 ; elapsed = 00:00:00.994 . Memory (MB): peak = 3946.289 ; gain = 0.000
Phase 1 Placer Initialization | Checksum: 20fcce535

Time (s): cpu = 00:00:02 ; elapsed = 00:00:00.999 . Memory (MB): peak = 3946.289 ; gain = 0.000

Phase 2 Global Placement

Phase 2.1 Floorplanning

Phase 2.1.1 Partition Driven Placement

Phase 2.1.1.1 PBP: Partition Driven Placement
Phase 2.1.1.1 PBP: Partition Driven Placement | Checksum: 1c06bd4c0

Time (s): cpu = 00:00:02 ; elapsed = 00:00:01 . Memory (MB): peak = 3946.289 ; gain = 0.000

Phase 2.1.1.2 PBP: Clock Region Placement
INFO: [Place 30-3162] Check ILP status : ILP-based clock placer completed successfully.
Phase 2.1.1.2 PBP: Clock Region Placement | Checksum: 250c92dd3

Time (s): cpu = 00:00:02 ; elapsed = 00:00:01 . Memory (MB): peak = 3946.289 ; gain = 0.000

Phase 2.1.1.3 PBP: Compute Congestion
Phase 2.1.1.3 PBP: Compute Congestion | Checksum: 250c92dd3

Time (s): cpu = 00:00:09 ; elapsed = 00:00:05 . Memory (MB): peak = 3946.289 ; gain = 0.000

Phase 2.1.1.4 PBP: UpdateTiming
Phase 2.1.1.4 PBP: UpdateTiming | Checksum: 222ec13ac

Time (s): cpu = 00:00:09 ; elapsed = 00:00:05 . Memory (MB): peak = 3946.289 ; gain = 0.000

Phase 2.1.1.5 PBP: Add part constraints
Phase 2.1.1.5 PBP: Add part constraints | Checksum: 222ec13ac

Time (s): cpu = 00:00:09 ; elapsed = 00:00:05 . Memory (MB): peak = 3946.289 ; gain = 0.000
Phase 2.1.1 Partition Driven Placement | Checksum: 222ec13ac

Time (s): cpu = 00:00:09 ; elapsed = 00:00:05 . Memory (MB): peak = 3946.289 ; gain = 0.000
Phase 2.1 Floorplanning | Checksum: 179bd2721

Time (s): cpu = 00:00:09 ; elapsed = 00:00:05 . Memory (MB): peak = 3946.289 ; gain = 0.000

Phase 2.2 Update Timing before SLR Path Opt
Phase 2.2 Update Timing before SLR Path Opt | Checksum: 179bd2721

Time (s): cpu = 00:00:09 ; elapsed = 00:00:05 . Memory (MB): peak = 3946.289 ; gain = 0.000

Phase 2.3 Post-Processing in Floorplanning
Phase 2.3 Post-Processing in Floorplanning | Checksum: 1ed89bb81

Time (s): cpu = 00:00:09 ; elapsed = 00:00:05 . Memory (MB): peak = 3946.289 ; gain = 0.000

Phase 2.4 Global Place Phase1
Phase 2.4 Global Place Phase1 | Checksum: 20b1c0a8a

Time (s): cpu = 00:00:40 ; elapsed = 00:00:22 . Memory (MB): peak = 3946.289 ; gain = 0.000

Phase 2.5 Global Place Phase2

Phase 2.5.1 UpdateTiming Before Physical Synthesis
Phase 2.5.1 UpdateTiming Before Physical Synthesis | Checksum: 164f283e6

Time (s): cpu = 00:00:40 ; elapsed = 00:00:22 . Memory (MB): peak = 3946.289 ; gain = 0.000

Phase 2.5.2 Physical Synthesis In Placer
INFO: [Physopt 32-1044] Break lutnm for timing: one critical 0, two critical 0, total 0, new lutff created 0
INFO: [Physopt 32-1138] End 1 Pass. Optimized 0 net or LUT. Breaked 0 LUT, combined 0 existing LUT and moved 0 existing LUT
INFO: [Physopt 32-69] No nets found for rewiring optimization.
INFO: [Physopt 32-661] Optimized 0 net.  Re-placed 0 instance.
INFO: [Physopt 32-775] End 1 Pass. Optimized 0 net or cell. Created 0 new cell, deleted 0 existing cell and moved 0 existing cell
INFO: [Physopt 32-65] No nets found for high-fanout optimization.
INFO: [Physopt 32-232] Optimized 0 net. Created 0 new instance.
INFO: [Physopt 32-775] End 1 Pass. Optimized 0 net or cell. Created 0 new cell, deleted 0 existing cell and moved 0 existing cell
INFO: [Physopt 32-457] Pass 1. Identified 11 candidate cells for DSP register optimization.
INFO: [Physopt 32-665] Processed cell u_x_cubed/dsp_i. 14 registers were pushed out.
INFO: [Physopt 32-665] Processed cell u_p1/dsp_i. 14 registers were pushed out.
INFO: [Physopt 32-666] Processed cell u_p1/dsp_i. No change.
INFO: [Physopt 32-665] Processed cell u_p2/dsp_i. 14 registers were pushed out.
INFO: [Physopt 32-666] Processed cell u_p3/dsp_i. No change.
INFO: [Physopt 32-666] Processed cell u_fx/dsp_i. No change.
INFO: [Physopt 32-666] Processed cell u_x_squared/dsp_i. No change.
INFO: [Physopt 32-666] Processed cell u_p4/dsp_i. No change.
INFO: [Physopt 32-666] Processed cell u_p4/dsp_i. No change.
INFO: [Physopt 32-666] Processed cell u_p2/dsp_i. No change.
INFO: [Physopt 32-666] Processed cell u_p3/dsp_i. No change.
INFO: [Physopt 32-457] Pass 2. Identified 2 candidate cells for DSP register optimization.
INFO: [Physopt 32-457] Pass 2. Identified 10 candidate cells for DSP register optimization.
INFO: [Physopt 32-666] Processed cell u_p1/dsp_i. No change.
INFO: [Physopt 32-666] Processed cell u_p3/dsp_i. No change.
INFO: [Physopt 32-666] Processed cell u_fx/dsp_i. No change.
INFO: [Physopt 32-666] Processed cell u_x_squared/dsp_i. No change.
INFO: [Physopt 32-666] Processed cell u_p4/dsp_i. No change.
INFO: [Physopt 32-666] Processed cell u_x_cubed/dsp_i. No change.
INFO: [Physopt 32-666] Processed cell u_p4/dsp_i. No change.
INFO: [Physopt 32-666] Processed cell u_p2/dsp_i. No change.
INFO: [Physopt 32-666] Processed cell u_p2/dsp_i. No change.
INFO: [Physopt 32-666] Processed cell u_p3/dsp_i. No change.
INFO: [Physopt 32-775] End 2 Pass. Optimized 3 nets or cells. Created 42 new cells, deleted 0 existing cell and moved 0 existing cell
Netlist sorting complete. Time (s): cpu = 00:00:00 ; elapsed = 00:00:00.003 . Memory (MB): peak = 3946.289 ; gain = 0.000
INFO: [Physopt 32-1123] No candidate cells found for Shift Register to Pipeline optimization
INFO: [Physopt 32-775] End 2 Pass. Optimized 0 net or cell. Created 0 new cell, deleted 0 existing cell and moved 0 existing cell
INFO: [Physopt 32-1401] No candidate cells found for Shift Register optimization.
INFO: [Physopt 32-677] No candidate cells for Shift Register optimization found in the design
INFO: [Physopt 32-775] End 1 Pass. Optimized 0 net or cell. Created 0 new cell, deleted 0 existing cell and moved 0 existing cell
INFO: [Physopt 32-526] No candidate cells for BRAM register optimization found in the design
INFO: [Physopt 32-775] End 1 Pass. Optimized 0 net or cell. Created 0 new cell, deleted 0 existing cell and moved 0 existing cell
INFO: [Physopt 32-846] No candidate cells for URAM register optimization found in the design
INFO: [Physopt 32-775] End 1 Pass. Optimized 0 net or cell. Created 0 new cell, deleted 0 existing cell and moved 0 existing cell
INFO: [Physopt 32-846] No candidate cells for URAM register optimization found in the design
INFO: [Physopt 32-775] End 1 Pass. Optimized 0 net or cell. Created 0 new cell, deleted 0 existing cell and moved 0 existing cell
INFO: [Physopt 32-949] No candidate nets found for dynamic/static region interface net replication
INFO: [Physopt 32-775] End 1 Pass. Optimized 0 net or cell. Created 0 new cell, deleted 0 existing cell and moved 0 existing cell
Netlist sorting complete. Time (s): cpu = 00:00:00 ; elapsed = 00:00:00 . Memory (MB): peak = 3946.289 ; gain = 0.000

Summary of Physical Synthesis Optimizations
============================================


-----------------------------------------------------------------------------------------------------------------------------------------------------------
|  Optimization                                     |  Added Cells  |  Removed Cells  |  Optimized Cells/Nets  |  Dont Touch  |  Iterations  |  Elapsed   |
-----------------------------------------------------------------------------------------------------------------------------------------------------------
|  LUT Combining                                    |            0  |              0  |                     0  |           0  |           1  |  00:00:00  |
|  Retime                                           |            0  |              0  |                     0  |           0  |           1  |  00:00:00  |
|  Equivalent Driver Rewiring                       |            0  |              0  |                     0  |           0  |           1  |  00:00:00  |
|  Very High Fanout                                 |            0  |              0  |                     0  |           0  |           1  |  00:00:00  |
|  DSP Register                                     |           42  |              0  |                     3  |           0  |           1  |  00:00:03  |
|  Shift Register to Pipeline                       |            0  |              0  |                     0  |           0  |           1  |  00:00:00  |
|  Shift Register                                   |            0  |              0  |                     0  |           0  |           1  |  00:00:00  |
|  BRAM Register                                    |            0  |              0  |                     0  |           0  |           1  |  00:00:00  |
|  URAM Register                                    |            0  |              0  |                     0  |           0  |           1  |  00:00:00  |
|  Dynamic/Static Region Interface Net Replication  |            0  |              0  |                     0  |           0  |           1  |  00:00:00  |
|  Total                                            |           42  |              0  |                     3  |           0  |          10  |  00:00:03  |
-----------------------------------------------------------------------------------------------------------------------------------------------------------


Phase 2.5.2 Physical Synthesis In Placer | Checksum: 1b9919415

Time (s): cpu = 00:00:43 ; elapsed = 00:00:24 . Memory (MB): peak = 3946.289 ; gain = 0.000
Phase 2.5 Global Place Phase2 | Checksum: 18f69eedf

Time (s): cpu = 00:00:51 ; elapsed = 00:00:28 . Memory (MB): peak = 3946.289 ; gain = 0.000
Phase 2 Global Placement | Checksum: 18f69eedf

Time (s): cpu = 00:00:51 ; elapsed = 00:00:28 . Memory (MB): peak = 3946.289 ; gain = 0.000

Phase 3 Detail Placement

Phase 3.1 Commit Multi Column Macros
Phase 3.1 Commit Multi Column Macros | Checksum: 1e140a4e9

Time (s): cpu = 00:00:58 ; elapsed = 00:00:32 . Memory (MB): peak = 3946.289 ; gain = 0.000

Phase 3.2 Commit Most Macros & LUTRAMs
Phase 3.2 Commit Most Macros & LUTRAMs | Checksum: 21775c8fa

Time (s): cpu = 00:00:58 ; elapsed = 00:00:32 . Memory (MB): peak = 3946.289 ; gain = 0.000

Phase 3.3 Small Shape DP

Phase 3.3.1 Small Shape Clustering
Phase 3.3.1 Small Shape Clustering | Checksum: 1b2179712

Time (s): cpu = 00:01:14 ; elapsed = 00:00:41 . Memory (MB): peak = 3946.289 ; gain = 0.000

Phase 3.3.2 Slice Area Swap

Phase 3.3.2.1 Slice Area Swap Initial
Phase 3.3.2.1 Slice Area Swap Initial | Checksum: 2153f5cd4

Time (s): cpu = 00:01:22 ; elapsed = 00:00:46 . Memory (MB): peak = 3946.289 ; gain = 0.000
Phase 3.3.2 Slice Area Swap | Checksum: 2153f5cd4

Time (s): cpu = 00:01:22 ; elapsed = 00:00:46 . Memory (MB): peak = 3946.289 ; gain = 0.000
Phase 3.3 Small Shape DP | Checksum: 23a0d7126

Time (s): cpu = 00:01:37 ; elapsed = 00:00:53 . Memory (MB): peak = 3946.289 ; gain = 0.000

Phase 3.4 Re-assign LUT pins
Phase 3.4 Re-assign LUT pins | Checksum: 23a0d7126

Time (s): cpu = 00:01:37 ; elapsed = 00:00:53 . Memory (MB): peak = 3946.289 ; gain = 0.000

Phase 3.5 Pipeline Register Optimization
Phase 3.5 Pipeline Register Optimization | Checksum: 22ae3eb10

Time (s): cpu = 00:01:37 ; elapsed = 00:00:53 . Memory (MB): peak = 3946.289 ; gain = 0.000

Phase 3.6 Fast Optimization
Phase 3.6 Fast Optimization | Checksum: 1cb372fed

Time (s): cpu = 00:01:38 ; elapsed = 00:00:55 . Memory (MB): peak = 3946.289 ; gain = 0.000
Phase 3 Detail Placement | Checksum: 1cb372fed

Time (s): cpu = 00:01:38 ; elapsed = 00:00:55 . Memory (MB): peak = 3946.289 ; gain = 0.000

Phase 4 Post Placement Optimization and Clean-Up

Phase 4.1 Post Commit Optimization
INFO: [Timing 38-35] Done setting XDC timing constraints.

Phase 4.1.1 Post Placement Optimization
Post Placement Optimization Initialization | Checksum: 23fe26cd8

Phase 4.1.1.1 BUFG Insertion

Starting Physical Synthesis Task

Phase 1 Physical Synthesis Initialization
INFO: [Physopt 32-721] Multithreading enabled for phys_opt_design using a maximum of 2 CPUs
INFO: [Physopt 32-619] Estimated Timing Summary | WNS=-0.238 | TNS=-215.508 |
Phase 1 Physical Synthesis Initialization | Checksum: 1681f0a62

Time (s): cpu = 00:00:00 ; elapsed = 00:00:00.050 . Memory (MB): peak = 3946.289 ; gain = 0.000
INFO: [Place 46-56] BUFG insertion identified 0 candidate nets. Inserted BUFG: 0, Replicated BUFG Driver: 0, Skipped due to Placement/Routing Conflicts: 0, Skipped due to Timing Degradation: 0, Skipped due to netlist editing failed: 0.
Ending Physical Synthesis Task | Checksum: 1de35b479

Time (s): cpu = 00:00:00 ; elapsed = 00:00:00.058 . Memory (MB): peak = 3946.289 ; gain = 0.000
Phase 4.1.1.1 BUFG Insertion | Checksum: 23fe26cd8

Time (s): cpu = 00:01:47 ; elapsed = 00:01:00 . Memory (MB): peak = 3946.289 ; gain = 0.000

Phase 4.1.1.2 Post Placement Timing Optimization
INFO: [Place 30-746] Post Placement Timing Summary WNS=-0.238. For the most accurate timing information please run report_timing.
Phase 4.1.1.2 Post Placement Timing Optimization | Checksum: 1b39bad64

Time (s): cpu = 00:02:07 ; elapsed = 00:01:21 . Memory (MB): peak = 3946.289 ; gain = 0.000

Time (s): cpu = 00:02:07 ; elapsed = 00:01:21 . Memory (MB): peak = 3946.289 ; gain = 0.000
Phase 4.1 Post Commit Optimization | Checksum: 1b39bad64

Time (s): cpu = 00:02:07 ; elapsed = 00:01:21 . Memory (MB): peak = 3946.289 ; gain = 0.000
Netlist sorting complete. Time (s): cpu = 00:00:00 ; elapsed = 00:00:00 . Memory (MB): peak = 3946.289 ; gain = 0.000

Phase 4.2 Post Placement Cleanup
Phase 4.2 Post Placement Cleanup | Checksum: 13b984ab4

Time (s): cpu = 00:02:17 ; elapsed = 00:01:26 . Memory (MB): peak = 3946.289 ; gain = 0.000

Phase 4.3 Placer Reporting

Phase 4.3.1 Print Estimated Congestion
INFO: [Place 30-612] Post-Placement Estimated Congestion 
 ________________________________________________________________________
|           | Global Congestion | Long Congestion   | Short Congestion  |
| Direction | Region Size       | Region Size       | Region Size       |
|___________|___________________|___________________|___________________|
|      North|                1x1|                1x1|                1x1|
|___________|___________________|___________________|___________________|
|      South|                1x1|                1x1|                1x1|
|___________|___________________|___________________|___________________|
|       East|                1x1|                1x1|                1x1|
|___________|___________________|___________________|___________________|
|       West|                1x1|                1x1|                1x1|
|___________|___________________|___________________|___________________|

Phase 4.3.1 Print Estimated Congestion | Checksum: 13b984ab4

Time (s): cpu = 00:02:17 ; elapsed = 00:01:26 . Memory (MB): peak = 3946.289 ; gain = 0.000
Phase 4.3 Placer Reporting | Checksum: 13b984ab4

Time (s): cpu = 00:02:17 ; elapsed = 00:01:26 . Memory (MB): peak = 3946.289 ; gain = 0.000

Phase 4.4 Final Placement Cleanup
Netlist sorting complete. Time (s): cpu = 00:00:00 ; elapsed = 00:00:00 . Memory (MB): peak = 3946.289 ; gain = 0.000

Time (s): cpu = 00:02:17 ; elapsed = 00:01:26 . Memory (MB): peak = 3946.289 ; gain = 0.000
Phase 4 Post Placement Optimization and Clean-Up | Checksum: 189c3bf6c

Time (s): cpu = 00:02:17 ; elapsed = 00:01:26 . Memory (MB): peak = 3946.289 ; gain = 0.000
Ending Placer Task | Checksum: 152951eb9

Time (s): cpu = 00:02:17 ; elapsed = 00:01:26 . Memory (MB): peak = 3946.289 ; gain = 0.000
100 Infos, 0 Warnings, 0 Critical Warnings and 0 Errors encountered.
place_design completed successfully
place_design: Time (s): cpu = 00:02:20 ; elapsed = 00:01:29 . Memory (MB): peak = 3946.289 ; gain = 0.000
INFO: [Vivado 12-24838] Running report commands "report_control_sets, report_io, report_utilization" in parallel.
Running report generation with 2 threads.
INFO: [Vivado 12-24828] Executing command : report_utilization -file tanh_utilization_placed.rpt -pb tanh_utilization_placed.pb
INFO: [Vivado 12-24828] Executing command : report_control_sets -verbose -file tanh_control_sets_placed.rpt
report_control_sets: Time (s): cpu = 00:00:00 ; elapsed = 00:00:00.002 . Memory (MB): peak = 3946.289 ; gain = 0.000
INFO: [Vivado 12-24828] Executing command : report_io -file tanh_io_placed.rpt
report_io: Time (s): cpu = 00:00:00 ; elapsed = 00:00:00.089 . Memory (MB): peak = 3946.289 ; gain = 0.000
INFO: [Timing 38-480] Writing timing data to binary archive.
Write ShapeDB Complete: Time (s): cpu = 00:00:00 ; elapsed = 00:00:00.002 . Memory (MB): peak = 3946.289 ; gain = 0.000
Wrote PlaceDB: Time (s): cpu = 00:00:00 ; elapsed = 00:00:00.046 . Memory (MB): peak = 3946.289 ; gain = 0.000
Wrote PulsedLatchDB: Time (s): cpu = 00:00:00 ; elapsed = 00:00:00 . Memory (MB): peak = 3946.289 ; gain = 0.000
Writing XDEF routing.
Writing XDEF routing logical nets.
Writing XDEF routing special nets.
Wrote RouteStorage: Time (s): cpu = 00:00:00 ; elapsed = 00:00:00.049 . Memory (MB): peak = 3946.289 ; gain = 0.000
Wrote Netlist Cache: Time (s): cpu = 00:00:00 ; elapsed = 00:00:00.002 . Memory (MB): peak = 3946.289 ; gain = 0.000
Wrote Device Cache: Time (s): cpu = 00:00:00 ; elapsed = 00:00:00.020 . Memory (MB): peak = 3946.289 ; gain = 0.000
Write Physdb Complete: Time (s): cpu = 00:00:00 ; elapsed = 00:00:00.135 . Memory (MB): peak = 3946.289 ; gain = 0.000
INFO: [Common 17-1381] The checkpoint 'C:/Users/g55wang/lab3/lab3.runs/impl_1/tanh_placed.dcp' has been generated.
Command: phys_opt_design
Attempting to get a license for feature 'Implementation' and/or device 'xck26'
INFO: [Common 17-349] Got license for feature 'Implementation' and/or device 'xck26'

Starting Initial Update Timing Task

Time (s): cpu = 00:00:01 ; elapsed = 00:00:00.276 . Memory (MB): peak = 3946.289 ; gain = 0.000
INFO: [Vivado_Tcl 4-1435] PhysOpt_Tcl_Interface Runtime Before Starting Physical Synthesis Task | CPU: 1.00s |  WALL: 0.30s
Netlist sorting complete. Time (s): cpu = 00:00:00 ; elapsed = 00:00:00 . Memory (MB): peak = 3946.289 ; gain = 0.000

Starting Physical Synthesis Task

Phase 1 Physical Synthesis Initialization
INFO: [Physopt 32-721] Multithreading enabled for phys_opt_design using a maximum of 2 CPUs
INFO: [Place 30-3162] Check ILP status : ILP-based clock placer completed successfully.
INFO: [Physopt 32-619] Estimated Timing Summary | WNS=-0.238 | TNS=-215.304 |
Phase 1 Physical Synthesis Initialization | Checksum: 13aae22e3

Time (s): cpu = 00:00:00 ; elapsed = 00:00:00.502 . Memory (MB): peak = 3946.289 ; gain = 0.000
INFO: [Physopt 32-619] Estimated Timing Summary | WNS=-0.238 | TNS=-215.304 |

Phase 2 DSP Register Optimization
INFO: [Physopt 32-456] No candidate cells for DSP register optimization found in the design.
INFO: [Physopt 32-775] End 2 Pass. Optimized 0 net or cell. Created 0 new cell, deleted 0 existing cell and moved 0 existing cell
Phase 2 DSP Register Optimization | Checksum: 13aae22e3

Time (s): cpu = 00:00:01 ; elapsed = 00:00:00.530 . Memory (MB): peak = 3946.289 ; gain = 0.000

Phase 3 Critical Path Optimization
INFO: [Physopt 32-619] Estimated Timing Summary | WNS=-0.238 | TNS=-215.304 |
INFO: [Physopt 32-702] Processed net u_fx/dsp_i/DSP_M_DATA.V_DATA<0>. Optimizations did not improve timing on the net.
INFO: [Physopt 32-702] Processed net u_fx/dsp_i/DSP_PREADD_DATA.A2A1<9>. Optimizations did not improve timing on the net.
INFO: [Physopt 32-702] Processed net u_fx/dsp_i/DSP_MULTIPLIER.U<10>. Optimizations did not improve timing on the net.
INFO: [Physopt 32-702] Processed net clk_IBUF_inst/OUT. Optimizations did not improve timing on the net.
INFO: [Physopt 32-702] Processed net clk. Optimizations did not improve timing on the net.
INFO: [Physopt 32-702] Processed net u_fx/dsp_i/DSP_M_DATA.V_DATA<0>. Optimizations did not improve timing on the net.
INFO: [Physopt 32-702] Processed net u_fx/dsp_i/DSP_PREADD_DATA.A2A1<9>. Optimizations did not improve timing on the net.
INFO: [Physopt 32-702] Processed net u_fx/dsp_i/DSP_MULTIPLIER.U<10>. Optimizations did not improve timing on the net.
INFO: [Physopt 32-702] Processed net clk_IBUF_inst/OUT. Optimizations did not improve timing on the net.
INFO: [Physopt 32-702] Processed net clk. Optimizations did not improve timing on the net.
INFO: [Physopt 32-619] Estimated Timing Summary | WNS=-0.238 | TNS=-215.304 |
Netlist sorting complete. Time (s): cpu = 00:00:00 ; elapsed = 00:00:00 . Memory (MB): peak = 3946.289 ; gain = 0.000
Phase 3 Critical Path Optimization | Checksum: 13aae22e3

Time (s): cpu = 00:00:01 ; elapsed = 00:00:00.544 . Memory (MB): peak = 3946.289 ; gain = 0.000
Netlist sorting complete. Time (s): cpu = 00:00:00 ; elapsed = 00:00:00 . Memory (MB): peak = 3946.289 ; gain = 0.000
Netlist sorting complete. Time (s): cpu = 00:00:00 ; elapsed = 00:00:00 . Memory (MB): peak = 3946.289 ; gain = 0.000
INFO: [Physopt 32-603] Post Physical Optimization Timing Summary | WNS=-0.238 | TNS=-215.304 |

Summary of Physical Synthesis Optimizations
============================================


-------------------------------------------------------------------------------------------------------------------------------------------------------------
|  Optimization   |  WNS Gain (ns)  |  TNS Gain (ns)  |  Added Cells  |  Removed Cells  |  Optimized Cells/Nets  |  Dont Touch  |  Iterations  |  Elapsed   |
-------------------------------------------------------------------------------------------------------------------------------------------------------------
|  DSP Register   |          0.000  |          0.000  |            0  |              0  |                     0  |           0  |           1  |  00:00:00  |
|  Critical Path  |          0.000  |          0.000  |            0  |              0  |                     0  |           0  |           1  |  00:00:00  |
|  Total          |          0.000  |          0.000  |            0  |              0  |                     0  |           0  |           2  |  00:00:00  |
-------------------------------------------------------------------------------------------------------------------------------------------------------------


Netlist sorting complete. Time (s): cpu = 00:00:00 ; elapsed = 00:00:00 . Memory (MB): peak = 3946.289 ; gain = 0.000
Ending Physical Synthesis Task | Checksum: 144653591

Time (s): cpu = 00:00:01 ; elapsed = 00:00:00.590 . Memory (MB): peak = 3946.289 ; gain = 0.000
INFO: [Common 17-83] Releasing license: Implementation
128 Infos, 0 Warnings, 0 Critical Warnings and 0 Errors encountered.
phys_opt_design completed successfully
INFO: [Timing 38-480] Writing timing data to binary archive.
Write ShapeDB Complete: Time (s): cpu = 00:00:00 ; elapsed = 00:00:00.004 . Memory (MB): peak = 3946.289 ; gain = 0.000
Wrote PlaceDB: Time (s): cpu = 00:00:00 ; elapsed = 00:00:00.044 . Memory (MB): peak = 3946.289 ; gain = 0.000
Wrote PulsedLatchDB: Time (s): cpu = 00:00:00 ; elapsed = 00:00:00 . Memory (MB): peak = 3946.289 ; gain = 0.000
Writing XDEF routing.
Writing XDEF routing logical nets.
Writing XDEF routing special nets.
Wrote RouteStorage: Time (s): cpu = 00:00:00 ; elapsed = 00:00:00.042 . Memory (MB): peak = 3946.289 ; gain = 0.000
Wrote Netlist Cache: Time (s): cpu = 00:00:00 ; elapsed = 00:00:00.001 . Memory (MB): peak = 3946.289 ; gain = 0.000
Wrote Device Cache: Time (s): cpu = 00:00:00 ; elapsed = 00:00:00.018 . Memory (MB): peak = 3946.289 ; gain = 0.000
Write Physdb Complete: Time (s): cpu = 00:00:00 ; elapsed = 00:00:00.117 . Memory (MB): peak = 3946.289 ; gain = 0.000
INFO: [Common 17-1381] The checkpoint 'C:/Users/g55wang/lab3/lab3.runs/impl_1/tanh_physopt.dcp' has been generated.
Command: route_design
Attempting to get a license for feature 'Implementation' and/or device 'xck26'
INFO: [Common 17-349] Got license for feature 'Implementation' and/or device 'xck26'


Starting Routing Task
INFO: [Route 35-254] Multithreading enabled for route_design using a maximum of 2 CPUs

Phase 1 Build RT Design
Checksum: PlaceDB: 737483f2 ConstDB: 0 ShapeSum: 2113e63b RouteDB: 4e14239c
Nodegraph reading from file.  Time (s): cpu = 00:00:01 ; elapsed = 00:00:00.652 . Memory (MB): peak = 3946.289 ; gain = 0.000
Post Restoration Checksum: NetGraph: 7823eea | NumContArr: a6683655 | Constraints: 1eef2843 | Timing: c2a8fa9d
Phase 1 Build RT Design | Checksum: 18f82981f

Time (s): cpu = 00:00:03 ; elapsed = 00:00:03 . Memory (MB): peak = 3946.289 ; gain = 0.000

Phase 2 Router Initialization

Phase 2.1 Fix Topology Constraints
Phase 2.1 Fix Topology Constraints | Checksum: 18f82981f

Time (s): cpu = 00:00:03 ; elapsed = 00:00:03 . Memory (MB): peak = 3946.289 ; gain = 0.000

Phase 2.2 Pre Route Cleanup
Phase 2.2 Pre Route Cleanup | Checksum: 18f82981f

Time (s): cpu = 00:00:03 ; elapsed = 00:00:03 . Memory (MB): peak = 3946.289 ; gain = 0.000

Phase 2.3 Global Clock Net Routing
 Number of Nodes with overlaps = 0
Phase 2.3 Global Clock Net Routing | Checksum: 1d3a5f03f

Time (s): cpu = 00:00:03 ; elapsed = 00:00:03 . Memory (MB): peak = 3946.289 ; gain = 0.000

Phase 2.4 Update Timing
Phase 2.4 Update Timing | Checksum: 15cbf0c34

Time (s): cpu = 00:00:04 ; elapsed = 00:00:03 . Memory (MB): peak = 3946.289 ; gain = 0.000
INFO: [Route 35-416] Intermediate Timing Summary | WNS=-0.238 | TNS=-213.980| WHS=0.008  | THS=0.000  |


Router Utilization Summary
  Global Vertical Routing Utilization    = 0 %
  Global Horizontal Routing Utilization  = 0 %
  Routable Net Status*
  *Does not include unroutable nets such as driverless and loadless.
  Run report_route_status for detailed report.
  Number of Failed Nets               = 444
    (Failed Nets is the sum of unrouted and partially routed nets)
  Number of Unrouted Nets             = 444
  Number of Partially Routed Nets     = 0
  Number of Node Overlaps             = 0

Phase 2 Router Initialization | Checksum: f37a29b6

Time (s): cpu = 00:00:05 ; elapsed = 00:00:04 . Memory (MB): peak = 3946.289 ; gain = 0.000

Phase 3 Global Routing
Phase 3 Global Routing | Checksum: f37a29b6

Time (s): cpu = 00:00:05 ; elapsed = 00:00:04 . Memory (MB): peak = 3946.289 ; gain = 0.000

Phase 4 Initial Routing

Phase 4.1 Initial Net Routing Pass
Phase 4.1 Initial Net Routing Pass | Checksum: 1b4cc7b7b

Time (s): cpu = 00:00:05 ; elapsed = 00:00:04 . Memory (MB): peak = 3946.289 ; gain = 0.000
Phase 4 Initial Routing | Checksum: 16f7dbe9c

Time (s): cpu = 00:00:05 ; elapsed = 00:00:04 . Memory (MB): peak = 3946.289 ; gain = 0.000

Phase 5 Rip-up And Reroute

Phase 5.1 Global Iteration 0
 Number of Nodes with overlaps = 78
 Number of Nodes with overlaps = 33
 Number of Nodes with overlaps = 7
 Number of Nodes with overlaps = 1
 Number of Nodes with overlaps = 1
 Number of Nodes with overlaps = 1
 Number of Nodes with overlaps = 0
INFO: [Route 35-416] Intermediate Timing Summary | WNS=-0.238 | TNS=-220.320| WHS=0.032  | THS=0.000  |

Phase 5.1 Global Iteration 0 | Checksum: 1dfbe235b

Time (s): cpu = 00:00:06 ; elapsed = 00:00:05 . Memory (MB): peak = 3946.289 ; gain = 0.000

Phase 5.2 Global Iteration 1
 Number of Nodes with overlaps = 2
 Number of Nodes with overlaps = 0
INFO: [Route 35-416] Intermediate Timing Summary | WNS=-0.238 | TNS=-220.107| WHS=N/A    | THS=N/A    |

Phase 5.2 Global Iteration 1 | Checksum: 11bb978c1

Time (s): cpu = 00:00:07 ; elapsed = 00:00:05 . Memory (MB): peak = 3946.289 ; gain = 0.000
Phase 5 Rip-up And Reroute | Checksum: 11bb978c1

Time (s): cpu = 00:00:07 ; elapsed = 00:00:05 . Memory (MB): peak = 3946.289 ; gain = 0.000

Phase 6 Delay and Skew Optimization

Phase 6.1 Delay CleanUp
INFO: [Route 35-416] Intermediate Timing Summary | WNS=-0.238 | TNS=-220.107| WHS=0.032  | THS=0.000  |

INFO: [Route 35-416] Intermediate Timing Summary | WNS=-0.238 | TNS=-220.107| WHS=0.032  | THS=0.000  |

Phase 6.1 Delay CleanUp | Checksum: d33713cf

Time (s): cpu = 00:00:07 ; elapsed = 00:00:05 . Memory (MB): peak = 3946.289 ; gain = 0.000

Phase 6.2 Clock Skew Optimization
Phase 6.2 Clock Skew Optimization | Checksum: d33713cf

Time (s): cpu = 00:00:07 ; elapsed = 00:00:05 . Memory (MB): peak = 3946.289 ; gain = 0.000
Phase 6 Delay and Skew Optimization | Checksum: d33713cf

Time (s): cpu = 00:00:07 ; elapsed = 00:00:05 . Memory (MB): peak = 3946.289 ; gain = 0.000

Phase 7 Post Hold Fix

Phase 7.1 Hold Fix Iter
INFO: [Route 35-416] Intermediate Timing Summary | WNS=-0.238 | TNS=-220.107| WHS=0.032  | THS=0.000  |

Phase 7.1 Hold Fix Iter | Checksum: d33713cf

Time (s): cpu = 00:00:07 ; elapsed = 00:00:05 . Memory (MB): peak = 3946.289 ; gain = 0.000
Phase 7 Post Hold Fix | Checksum: d33713cf

Time (s): cpu = 00:00:07 ; elapsed = 00:00:05 . Memory (MB): peak = 3946.289 ; gain = 0.000

Phase 8 Route finalize

Router Utilization Summary
  Global Vertical Routing Utilization    = 0.061713 %
  Global Horizontal Routing Utilization  = 0.0373811 %
  Routable Net Status*
  *Does not include unroutable nets such as driverless and loadless.
  Run report_route_status for detailed report.
  Number of Failed Nets               = 0
    (Failed Nets is the sum of unrouted and partially routed nets)
  Number of Unrouted Nets             = 0
  Number of Partially Routed Nets     = 0
  Number of Node Overlaps             = 0


--GLOBAL Congestion:
Utilization threshold used for congestion level computation: 0.85
Congestion Report
North Dir 1x1 Area, Max Cong = 24.8826%, No Congested Regions.
South Dir 1x1 Area, Max Cong = 30.3318%, No Congested Regions.
East Dir 1x1 Area, Max Cong = 17.3077%, No Congested Regions.
West Dir 1x1 Area, Max Cong = 23.0769%, No Congested Regions.

------------------------------
Reporting congestion hotspots
------------------------------
Direction: North
----------------
Congested clusters found at Level 0
Effective congestion level: 0 Aspect Ratio: 1 Sparse Ratio: 0
Direction: South
----------------
Congested clusters found at Level 0
Effective congestion level: 0 Aspect Ratio: 1 Sparse Ratio: 0
Direction: East
----------------
Congested clusters found at Level 0
Effective congestion level: 0 Aspect Ratio: 1 Sparse Ratio: 0
Direction: West
----------------
Congested clusters found at Level 0
Effective congestion level: 0 Aspect Ratio: 1 Sparse Ratio: 0

Phase 8 Route finalize | Checksum: d33713cf

Time (s): cpu = 00:00:07 ; elapsed = 00:00:05 . Memory (MB): peak = 3946.289 ; gain = 0.000

Phase 9 Verifying routed nets

 Verification completed successfully
Phase 9 Verifying routed nets | Checksum: d33713cf

Time (s): cpu = 00:00:07 ; elapsed = 00:00:05 . Memory (MB): peak = 3946.289 ; gain = 0.000

Phase 10 Depositing Routes
Phase 10 Depositing Routes | Checksum: d33713cf

Time (s): cpu = 00:00:07 ; elapsed = 00:00:05 . Memory (MB): peak = 3946.289 ; gain = 0.000

Phase 11 Resolve XTalk
Phase 11 Resolve XTalk | Checksum: d33713cf

Time (s): cpu = 00:00:07 ; elapsed = 00:00:05 . Memory (MB): peak = 3946.289 ; gain = 0.000

Phase 12 Post Process Routing
Phase 12 Post Process Routing | Checksum: d33713cf

Time (s): cpu = 00:00:07 ; elapsed = 00:00:05 . Memory (MB): peak = 3946.289 ; gain = 0.000

Phase 13 Post Router Timing
INFO: [Route 35-57] Estimated Timing Summary | WNS=-0.238 | TNS=-220.107| WHS=0.032  | THS=0.000  |

WARNING: [Route 35-328] Router estimated timing not met.
Resolution: For a complete and accurate timing signoff, report_timing_summary must be run after route_design. Alternatively, route_design can be run with the -timing_summary option to enable a complete timing signoff at the end of route_design.
Phase 13 Post Router Timing | Checksum: d33713cf

Time (s): cpu = 00:00:07 ; elapsed = 00:00:05 . Memory (MB): peak = 3946.289 ; gain = 0.000
Time taken to check if laguna hold fix is required (in secs): 0

Phase 14 Physical Synthesis in Router

Phase 14.1 Physical Synthesis Initialization
INFO: [Physopt 32-668] Current Timing Summary | WNS=-0.238 | TNS=-220.035 | WHS=0.033 | THS=0.000 |
Phase 14.1 Physical Synthesis Initialization | Checksum: d33713cf

Time (s): cpu = 00:00:10 ; elapsed = 00:00:08 . Memory (MB): peak = 3946.289 ; gain = 0.000

Phase 14.2 Critical Path Optimization
INFO: [Physopt 32-668] Current Timing Summary | WNS=-0.238 | TNS=-220.035 | WHS=0.033 | THS=0.000 |
INFO: [Physopt 32-952] Improved path group WNS = -0.238. Path group: clk. Processed net: u_x_cubed/dsp_i/DSP_M_DATA.V_DATA<0>.
INFO: [Physopt 32-952] Improved path group WNS = -0.238. Path group: clk. Processed net: u_p4/dsp_i/DSP_M_DATA.V_DATA<0>.
INFO: [Physopt 32-952] Improved path group WNS = -0.238. Path group: clk. Processed net: u_p4/dsp_i/DSP_M_DATA.V_DATA<0>.
INFO: [Physopt 32-953] Path group WNS did not improve. Path group: clk. Processed net: u_x_cubed/dsp_i/DSP_M_DATA.V_DATA<0>.
INFO: [Physopt 32-952] Improved path group WNS = -0.238. Path group: clk. Processed net: u_x_cubed/dsp_i/DSP_PREADD_DATA.A2A1<9>.
INFO: [Physopt 32-952] Improved path group WNS = -0.238. Path group: clk. Processed net: u_p4/dsp_i/DSP_M_DATA.V_DATA<0>.
INFO: [Physopt 32-952] Improved path group WNS = -0.238. Path group: clk. Processed net: u_x_cubed/dsp_i/DSP_PREADD_DATA.A2A1<9>.
INFO: [Physopt 32-952] Improved path group WNS = -0.238. Path group: clk. Processed net: u_p4/dsp_i/DSP_M_DATA.V_DATA<0>.
INFO: [Physopt 32-952] Improved path group WNS = -0.238. Path group: clk. Processed net: u_x_cubed/dsp_i/DSP_PREADD_DATA.A2A1<9>.
INFO: [Physopt 32-952] Improved path group WNS = -0.238. Path group: clk. Processed net: u_p4/dsp_i/DSP_M_DATA.V_DATA<0>.
INFO: [Physopt 32-952] Improved path group WNS = -0.238. Path group: clk. Processed net: u_x_cubed/dsp_i/DSP_PREADD_DATA.A2A1<9>.
INFO: [Physopt 32-668] Current Timing Summary | WNS=-0.238 | TNS=-219.211 | WHS=0.033 | THS=0.000 |
Netlist sorting complete. Time (s): cpu = 00:00:00 ; elapsed = 00:00:00 . Memory (MB): peak = 3946.289 ; gain = 0.000
Phase 14.2 Critical Path Optimization | Checksum: 16fa58ad1

Time (s): cpu = 00:00:10 ; elapsed = 00:00:08 . Memory (MB): peak = 3946.289 ; gain = 0.000
Netlist sorting complete. Time (s): cpu = 00:00:00 ; elapsed = 00:00:00 . Memory (MB): peak = 3946.289 ; gain = 0.000
INFO: [Physopt 32-669] Post Physical Optimization Timing Summary | WNS=-0.238 | TNS=-219.211 | WHS=0.033 | THS=0.000 |
Phase 14 Physical Synthesis in Router | Checksum: 21cd4d17c

Time (s): cpu = 00:00:10 ; elapsed = 00:00:08 . Memory (MB): peak = 3946.289 ; gain = 0.000
Total Elapsed time in route_design: 8.074 secs

Phase 15 Post-Route Event Processing
Phase 15 Post-Route Event Processing | Checksum: 819b5b4b

Time (s): cpu = 00:00:10 ; elapsed = 00:00:08 . Memory (MB): peak = 3946.289 ; gain = 0.000
INFO: [Route 35-16] Router Completed Successfully
Ending Routing Task | Checksum: 819b5b4b

Time (s): cpu = 00:00:10 ; elapsed = 00:00:08 . Memory (MB): peak = 3946.289 ; gain = 0.000

Routing Is Done.
INFO: [Common 17-83] Releasing license: Implementation
156 Infos, 1 Warnings, 0 Critical Warnings and 0 Errors encountered.
route_design completed successfully
route_design: Time (s): cpu = 00:00:10 ; elapsed = 00:00:08 . Memory (MB): peak = 3946.289 ; gain = 0.000
INFO: [Vivado 12-24828] Executing command : report_drc -file tanh_drc_routed.rpt -pb tanh_drc_routed.pb -rpx tanh_drc_routed.rpx
Command: report_drc -file tanh_drc_routed.rpt -pb tanh_drc_routed.pb -rpx tanh_drc_routed.rpx
INFO: [IP_Flow 19-1839] IP Catalog is up to date.
INFO: [DRC 23-27] Running DRC with 2 threads
INFO: [Vivado_Tcl 2-168] The results of DRC are in file C:/Users/g55wang/lab3/lab3.runs/impl_1/tanh_drc_routed.rpt.
report_drc completed successfully
INFO: [Vivado 12-24828] Executing command : report_methodology -file tanh_methodology_drc_routed.rpt -pb tanh_methodology_drc_routed.pb -rpx tanh_methodology_drc_routed.rpx
Command: report_methodology -file tanh_methodology_drc_routed.rpt -pb tanh_methodology_drc_routed.pb -rpx tanh_methodology_drc_routed.rpx
INFO: [Timing 38-35] Done setting XDC timing constraints.
INFO: [DRC 23-133] Running Methodology with 2 threads
INFO: [Vivado_Tcl 2-1520] The results of Report Methodology are in file C:/Users/g55wang/lab3/lab3.runs/impl_1/tanh_methodology_drc_routed.rpt.
report_methodology completed successfully
INFO: [Vivado 12-24828] Executing command : report_timing_summary -max_paths 10 -report_unconstrained -file tanh_timing_summary_routed.rpt -pb tanh_timing_summary_routed.pb -rpx tanh_timing_summary_routed.rpx -warn_on_violation 
INFO: [Timing 38-35] Done setting XDC timing constraints.
INFO: [Timing 38-91] UpdateTimingParams: Speed grade: -2LV, Temperature grade: C, Delay Type: min_max.
INFO: [Timing 38-191] Multithreading enabled for timing update using a maximum of 2 CPUs
CRITICAL WARNING: [Timing 38-282] The design failed to meet the timing requirements. Please see the timing summary report for details on the timing violations.
INFO: [Vivado 12-24838] Running report commands "report_incremental_reuse, report_route_status" in parallel.
Running report generation with 2 threads.
INFO: [Vivado 12-24828] Executing command : report_incremental_reuse -file tanh_incremental_reuse_routed.rpt
INFO: [Vivado_Tcl 4-1062] Incremental flow is disabled. No incremental reuse Info to report.
INFO: [Vivado 12-24828] Executing command : report_route_status -file tanh_route_status.rpt -pb tanh_route_status.pb
INFO: [Vivado 12-24828] Executing command : report_power -file tanh_power_routed.rpt -pb tanh_power_summary_routed.pb -rpx tanh_power_routed.rpx
Command: report_power -file tanh_power_routed.rpt -pb tanh_power_summary_routed.pb -rpx tanh_power_routed.rpx
Running Vector-less Activity Propagation...

Finished Running Vector-less Activity Propagation
173 Infos, 1 Warnings, 1 Critical Warnings and 0 Errors encountered.
report_power completed successfully
INFO: [Vivado 12-24828] Executing command : report_clock_utilization -file tanh_clock_utilization_routed.rpt
INFO: [Vivado 12-24828] Executing command : report_bus_skew -warn_on_violation -file tanh_bus_skew_routed.rpt -pb tanh_bus_skew_routed.pb -rpx tanh_bus_skew_routed.rpx
INFO: [Timing 38-91] UpdateTimingParams: Speed grade: -2LV, Temperature grade: C, Delay Type: min_max.
INFO: [Timing 38-191] Multithreading enabled for timing update using a maximum of 2 CPUs
generate_parallel_reports: Time (s): cpu = 00:00:13 ; elapsed = 00:00:09 . Memory (MB): peak = 3946.289 ; gain = 0.000
INFO: [Timing 38-480] Writing timing data to binary archive.
Write ShapeDB Complete: Time (s): cpu = 00:00:00 ; elapsed = 00:00:00.004 . Memory (MB): peak = 3946.289 ; gain = 0.000
Wrote PlaceDB: Time (s): cpu = 00:00:01 ; elapsed = 00:00:00.071 . Memory (MB): peak = 3946.289 ; gain = 0.000
Wrote PulsedLatchDB: Time (s): cpu = 00:00:00 ; elapsed = 00:00:00 . Memory (MB): peak = 3946.289 ; gain = 0.000
Writing XDEF routing.
Writing XDEF routing logical nets.
Writing XDEF routing special nets.
Wrote RouteStorage: Time (s): cpu = 00:00:00 ; elapsed = 00:00:00.051 . Memory (MB): peak = 3946.289 ; gain = 0.000
Wrote Netlist Cache: Time (s): cpu = 00:00:00 ; elapsed = 00:00:00.001 . Memory (MB): peak = 3946.289 ; gain = 0.000
Wrote Device Cache: Time (s): cpu = 00:00:00 ; elapsed = 00:00:00.018 . Memory (MB): peak = 3946.289 ; gain = 0.000
Write Physdb Complete: Time (s): cpu = 00:00:01 ; elapsed = 00:00:00.153 . Memory (MB): peak = 3946.289 ; gain = 0.000
INFO: [Common 17-1381] The checkpoint 'C:/Users/g55wang/lab3/lab3.runs/impl_1/tanh_routed.dcp' has been generated.
INFO: [Common 17-206] Exiting Vivado at Fri Jul  3 16:24:42 2026...
